Archive member included to satisfy reference by file (symbol)

/Users/DBY/Metro_SemesterV-VI/ARM-FREERTOS/Worshop/lpc_board_nxp_lpcxpresso_1549/Debug/liblpc_board_nxp_lpcxpresso_1549.a(board.o)
                              ./src/lab2_02.o (Board_UARTPutChar)
/Users/DBY/Metro_SemesterV-VI/ARM-FREERTOS/Worshop/lpc_board_nxp_lpcxpresso_1549/Debug/liblpc_board_nxp_lpcxpresso_1549.a(board_sysinit.o)
                              ./src/sysinit.o (Board_SystemInit)
/Users/DBY/Metro_SemesterV-VI/ARM-FREERTOS/Worshop/lpc_chip_15xx/Debug/liblpc_chip_15xx.a(chip_15xx.o)
                              ./src/lab2_02.o (SystemCoreClockUpdate)
/Users/DBY/Metro_SemesterV-VI/ARM-FREERTOS/Worshop/lpc_chip_15xx/Debug/liblpc_chip_15xx.a(clock_15xx.o)
                              /Users/DBY/Metro_SemesterV-VI/ARM-FREERTOS/Worshop/lpc_board_nxp_lpcxpresso_1549/Debug/liblpc_board_nxp_lpcxpresso_1549.a(board.o) (Chip_Clock_GetMainClockRate)
/Users/DBY/Metro_SemesterV-VI/ARM-FREERTOS/Worshop/lpc_chip_15xx/Debug/liblpc_chip_15xx.a(gpio_15xx.o)
                              /Users/DBY/Metro_SemesterV-VI/ARM-FREERTOS/Worshop/lpc_board_nxp_lpcxpresso_1549/Debug/liblpc_board_nxp_lpcxpresso_1549.a(board.o) (Chip_GPIO_Init)
/Users/DBY/Metro_SemesterV-VI/ARM-FREERTOS/Worshop/lpc_chip_15xx/Debug/liblpc_chip_15xx.a(iocon_15xx.o)
                              /Users/DBY/Metro_SemesterV-VI/ARM-FREERTOS/Worshop/lpc_board_nxp_lpcxpresso_1549/Debug/liblpc_board_nxp_lpcxpresso_1549.a(board_sysinit.o) (Chip_IOCON_SetPinMuxing)
/Users/DBY/Metro_SemesterV-VI/ARM-FREERTOS/Worshop/lpc_chip_15xx/Debug/liblpc_chip_15xx.a(sct_15xx.o)
                              ./src/lab2_02.o (Chip_SCT_Init)
/Users/DBY/Metro_SemesterV-VI/ARM-FREERTOS/Worshop/lpc_chip_15xx/Debug/liblpc_chip_15xx.a(swm_15xx.o)
                              /Users/DBY/Metro_SemesterV-VI/ARM-FREERTOS/Worshop/lpc_board_nxp_lpcxpresso_1549/Debug/liblpc_board_nxp_lpcxpresso_1549.a(board.o) (Chip_SWM_MovablePinAssign)
/Users/DBY/Metro_SemesterV-VI/ARM-FREERTOS/Worshop/lpc_chip_15xx/Debug/liblpc_chip_15xx.a(sysctl_15xx.o)
                              /Users/DBY/Metro_SemesterV-VI/ARM-FREERTOS/Worshop/lpc_board_nxp_lpcxpresso_1549/Debug/liblpc_board_nxp_lpcxpresso_1549.a(board_sysinit.o) (Chip_SYSCTL_AssertPeriphReset)
/Users/DBY/Metro_SemesterV-VI/ARM-FREERTOS/Worshop/lpc_chip_15xx/Debug/liblpc_chip_15xx.a(sysinit_15xx.o)
                              /Users/DBY/Metro_SemesterV-VI/ARM-FREERTOS/Worshop/lpc_board_nxp_lpcxpresso_1549/Debug/liblpc_board_nxp_lpcxpresso_1549.a(board_sysinit.o) (Chip_SetupXtalClocking)
/Users/DBY/Metro_SemesterV-VI/ARM-FREERTOS/Worshop/lpc_chip_15xx/Debug/liblpc_chip_15xx.a(uart_15xx.o)
                              /Users/DBY/Metro_SemesterV-VI/ARM-FREERTOS/Worshop/lpc_board_nxp_lpcxpresso_1549/Debug/liblpc_board_nxp_lpcxpresso_1549.a(board.o) (Chip_UART_Init)
/Users/DBY/Metro_SemesterV-VI/ARM-FREERTOS/Worshop/lpc_chip_15xx/Debug/liblpc_chip_15xx.a(ring_buffer.o)
                              /Users/DBY/Metro_SemesterV-VI/ARM-FREERTOS/Worshop/lpc_chip_15xx/Debug/liblpc_chip_15xx.a(uart_15xx.o) (RingBuffer_Insert)
/Users/DBY/Metro_SemesterV-VI/ARM-FREERTOS/Worshop/FreeRTOS/Debug/libFreeRTOS.a(queue.o)
                              ./src/lab2_02.o (xQueueGenericCreate)
/Users/DBY/Metro_SemesterV-VI/ARM-FREERTOS/Worshop/FreeRTOS/Debug/libFreeRTOS.a(tasks.o)
                              ./src/lab2_02.o (xTaskCreate)
/Users/DBY/Metro_SemesterV-VI/ARM-FREERTOS/Worshop/FreeRTOS/Debug/libFreeRTOS.a(heap_3.o)
                              /Users/DBY/Metro_SemesterV-VI/ARM-FREERTOS/Worshop/FreeRTOS/Debug/libFreeRTOS.a(queue.o) (pvPortMalloc)
/Users/DBY/Metro_SemesterV-VI/ARM-FREERTOS/Worshop/FreeRTOS/Debug/libFreeRTOS.a(port.o)
                              /Users/DBY/Metro_SemesterV-VI/ARM-FREERTOS/Worshop/FreeRTOS/Debug/libFreeRTOS.a(tasks.o) (pxPortInitialiseStack)
/Users/DBY/Metro_SemesterV-VI/ARM-FREERTOS/Worshop/FreeRTOS/Debug/libFreeRTOS.a(FreeRTOSCommonHooks.o)
                              /Users/DBY/Metro_SemesterV-VI/ARM-FREERTOS/Worshop/FreeRTOS/Debug/libFreeRTOS.a(heap_3.o) (vApplicationMallocFailedHook)
/Users/DBY/Metro_SemesterV-VI/ARM-FREERTOS/Worshop/FreeRTOS/Debug/libFreeRTOS.a(list.o)
                              /Users/DBY/Metro_SemesterV-VI/ARM-FREERTOS/Worshop/FreeRTOS/Debug/libFreeRTOS.a(queue.o) (vListInitialise)
/Applications/MCUXpressoIDE_11.6.1_8255/ide/plugins/com.nxp.mcuxpresso.tools.macosx_11.6.1.202207200623/tools/bin/../lib/gcc/arm-none-eabi/10.3.1/thumb/v7-m/nofp/libgcc.a(_arm_muldf3.o)
                              ./src/heap_lock_monitor.o (__aeabi_dmul)
/Applications/MCUXpressoIDE_11.6.1_8255/ide/plugins/com.nxp.mcuxpresso.tools.macosx_11.6.1.202207200623/tools/bin/../lib/gcc/arm-none-eabi/10.3.1/thumb/v7-m/nofp/libgcc.a(_arm_addsubdf3.o)
                              ./src/heap_lock_monitor.o (__aeabi_ui2d)
[...]
Memory Configuration

Name             Origin             Length             Attributes
MFlash256        0x0000000000000000 0x0000000000040000 xr
Ram0_16          0x0000000002000000 0x0000000000004000 xrw
Ram1_16          0x0000000002004000 0x0000000000004000 xrw
Ram2_4           0x0000000002008000 0x0000000000001000 xrw
*default*        0x0000000000000000 0xffffffffffffffff

Linker script and memory map

LOAD ./src/DigitalIoPin.o
LOAD ./src/cr_cpp_config.o
LOAD ./src/cr_startup_lpc15xx.o
LOAD ./src/crp.o
LOAD ./src/heap_lock_monitor.o
LOAD ./src/lab2_02.o
LOAD ./src/sysinit.o
LOAD /Users/DBY/Metro_SemesterV-VI/ARM-FREERTOS/Worshop/lpc_board_nxp_lpcxpresso_1549/Debug/liblpc_board_nxp_lpcxpresso_1549.a
LOAD /Users/DBY/Metro_SemesterV-VI/ARM-FREERTOS/Worshop/lpc_chip_15xx/Debug/liblpc_chip_15xx.a
LOAD /Users/DBY/Metro_SemesterV-VI/ARM-FREERTOS/Worshop/FreeRTOS/Debug/libFreeRTOS.a
START GROUP
LOAD /Applications/MCUXpressoIDE_11.6.1_8255/ide/plugins/com.nxp.mcuxpresso.tools.macosx_11.6.1.202207200623/tools/bin/../lib/gcc/arm-none-eabi/10.3.1/thumb/v7-m/nofp/libgcc.a
LOAD /Applications/MCUXpressoIDE_11.6.1_8255/ide/plugins/com.nxp.mcuxpresso.tools.macosx_11.6.1.202207200623/tools/bin/../lib/gcc/arm-none-eabi/10.3.1/../../../../arm-none-eabi/lib/thumb/v7-m/nofp/libc.a
LOAD /Applications/MCUXpressoIDE_11.6.1_8255/ide/plugins/com.nxp.mcuxpresso.tools.macosx_11.6.1.202207200623/tools/bin/../lib/gcc/arm-none-eabi/10.3.1/../../../../arm-none-eabi/lib/thumb/v7-m/nofp/libstdc++.a
LOAD /Applications/MCUXpressoIDE_11.6.1_8255/ide/plugins/com.nxp.mcuxpresso.tools.macosx_11.6.1.202207200623/tools/bin/../lib/gcc/arm-none-eabi/10.3.1/../../../../arm-none-eabi/lib/thumb/v7-m/nofp/libm.a
LOAD /Applications/MCUXpressoIDE_11.6.1_8255/ide/plugins/com.nxp.mcuxpresso.tools.macosx_11.6.1.202207200623/tools/bin/../lib/gcc/arm-none-eabi/10.3.1/../../../../arm-none-eabi/lib/thumb/v7-m/nofp/libcr_newlib_nohost.a
LOAD /Applications/MCUXpressoIDE_11.6.1_8255/ide/plugins/com.nxp.mcuxpresso.tools.macosx_11.6.1.202207200623/tools/bin/../lib/gcc/arm-none-eabi/10.3.1/thumb/v7-m/nofp/crti.o
LOAD /Applications/MCUXpressoIDE_11.6.1_8255/ide/plugins/com.nxp.mcuxpresso.tools.macosx_11.6.1.202207200623/tools/bin/../lib/gcc/arm-none-eabi/10.3.1/thumb/v7-m/nofp/crtn.o
LOAD /Applications/MCUXpressoIDE_11.6.1_8255/ide/plugins/com.nxp.mcuxpresso.tools.macosx_11.6.1.202207200623/tools/bin/../lib/gcc/arm-none-eabi/10.3.1/thumb/v7-m/nofp/crtbegin.o
LOAD /Applications/MCUXpressoIDE_11.6.1_8255/ide/plugins/com.nxp.mcuxpresso.tools.macosx_11.6.1.202207200623/tools/bin/../lib/gcc/arm-none-eabi/10.3.1/thumb/v7-m/nofp/crtend.o
END GROUP
                0x0000000000000000                __base_MFlash256 = 0x0
                0x0000000000000000                __base_Flash = 0x0
                0x0000000000040000                __top_MFlash256 = 0x40000
                0x0000000000040000                __top_Flash = 0x40000
                0x0000000002000000                __base_Ram0_16 = 0x2000000
                0x0000000002000000                __base_RAM = 0x2000000
                0x0000000002004000                __top_Ram0_16 = 0x2004000
                0x0000000002004000                __top_RAM = 0x2004000
                0x0000000002004000                __base_Ram1_16 = 0x2004000
                0x0000000002004000                __base_RAM2 = 0x2004000
                0x0000000002008000                __top_Ram1_16 = 0x2008000
                0x0000000002008000                __top_RAM2 = 0x2008000
                0x0000000002008000                __base_Ram2_4 = 0x2008000
                0x0000000002008000                __base_RAM3 = 0x2008000
                0x0000000002009000                __top_Ram2_4 = 0x2009000
                0x0000000002009000                __top_RAM3 = 0x2009000

.text           0x0000000000000000     0x4314
 FILL mask 0xff
                0x0000000000000000                __vectors_start__ = ABSOLUTE (.)
 *(.isr_vector)
 .isr_vector    0x0000000000000000       0xfc ./src/cr_startup_lpc15xx.o
                0x0000000000000000                g_pfnVectors
                0x00000000000000fc                . = ALIGN (0x4)
                0x00000000000000fc                __section_table_start = .
                0x00000000000000fc                __data_section_table = .
                0x00000000000000fc        0x4 LONG 0x431c LOADADDR (.data)
                0x0000000000000100        0x4 LONG 0x2000000 ADDR (.data)
                0x0000000000000104        0x4 LONG 0x840 SIZEOF (.data)
                0x0000000000000108        0x4 LONG 0x431c LOADADDR (.data_RAM2)
                0x000000000000010c        0x4 LONG 0x2004000 ADDR (.data_RAM2)
                0x0000000000000110        0x4 LONG 0x0 SIZEOF (.data_RAM2)
                0x0000000000000114        0x4 LONG 0x431c LOADADDR (.data_RAM3)
                0x0000000000000118        0x4 LONG 0x2008000 ADDR (.data_RAM3)
                0x000000000000011c        0x4 LONG 0x0 SIZEOF (.data_RAM3)
                0x0000000000000120                __data_section_table_end = .
                0x0000000000000120                __bss_section_table = .
                0x0000000000000120        0x4 LONG 0x2000840 ADDR (.bss)
                0x0000000000000124        0x4 LONG 0x1ac SIZEOF (.bss)
                0x0000000000000128        0x4 LONG 0x2004000 ADDR (.bss_RAM2)
                0x000000000000012c        0x4 LONG 0x0 SIZEOF (.bss_RAM2)
                0x0000000000000130        0x4 LONG 0x2008000 ADDR (.bss_RAM3)
                0x0000000000000134        0x4 LONG 0x0 SIZEOF (.bss_RAM3)
                0x0000000000000138                __bss_section_table_end = .
                0x0000000000000138                __section_table_end = .
 *(.after_vectors*)
 .after_vectors
                0x0000000000000138      0x140 ./src/cr_startup_lpc15xx.o
                0x0000000000000138                data_init(unsigned int, unsigned int, unsigned int)
                0x000000000000017a                bss_init(unsigned int, unsigned int)
                0x00000000000001b0                ResetISR
                0x000000000000023c                NMI_Handler
                0x0000000000000242                HardFault_Handler
                0x0000000000000248                MemManage_Handler
                0x000000000000024e                BusFault_Handler
                0x0000000000000254                UsageFault_Handler
                0x0000000000000260                DebugMon_Handler
                0x0000000000000272                UART0_IRQHandler
                0x0000000000000272                SPI1_IRQHandler
                0x0000000000000272                PIN_INT6_IRQHandler
                0x0000000000000272                IntDefaultHandler
                0x0000000000000272                PIN_INT4_IRQHandler
                0x0000000000000272                CAN_IRQHandler
                0x0000000000000272                RTC_ALARM_IRQHandler
                0x0000000000000272                ADC1B_IRQHandler
                0x0000000000000272                ADC1_OVR_IRQHandler
                0x0000000000000272                USBWakeup_IRQHandler
                0x0000000000000272                UART2_IRQHandler
                0x0000000000000272                PIN_INT5_IRQHandler
                0x0000000000000272                SCT1_IRQHandler
                0x0000000000000272                PIN_INT2_IRQHandler
                0x0000000000000272                USB_FIQHandler
                0x0000000000000272                SCT3_IRQHandler
                0x0000000000000272                PIN_INT7_IRQHandler
                0x0000000000000272                PIN_INT1_IRQHandler
                0x0000000000000272                USB_IRQHandler
                0x0000000000000272                BOD_IRQHandler
                0x0000000000000272                ADC0B_IRQHandler
                0x0000000000000272                ACMP0_IRQHandler
                0x0000000000000272                WDT_IRQHandler
                0x0000000000000272                PIN_INT0_IRQHandler
                0x0000000000000272                QEI_IRQHandler
                0x0000000000000272                ACMP3_IRQHandler
                0x0000000000000272                GINT0_IRQHandler
                0x0000000000000272                DAC_IRQHandler
                0x0000000000000272                SPI0_IRQHandler
                0x0000000000000272                EEPROM_IRQHandler
                0x0000000000000272                ACMP2_IRQHandler
                0x0000000000000272                ADC1A_IRQHandler
                0x0000000000000272                DMA_IRQHandler
                0x0000000000000272                PIN_INT3_IRQHandler
                0x0000000000000272                ACMP1_IRQHandler
                0x0000000000000272                ADC0A_IRQHandler
                0x0000000000000272                FMC_IRQHandler
                0x0000000000000272                GINT1_IRQHandler
                0x0000000000000272                SCT0_IRQHandler
                0x0000000000000272                ADC0_THCMP_IRQHandler
                0x0000000000000272                RIT_IRQHandler
                0x0000000000000272                I2C0_IRQHandler
                0x0000000000000272                ADC0_OVR_IRQHandler
                0x0000000000000272                ADC1_THCMP_IRQHandler
                0x0000000000000272                SCT2_IRQHandler
                0x0000000000000272                MRT_IRQHandler
                0x0000000000000272                UART1_IRQHandler
                0x0000000000000272                RTC_WAKE_IRQHandler
 *(.text*)
 .text.heap_monitor_setup
                0x0000000000000278       0x50 ./src/heap_lock_monitor.o
                0x0000000000000278                heap_monitor_setup
 .text.heap_monitor_update
                0x00000000000002c8       0x74 ./src/heap_lock_monitor.o
                0x00000000000002c8                heap_monitor_update
 .text.__malloc_lock
                0x000000000000033c       0x14 ./src/heap_lock_monitor.o
                0x000000000000033c                __malloc_lock
 .text.__malloc_unlock
                0x0000000000000350       0x18 ./src/heap_lock_monitor.o
                0x0000000000000350                __malloc_unlock
 .text._ZL16prvSetupHardwarev
                0x0000000000000368       0x18 ./src/lab2_02.o
 .text._ZL13vReadFromUartPv
                0x0000000000000380       0x4c ./src/lab2_02.o
 .text._ZL9vBlinkLedPv
                0x00000000000003cc       0x48 ./src/lab2_02.o
 .text.main     0x0000000000000414       0x68 ./src/lab2_02.o
                0x0000000000000414                main
 .text.SystemInit
                0x000000000000047c        0xc ./src/sysinit.o
                0x000000000000047c                SystemInit
 .text.Chip_IOCON_PinMuxSet
                0x0000000000000488       0x2c /Users/DBY/Metro_SemesterV-VI/ARM-FREERTOS/Worshop/lpc_board_nxp_lpcxpresso_1549/Debug/liblpc_board_nxp_lpcxpresso_1549.a(board.o)
 .text.Chip_SWM_MovablePortPinAssign
                0x00000000000004b4       0x30 /Users/DBY/Metro_SemesterV-VI/ARM-FREERTOS/Worshop/lpc_board_nxp_lpcxpresso_1549/Debug/liblpc_board_nxp_lpcxpresso_1549.a(board.o)
 .text.Chip_GPIO_SetPinState
                0x00000000000004e4       0x36 /Users/DBY/Metro_SemesterV-VI/ARM-FREERTOS/Worshop/lpc_board_nxp_lpcxpresso_1549/Debug/liblpc_board_nxp_lpcxpresso_1549.a(board.o)
 .text.Chip_GPIO_SetPinDIROutput
                0x000000000000051a       0x3c /Users/DBY/Metro_SemesterV-VI/ARM-FREERTOS/Worshop/lpc_board_nxp_lpcxpresso_1549/Debug/liblpc_board_nxp_lpcxpresso_1549.a(board.o)
 .text.Chip_UART_Enable
                0x0000000000000556       0x1e /Users/DBY/Metro_SemesterV-VI/ARM-FREERTOS/Worshop/lpc_board_nxp_lpcxpresso_1549/Debug/liblpc_board_nxp_lpcxpresso_1549.a(board.o)
 .text.Chip_UART_TXEnable
                0x0000000000000574       0x1e /Users/DBY/Metro_SemesterV-VI/ARM-FREERTOS/Worshop/lpc_board_nxp_lpcxpresso_1549/Debug/liblpc_board_nxp_lpcxpresso_1549.a(board.o)
 .text.Chip_UART_ConfigData
                0x0000000000000592       0x28 /Users/DBY/Metro_SemesterV-VI/ARM-FREERTOS/Worshop/lpc_board_nxp_lpcxpresso_1549/Debug/liblpc_board_nxp_lpcxpresso_1549.a(board.o)
 *fill*         0x00000000000005ba        0x2 ff
 .text.Board_UARTPutChar
                0x00000000000005bc       0x24 /Users/DBY/Metro_SemesterV-VI/ARM-FREERTOS/Worshop/lpc_board_nxp_lpcxpresso_1549/Debug/liblpc_board_nxp_lpcxpresso_1549.a(board.o)
                0x00000000000005bc                Board_UARTPutChar
 .text.Board_UARTGetChar
                0x00000000000005e0       0x2c /Users/DBY/Metro_SemesterV-VI/ARM-FREERTOS/Worshop/lpc_board_nxp_lpcxpresso_1549/Debug/liblpc_board_nxp_lpcxpresso_1549.a(board.o)
                0x00000000000005e0                Board_UARTGetChar
 .text.Board_Debug_Init
                0x000000000000060c       0x70 /Users/DBY/Metro_SemesterV-VI/ARM-FREERTOS/Worshop/lpc_board_nxp_lpcxpresso_1549/Debug/liblpc_board_nxp_lpcxpresso_1549.a(board.o)
                0x000000000000060c                Board_Debug_Init
 .text.Board_LED_Init
                0x000000000000067c       0x60 /Users/DBY/Metro_SemesterV-VI/ARM-FREERTOS/Worshop/lpc_board_nxp_lpcxpresso_1549/Debug/liblpc_board_nxp_lpcxpresso_1549.a(board.o)
 .text.Board_LED_Set
                0x00000000000006dc       0x54 /Users/DBY/Metro_SemesterV-VI/ARM-FREERTOS/Worshop/lpc_board_nxp_lpcxpresso_1549/Debug/liblpc_board_nxp_lpcxpresso_1549.a(board.o)
                0x00000000000006dc                Board_LED_Set
 .text.Board_Init
                0x0000000000000730       0x18 /Users/DBY/Metro_SemesterV-VI/ARM-FREERTOS/Worshop/lpc_board_nxp_lpcxpresso_1549/Debug/liblpc_board_nxp_lpcxpresso_1549.a(board.o)
                0x0000000000000730                Board_Init
 .text.Chip_SYSCTL_PeriphReset
                0x0000000000000748       0x22 /Users/DBY/Metro_SemesterV-VI/ARM-FREERTOS/Worshop/lpc_board_nxp_lpcxpresso_1549/Debug/liblpc_board_nxp_lpcxpresso_1549.a(board_sysinit.o)
 *fill*         0x000000000000076a        0x2 ff
 .text.Chip_Clock_SetUSBPLLSource
                0x000000000000076c       0x20 /Users/DBY/Metro_SemesterV-VI/ARM-FREERTOS/Worshop/lpc_board_nxp_lpcxpresso_1549/Debug/liblpc_board_nxp_lpcxpresso_1549.a(board_sysinit.o)
 .text.Chip_Clock_SetupUSBPLL
                0x000000000000078c       0x34 /Users/DBY/Metro_SemesterV-VI/ARM-FREERTOS/Worshop/lpc_board_nxp_lpcxpresso_1549/Debug/liblpc_board_nxp_lpcxpresso_1549.a(board_sysinit.o)
 .text.Chip_Clock_IsUSBPLLLocked
                0x00000000000007c0       0x24 /Users/DBY/Metro_SemesterV-VI/ARM-FREERTOS/Worshop/lpc_board_nxp_lpcxpresso_1549/Debug/liblpc_board_nxp_lpcxpresso_1549.a(board_sysinit.o)
 .text.Chip_Clock_SetSysTickClockDiv
                0x00000000000007e4       0x20 /Users/DBY/Metro_SemesterV-VI/ARM-FREERTOS/Worshop/lpc_board_nxp_lpcxpresso_1549/Debug/liblpc_board_nxp_lpcxpresso_1549.a(board_sysinit.o)
 .text.Chip_SWM_MovablePortPinAssign
                0x0000000000000804       0x30 /Users/DBY/Metro_SemesterV-VI/ARM-FREERTOS/Worshop/lpc_board_nxp_lpcxpresso_1549/Debug/liblpc_board_nxp_lpcxpresso_1549.a(board_sysinit.o)
 .text.Board_SetupMuxing
                0x0000000000000834       0x84 /Users/DBY/Metro_SemesterV-VI/ARM-FREERTOS/Worshop/lpc_board_nxp_lpcxpresso_1549/Debug/liblpc_board_nxp_lpcxpresso_1549.a(board_sysinit.o)
                0x0000000000000834                Board_SetupMuxing
 .text.Board_SetupClocking
                0x00000000000008b8       0x3a /Users/DBY/Metro_SemesterV-VI/ARM-FREERTOS/Worshop/lpc_board_nxp_lpcxpresso_1549/Debug/liblpc_board_nxp_lpcxpresso_1549.a(board_sysinit.o)
                0x00000000000008b8                Board_SetupClocking
 *fill*         0x00000000000008f2        0x2 ff
 .text.Board_SystemInit
                0x00000000000008f4       0x1c /Users/DBY/Metro_SemesterV-VI/ARM-FREERTOS/Worshop/lpc_board_nxp_lpcxpresso_1549/Debug/liblpc_board_nxp_lpcxpresso_1549.a(board_sysinit.o)
                0x00000000000008f4                Board_SystemInit
 .text.SystemCoreClockUpdate
                0x0000000000000910       0x18 /Users/DBY/Metro_SemesterV-VI/ARM-FREERTOS/Worshop/lpc_chip_15xx/Debug/liblpc_chip_15xx.a(chip_15xx.o)
                0x0000000000000910                SystemCoreClockUpdate
 .text.Chip_Clock_SetMain_A_ClockSource
                0x0000000000000928       0x20 /Users/DBY/Metro_SemesterV-VI/ARM-FREERTOS/Worshop/lpc_chip_15xx/Debug/liblpc_chip_15xx.a(clock_15xx.o)
 .text.Chip_Clock_GetMain_A_ClockSource
                0x0000000000000948       0x18 /Users/DBY/Metro_SemesterV-VI/ARM-FREERTOS/Worshop/lpc_chip_15xx/Debug/liblpc_chip_15xx.a(clock_15xx.o)
 .text.Chip_Clock_SetMain_B_ClockSource
                0x0000000000000960       0x20 /Users/DBY/Metro_SemesterV-VI/ARM-FREERTOS/Worshop/lpc_chip_15xx/Debug/liblpc_chip_15xx.a(clock_15xx.o)
 .text.Chip_Clock_GetMain_B_ClockSource
                0x0000000000000980       0x18 /Users/DBY/Metro_SemesterV-VI/ARM-FREERTOS/Worshop/lpc_chip_15xx/Debug/liblpc_chip_15xx.a(clock_15xx.o)
 .text.Chip_Clock_SetUARTFRGDivider
                0x0000000000000998       0x20 /Users/DBY/Metro_SemesterV-VI/ARM-FREERTOS/Worshop/lpc_chip_15xx/Debug/liblpc_chip_15xx.a(clock_15xx.o)
 .text.Chip_Clock_GetUARTFRGDivider
                0x00000000000009b8       0x18 /Users/DBY/Metro_SemesterV-VI/ARM-FREERTOS/Worshop/lpc_chip_15xx/Debug/liblpc_chip_15xx.a(clock_15xx.o)
 .text.Chip_Clock_GetMainOscRate
                0x00000000000009d0       0x14 /Users/DBY/Metro_SemesterV-VI/ARM-FREERTOS/Worshop/lpc_chip_15xx/Debug/liblpc_chip_15xx.a(clock_15xx.o)
 .text.Chip_Clock_GetIntOscRate
                0x00000000000009e4       0x14 /Users/DBY/Metro_SemesterV-VI/ARM-FREERTOS/Worshop/lpc_chip_15xx/Debug/liblpc_chip_15xx.a(clock_15xx.o)
 .text.Chip_Clock_GetRTCOscRate
                0x00000000000009f8       0x14 /Users/DBY/Metro_SemesterV-VI/ARM-FREERTOS/Worshop/lpc_chip_15xx/Debug/liblpc_chip_15xx.a(clock_15xx.o)
 .text.Chip_Clock_GetWDTOSCRate
                0x0000000000000a0c       0x14 /Users/DBY/Metro_SemesterV-VI/ARM-FREERTOS/Worshop/lpc_chip_15xx/Debug/liblpc_chip_15xx.a(clock_15xx.o)
 .text.Chip_Clock_GetPLLFreq
                0x0000000000000a20       0x26 /Users/DBY/Metro_SemesterV-VI/ARM-FREERTOS/Worshop/lpc_chip_15xx/Debug/liblpc_chip_15xx.a(clock_15xx.o)
 .text.Chip_Clock_GetPLLInClockRate
                0x0000000000000a46       0x38 /Users/DBY/Metro_SemesterV-VI/ARM-FREERTOS/Worshop/lpc_chip_15xx/Debug/liblpc_chip_15xx.a(clock_15xx.o)
 *fill*         0x0000000000000a7e        0x2 ff
 .text.Chip_Clock_GetSystemPLLInClockRate
                0x0000000000000a80       0x1c /Users/DBY/Metro_SemesterV-VI/ARM-FREERTOS/Worshop/lpc_chip_15xx/Debug/liblpc_chip_15xx.a(clock_15xx.o)
                0x0000000000000a80                Chip_Clock_GetSystemPLLInClockRate
 .text.Chip_Clock_GetSystemPLLOutClockRate
                0x0000000000000a9c       0x24 /Users/DBY/Metro_SemesterV-VI/ARM-FREERTOS/Worshop/lpc_chip_15xx/Debug/liblpc_chip_15xx.a(clock_15xx.o)
                0x0000000000000a9c                Chip_Clock_GetSystemPLLOutClockRate
 .text.Chip_Clock_GetMain_A_ClockRate
                0x0000000000000ac0       0x4a /Users/DBY/Metro_SemesterV-VI/ARM-FREERTOS/Worshop/lpc_chip_15xx/Debug/liblpc_chip_15xx.a(clock_15xx.o)
                0x0000000000000ac0                Chip_Clock_GetMain_A_ClockRate
 *fill*         0x0000000000000b0a        0x2 ff
 .text.Chip_Clock_GetMain_B_ClockRate
                0x0000000000000b0c       0x58 /Users/DBY/Metro_SemesterV-VI/ARM-FREERTOS/Worshop/lpc_chip_15xx/Debug/liblpc_chip_15xx.a(clock_15xx.o)
                0x0000000000000b0c                Chip_Clock_GetMain_B_ClockRate
 .text.Chip_Clock_SetMainClockSource
                0x0000000000000b64       0x3c /Users/DBY/Metro_SemesterV-VI/ARM-FREERTOS/Worshop/lpc_chip_15xx/Debug/liblpc_chip_15xx.a(clock_15xx.o)
                0x0000000000000b64                Chip_Clock_SetMainClockSource
 .text.Chip_Clock_GetMainClockRate
                0x0000000000000ba0       0x28 /Users/DBY/Metro_SemesterV-VI/ARM-FREERTOS/Worshop/lpc_chip_15xx/Debug/liblpc_chip_15xx.a(clock_15xx.o)
                0x0000000000000ba0                Chip_Clock_GetMainClockRate
 .text.Chip_Clock_EnablePeriphClock
                0x0000000000000bc8       0x58 /Users/DBY/Metro_SemesterV-VI/ARM-FREERTOS/Worshop/lpc_chip_15xx/Debug/liblpc_chip_15xx.a(clock_15xx.o)
                0x0000000000000bc8                Chip_Clock_EnablePeriphClock
 .text.Chip_Clock_GetUARTBaseClockRate
                0x0000000000000c20       0x94 /Users/DBY/Metro_SemesterV-VI/ARM-FREERTOS/Worshop/lpc_chip_15xx/Debug/liblpc_chip_15xx.a(clock_15xx.o)
                0x0000000000000c20                Chip_Clock_GetUARTBaseClockRate
 .text.Chip_Clock_SetUARTBaseClockRate
                0x0000000000000cb4       0xac /Users/DBY/Metro_SemesterV-VI/ARM-FREERTOS/Worshop/lpc_chip_15xx/Debug/liblpc_chip_15xx.a(clock_15xx.o)
                0x0000000000000cb4                Chip_Clock_SetUARTBaseClockRate
 .text.Chip_Clock_GetSystemClockRate
                0x0000000000000d60       0x1c /Users/DBY/Metro_SemesterV-VI/ARM-FREERTOS/Worshop/lpc_chip_15xx/Debug/liblpc_chip_15xx.a(clock_15xx.o)
                0x0000000000000d60                Chip_Clock_GetSystemClockRate
 .text.Chip_SYSCTL_PeriphReset
                0x0000000000000d7c       0x22 /Users/DBY/Metro_SemesterV-VI/ARM-FREERTOS/Worshop/lpc_chip_15xx/Debug/liblpc_chip_15xx.a(gpio_15xx.o)
 .text.Chip_GPIO_Init
                0x0000000000000d9e       0x2e /Users/DBY/Metro_SemesterV-VI/ARM-FREERTOS/Worshop/lpc_chip_15xx/Debug/liblpc_chip_15xx.a(gpio_15xx.o)
                0x0000000000000d9e                Chip_GPIO_Init
 .text.Chip_IOCON_PinMuxSet
                0x0000000000000dcc       0x2c /Users/DBY/Metro_SemesterV-VI/ARM-FREERTOS/Worshop/lpc_chip_15xx/Debug/liblpc_chip_15xx.a(iocon_15xx.o)
 .text.Chip_IOCON_SetPinMuxing
                0x0000000000000df8       0x50 /Users/DBY/Metro_SemesterV-VI/ARM-FREERTOS/Worshop/lpc_chip_15xx/Debug/liblpc_chip_15xx.a(iocon_15xx.o)
                0x0000000000000df8                Chip_IOCON_SetPinMuxing
 .text.Chip_SWM_MovablePinAssign
                0x0000000000000e48       0x5c /Users/DBY/Metro_SemesterV-VI/ARM-FREERTOS/Worshop/lpc_chip_15xx/Debug/liblpc_chip_15xx.a(swm_15xx.o)
                0x0000000000000e48                Chip_SWM_MovablePinAssign
 .text.Chip_SYSCTL_AssertPeriphReset
                0x0000000000000ea4       0x4c /Users/DBY/Metro_SemesterV-VI/ARM-FREERTOS/Worshop/lpc_chip_15xx/Debug/liblpc_chip_15xx.a(sysctl_15xx.o)
                0x0000000000000ea4                Chip_SYSCTL_AssertPeriphReset
 .text.Chip_SYSCTL_DeassertPeriphReset
                0x0000000000000ef0       0x50 /Users/DBY/Metro_SemesterV-VI/ARM-FREERTOS/Worshop/lpc_chip_15xx/Debug/liblpc_chip_15xx.a(sysctl_15xx.o)
                0x0000000000000ef0                Chip_SYSCTL_DeassertPeriphReset
 .text.Chip_SYSCTL_PowerDown
                0x0000000000000f40       0x40 /Users/DBY/Metro_SemesterV-VI/ARM-FREERTOS/Worshop/lpc_chip_15xx/Debug/liblpc_chip_15xx.a(sysctl_15xx.o)
                0x0000000000000f40                Chip_SYSCTL_PowerDown
 .text.Chip_SYSCTL_PowerUp
                0x0000000000000f80       0x40 /Users/DBY/Metro_SemesterV-VI/ARM-FREERTOS/Worshop/lpc_chip_15xx/Debug/liblpc_chip_15xx.a(sysctl_15xx.o)
                0x0000000000000f80                Chip_SYSCTL_PowerUp
 .text.Chip_FMC_SetFLASHAccess
                0x0000000000000fc0       0x38 /Users/DBY/Metro_SemesterV-VI/ARM-FREERTOS/Worshop/lpc_chip_15xx/Debug/liblpc_chip_15xx.a(sysinit_15xx.o)
 .text.Chip_Clock_SetSystemPLLSource
                0x0000000000000ff8       0x20 /Users/DBY/Metro_SemesterV-VI/ARM-FREERTOS/Worshop/lpc_chip_15xx/Debug/liblpc_chip_15xx.a(sysinit_15xx.o)
 .text.Chip_Clock_SetupSystemPLL
                0x0000000000001018       0x34 /Users/DBY/Metro_SemesterV-VI/ARM-FREERTOS/Worshop/lpc_chip_15xx/Debug/liblpc_chip_15xx.a(sysinit_15xx.o)
 .text.Chip_Clock_IsSystemPLLLocked
                0x000000000000104c       0x24 /Users/DBY/Metro_SemesterV-VI/ARM-FREERTOS/Worshop/lpc_chip_15xx/Debug/liblpc_chip_15xx.a(sysinit_15xx.o)
 .text.Chip_Clock_SetSysClockDiv
                0x0000000000001070       0x20 /Users/DBY/Metro_SemesterV-VI/ARM-FREERTOS/Worshop/lpc_chip_15xx/Debug/liblpc_chip_15xx.a(sysinit_15xx.o)
 .text.Chip_SetupXtalClocking
                0x0000000000001090       0x6c /Users/DBY/Metro_SemesterV-VI/ARM-FREERTOS/Worshop/lpc_chip_15xx/Debug/liblpc_chip_15xx.a(sysinit_15xx.o)
                0x0000000000001090                Chip_SetupXtalClocking
 .text.Chip_SYSCTL_PeriphReset
                0x00000000000010fc       0x22 /Users/DBY/Metro_SemesterV-VI/ARM-FREERTOS/Worshop/lpc_chip_15xx/Debug/liblpc_chip_15xx.a(uart_15xx.o)
 .text.Chip_UART_SendByte
                0x000000000000111e       0x1c /Users/DBY/Metro_SemesterV-VI/ARM-FREERTOS/Worshop/lpc_chip_15xx/Debug/liblpc_chip_15xx.a(uart_15xx.o)
 .text.Chip_UART_ReadByte
                0x000000000000113a       0x1a /Users/DBY/Metro_SemesterV-VI/ARM-FREERTOS/Worshop/lpc_chip_15xx/Debug/liblpc_chip_15xx.a(uart_15xx.o)
 .text.Chip_UART_GetStatus
                0x0000000000001154       0x16 /Users/DBY/Metro_SemesterV-VI/ARM-FREERTOS/Worshop/lpc_chip_15xx/Debug/liblpc_chip_15xx.a(uart_15xx.o)
 *fill*         0x000000000000116a        0x2 ff
 .text.getUARTClockID
                0x000000000000116c       0x34 /Users/DBY/Metro_SemesterV-VI/ARM-FREERTOS/Worshop/lpc_chip_15xx/Debug/liblpc_chip_15xx.a(uart_15xx.o)
 .text.Chip_UART_Init
                0x00000000000011a0       0x4c /Users/DBY/Metro_SemesterV-VI/ARM-FREERTOS/Worshop/lpc_chip_15xx/Debug/liblpc_chip_15xx.a(uart_15xx.o)
                0x00000000000011a0                Chip_UART_Init
 .text.Chip_UART_Send
                0x00000000000011ec       0x50 /Users/DBY/Metro_SemesterV-VI/ARM-FREERTOS/Worshop/lpc_chip_15xx/Debug/liblpc_chip_15xx.a(uart_15xx.o)
                0x00000000000011ec                Chip_UART_Send
 .text.Chip_UART_SendBlocking
                0x000000000000123c       0x4a /Users/DBY/Metro_SemesterV-VI/ARM-FREERTOS/Worshop/lpc_chip_15xx/Debug/liblpc_chip_15xx.a(uart_15xx.o)
                0x000000000000123c                Chip_UART_SendBlocking
 .text.Chip_UART_Read
                0x0000000000001286       0x52 /Users/DBY/Metro_SemesterV-VI/ARM-FREERTOS/Worshop/lpc_chip_15xx/Debug/liblpc_chip_15xx.a(uart_15xx.o)
                0x0000000000001286                Chip_UART_Read
 .text.Chip_UART_SetBaud
                0x00000000000012d8       0x2a /Users/DBY/Metro_SemesterV-VI/ARM-FREERTOS/Worshop/lpc_chip_15xx/Debug/liblpc_chip_15xx.a(uart_15xx.o)
                0x00000000000012d8                Chip_UART_SetBaud
 *fill*         0x0000000000001302        0x2 ff
 .text.xQueueGenericReset
                0x0000000000001304       0xb4 /Users/DBY/Metro_SemesterV-VI/ARM-FREERTOS/Worshop/FreeRTOS/Debug/libFreeRTOS.a(queue.o)
                0x0000000000001304                xQueueGenericReset
 .text.xQueueGenericCreate
                0x00000000000013b8       0x5c /Users/DBY/Metro_SemesterV-VI/ARM-FREERTOS/Worshop/FreeRTOS/Debug/libFreeRTOS.a(queue.o)
                0x00000000000013b8                xQueueGenericCreate
 .text.prvInitialiseNewQueue
                0x0000000000001414       0x46 /Users/DBY/Metro_SemesterV-VI/ARM-FREERTOS/Worshop/FreeRTOS/Debug/libFreeRTOS.a(queue.o)
 *fill*         0x000000000000145a        0x2 ff
 .text.xQueueGenericSend
                0x000000000000145c      0x154 /Users/DBY/Metro_SemesterV-VI/ARM-FREERTOS/Worshop/FreeRTOS/Debug/libFreeRTOS.a(queue.o)
                0x000000000000145c                xQueueGenericSend
 .text.xQueueSemaphoreTake
                0x00000000000015b0      0x190 /Users/DBY/Metro_SemesterV-VI/ARM-FREERTOS/Worshop/FreeRTOS/Debug/libFreeRTOS.a(queue.o)
                0x00000000000015b0                xQueueSemaphoreTake
 .text.prvGetDisinheritPriorityAfterTimeout
                0x0000000000001740       0x2e /Users/DBY/Metro_SemesterV-VI/ARM-FREERTOS/Worshop/FreeRTOS/Debug/libFreeRTOS.a(queue.o)
 .text.prvCopyDataToQueue
                0x000000000000176e       0xd4 /Users/DBY/Metro_SemesterV-VI/ARM-FREERTOS/Worshop/FreeRTOS/Debug/libFreeRTOS.a(queue.o)
 .text.prvUnlockQueue
                0x0000000000001842       0xa4 /Users/DBY/Metro_SemesterV-VI/ARM-FREERTOS/Worshop/FreeRTOS/Debug/libFreeRTOS.a(queue.o)
 .text.prvIsQueueEmpty
                0x00000000000018e6       0x2c /Users/DBY/Metro_SemesterV-VI/ARM-FREERTOS/Worshop/FreeRTOS/Debug/libFreeRTOS.a(queue.o)
 .text.prvIsQueueFull
                0x0000000000001912       0x30 /Users/DBY/Metro_SemesterV-VI/ARM-FREERTOS/Worshop/FreeRTOS/Debug/libFreeRTOS.a(queue.o)
 .text.xTaskCreate
                0x0000000000001942       0x84 /Users/DBY/Metro_SemesterV-VI/ARM-FREERTOS/Worshop/FreeRTOS/Debug/libFreeRTOS.a(tasks.o)
                0x0000000000001942                xTaskCreate
 .text.prvInitialiseNewTask
                0x00000000000019c6      0x184 /Users/DBY/Metro_SemesterV-VI/ARM-FREERTOS/Worshop/FreeRTOS/Debug/libFreeRTOS.a(tasks.o)
 *fill*         0x0000000000001b4a        0x2 ff
 .text.prvAddNewTaskToReadyList
                0x0000000000001b4c       0xdc /Users/DBY/Metro_SemesterV-VI/ARM-FREERTOS/Worshop/FreeRTOS/Debug/libFreeRTOS.a(tasks.o)
 .text.vTaskDelay
                0x0000000000001c28       0x48 /Users/DBY/Metro_SemesterV-VI/ARM-FREERTOS/Worshop/FreeRTOS/Debug/libFreeRTOS.a(tasks.o)
                0x0000000000001c28                vTaskDelay
 .text.vTaskStartScheduler
                0x0000000000001c70       0xa0 /Users/DBY/Metro_SemesterV-VI/ARM-FREERTOS/Worshop/FreeRTOS/Debug/libFreeRTOS.a(tasks.o)
                0x0000000000001c70                vTaskStartScheduler
 .text.vTaskSuspendAll
                0x0000000000001d10       0x1c /Users/DBY/Metro_SemesterV-VI/ARM-FREERTOS/Worshop/FreeRTOS/Debug/libFreeRTOS.a(tasks.o)
                0x0000000000001d10                vTaskSuspendAll
 .text.xTaskResumeAll
                0x0000000000001d2c      0x11c /Users/DBY/Metro_SemesterV-VI/ARM-FREERTOS/Worshop/FreeRTOS/Debug/libFreeRTOS.a(tasks.o)
                0x0000000000001d2c                xTaskResumeAll
 .text.xTaskIncrementTick
                0x0000000000001e48      0x150 /Users/DBY/Metro_SemesterV-VI/ARM-FREERTOS/Worshop/FreeRTOS/Debug/libFreeRTOS.a(tasks.o)
                0x0000000000001e48                xTaskIncrementTick
 .text.vTaskSwitchContext
                0x0000000000001f98       0xe4 /Users/DBY/Metro_SemesterV-VI/ARM-FREERTOS/Worshop/FreeRTOS/Debug/libFreeRTOS.a(tasks.o)
                0x0000000000001f98                vTaskSwitchContext
 .text.vTaskPlaceOnEventList
                0x000000000000207c       0x2c /Users/DBY/Metro_SemesterV-VI/ARM-FREERTOS/Worshop/FreeRTOS/Debug/libFreeRTOS.a(tasks.o)
                0x000000000000207c                vTaskPlaceOnEventList
 .text.xTaskRemoveFromEventList
                0x00000000000020a8       0xa8 /Users/DBY/Metro_SemesterV-VI/ARM-FREERTOS/Worshop/FreeRTOS/Debug/libFreeRTOS.a(tasks.o)
                0x00000000000020a8                xTaskRemoveFromEventList
 .text.vTaskInternalSetTimeOutState
                0x0000000000002150       0x2c /Users/DBY/Metro_SemesterV-VI/ARM-FREERTOS/Worshop/FreeRTOS/Debug/libFreeRTOS.a(tasks.o)
                0x0000000000002150                vTaskInternalSetTimeOutState
 .text.xTaskCheckForTimeOut
                0x000000000000217c       0x8c /Users/DBY/Metro_SemesterV-VI/ARM-FREERTOS/Worshop/FreeRTOS/Debug/libFreeRTOS.a(tasks.o)
                0x000000000000217c                xTaskCheckForTimeOut
 .text.vTaskMissedYield
                0x0000000000002208       0x18 /Users/DBY/Metro_SemesterV-VI/ARM-FREERTOS/Worshop/FreeRTOS/Debug/libFreeRTOS.a(tasks.o)
                0x0000000000002208                vTaskMissedYield
 .text.prvIdleTask
                0x0000000000002220        0xe /Users/DBY/Metro_SemesterV-VI/ARM-FREERTOS/Worshop/FreeRTOS/Debug/libFreeRTOS.a(tasks.o)
 *fill*         0x000000000000222e        0x2 ff
 .text.prvInitialiseTaskLists
                0x0000000000002230       0x80 /Users/DBY/Metro_SemesterV-VI/ARM-FREERTOS/Worshop/FreeRTOS/Debug/libFreeRTOS.a(tasks.o)
 .text.prvCheckTasksWaitingTermination
                0x00000000000022b0       0x5c /Users/DBY/Metro_SemesterV-VI/ARM-FREERTOS/Worshop/FreeRTOS/Debug/libFreeRTOS.a(tasks.o)
 .text.prvDeleteTCB
                0x000000000000230c       0x2a /Users/DBY/Metro_SemesterV-VI/ARM-FREERTOS/Worshop/FreeRTOS/Debug/libFreeRTOS.a(tasks.o)
 *fill*         0x0000000000002336        0x2 ff
 .text.prvResetNextTaskUnblockTime
                0x0000000000002338       0x40 /Users/DBY/Metro_SemesterV-VI/ARM-FREERTOS/Worshop/FreeRTOS/Debug/libFreeRTOS.a(tasks.o)
 .text.xTaskPriorityInherit
                0x0000000000002378      0x100 /Users/DBY/Metro_SemesterV-VI/ARM-FREERTOS/Worshop/FreeRTOS/Debug/libFreeRTOS.a(tasks.o)
                0x0000000000002378                xTaskPriorityInherit
 .text.xTaskPriorityDisinherit
                0x0000000000002478       0xc8 /Users/DBY/Metro_SemesterV-VI/ARM-FREERTOS/Worshop/FreeRTOS/Debug/libFreeRTOS.a(tasks.o)
                0x0000000000002478                xTaskPriorityDisinherit
 .text.vTaskPriorityDisinheritAfterTimeout
                0x0000000000002540       0xf0 /Users/DBY/Metro_SemesterV-VI/ARM-FREERTOS/Worshop/FreeRTOS/Debug/libFreeRTOS.a(tasks.o)
                0x0000000000002540                vTaskPriorityDisinheritAfterTimeout
 .text.pvTaskIncrementMutexHeldCount
                0x0000000000002630       0x28 /Users/DBY/Metro_SemesterV-VI/ARM-FREERTOS/Worshop/FreeRTOS/Debug/libFreeRTOS.a(tasks.o)
                0x0000000000002630                pvTaskIncrementMutexHeldCount
 .text.prvAddCurrentTaskToDelayedList
                0x0000000000002658       0xcc /Users/DBY/Metro_SemesterV-VI/ARM-FREERTOS/Worshop/FreeRTOS/Debug/libFreeRTOS.a(tasks.o)
 .text.pvPortMalloc
                0x0000000000002724       0x2e /Users/DBY/Metro_SemesterV-VI/ARM-FREERTOS/Worshop/FreeRTOS/Debug/libFreeRTOS.a(heap_3.o)
                0x0000000000002724                pvPortMalloc
 .text.vPortFree
                0x0000000000002752       0x24 /Users/DBY/Metro_SemesterV-VI/ARM-FREERTOS/Worshop/FreeRTOS/Debug/libFreeRTOS.a(heap_3.o)
                0x0000000000002752                vPortFree
 *fill*         0x0000000000002776        0x2 ff
 .text.pxPortInitialiseStack
                0x0000000000002778       0x58 /Users/DBY/Metro_SemesterV-VI/ARM-FREERTOS/Worshop/FreeRTOS/Debug/libFreeRTOS.a(port.o)
                0x0000000000002778                pxPortInitialiseStack
 .text.prvTaskExitError
                0x00000000000027d0       0x32 /Users/DBY/Metro_SemesterV-VI/ARM-FREERTOS/Worshop/FreeRTOS/Debug/libFreeRTOS.a(port.o)
 *fill*         0x0000000000002802        0xe ff
 .text.SVC_Handler
                0x0000000000002810       0x28 /Users/DBY/Metro_SemesterV-VI/ARM-FREERTOS/Worshop/FreeRTOS/Debug/libFreeRTOS.a(port.o)
                0x0000000000002810                SVC_Handler
 .text.prvPortStartFirstTask
                0x0000000000002838       0x20 /Users/DBY/Metro_SemesterV-VI/ARM-FREERTOS/Worshop/FreeRTOS/Debug/libFreeRTOS.a(port.o)
 .text.xPortStartScheduler
                0x0000000000002858       0x40 /Users/DBY/Metro_SemesterV-VI/ARM-FREERTOS/Worshop/FreeRTOS/Debug/libFreeRTOS.a(port.o)
                0x0000000000002858                xPortStartScheduler
 .text.vPortEnterCritical
                0x0000000000002898       0x34 /Users/DBY/Metro_SemesterV-VI/ARM-FREERTOS/Worshop/FreeRTOS/Debug/libFreeRTOS.a(port.o)
                0x0000000000002898                vPortEnterCritical
 .text.vPortExitCritical
                0x00000000000028cc       0x34 /Users/DBY/Metro_SemesterV-VI/ARM-FREERTOS/Worshop/FreeRTOS/Debug/libFreeRTOS.a(port.o)
                0x00000000000028cc                vPortExitCritical
 .text.PendSV_Handler
                0x0000000000002900       0x48 /Users/DBY/Metro_SemesterV-VI/ARM-FREERTOS/Worshop/FreeRTOS/Debug/libFreeRTOS.a(port.o)
                0x0000000000002900                PendSV_Handler
 .text.SysTick_Handler
                0x0000000000002948       0x44 /Users/DBY/Metro_SemesterV-VI/ARM-FREERTOS/Worshop/FreeRTOS/Debug/libFreeRTOS.a(port.o)
                0x0000000000002948                SysTick_Handler
 .text.vPortSetupTimerInterrupt
                0x000000000000298c       0x44 /Users/DBY/Metro_SemesterV-VI/ARM-FREERTOS/Worshop/FreeRTOS/Debug/libFreeRTOS.a(port.o)
                0x000000000000298c                vPortSetupTimerInterrupt
 .text.vApplicationMallocFailedHook
                0x00000000000029d0       0x1e /Users/DBY/Metro_SemesterV-VI/ARM-FREERTOS/Worshop/FreeRTOS/Debug/libFreeRTOS.a(FreeRTOSCommonHooks.o)
                0x00000000000029d0                vApplicationMallocFailedHook
 .text.vApplicationStackOverflowHook
                0x00000000000029ee       0x22 /Users/DBY/Metro_SemesterV-VI/ARM-FREERTOS/Worshop/FreeRTOS/Debug/libFreeRTOS.a(FreeRTOSCommonHooks.o)
                0x00000000000029ee                vApplicationStackOverflowHook
 .text.vListInitialise
                0x0000000000002a10       0x3e /Users/DBY/Metro_SemesterV-VI/ARM-FREERTOS/Worshop/FreeRTOS/Debug/libFreeRTOS.a(list.o)
                0x0000000000002a10                vListInitialise
 .text.vListInitialiseItem
                0x0000000000002a4e       0x18 /Users/DBY/Metro_SemesterV-VI/ARM-FREERTOS/Worshop/FreeRTOS/Debug/libFreeRTOS.a(list.o)
                0x0000000000002a4e                vListInitialiseItem
 .text.vListInsertEnd
                0x0000000000002a66       0x46 /Users/DBY/Metro_SemesterV-VI/ARM-FREERTOS/Worshop/FreeRTOS/Debug/libFreeRTOS.a(list.o)
                0x0000000000002a66                vListInsertEnd
 .text.vListInsert
                0x0000000000002aac       0x70 /Users/DBY/Metro_SemesterV-VI/ARM-FREERTOS/Worshop/FreeRTOS/Debug/libFreeRTOS.a(list.o)
                0x0000000000002aac                vListInsert
 .text.uxListRemove
                0x0000000000002b1c       0x52 /Users/DBY/Metro_SemesterV-VI/ARM-FREERTOS/Worshop/FreeRTOS/Debug/libFreeRTOS.a(list.o)
                0x0000000000002b1c                uxListRemove
 *fill*         0x0000000000002b6e        0x2 ff
 .text          0x0000000000002b70      0x378 /Applications/MCUXpressoIDE_11.6.1_8255/ide/plugins/com.nxp.mcuxpresso.tools.macosx_11.6.1.202207200623/tools/bin/../lib/gcc/arm-none-eabi/10.3.1/thumb/v7-m/nofp/libgcc.a(_arm_addsubdf3.o)
                0x0000000000002b70                __aeabi_drsub
                0x0000000000002b78                __subdf3
                0x0000000000002b78                __aeabi_dsub
                0x0000000000002b7c                __aeabi_dadd
                0x0000000000002b7c                __adddf3
                0x0000000000002df4                __aeabi_ui2d
                0x0000000000002df4                __floatunsidf
                0x0000000000002e14                __floatsidf
                0x0000000000002e14                __aeabi_i2d
                0x0000000000002e38                __extendsfdf2
                0x0000000000002e38                __aeabi_f2d
                0x0000000000002e7c                __aeabi_ul2d
                0x0000000000002e7c                __floatundidf
                0x0000000000002e8c                __aeabi_l2d
                0x0000000000002e8c                __floatdidf
 .text          0x0000000000002ee8      0x424 /Applications/MCUXpressoIDE_11.6.1_8255/ide/plugins/com.nxp.mcuxpresso.tools.macosx_11.6.1.202207200623/tools/bin/../lib/gcc/arm-none-eabi/10.3.1/thumb/v7-m/nofp/libgcc.a(_arm_muldivdf3.o)
                0x0000000000002ee8                __aeabi_dmul
                0x0000000000002ee8                __muldf3
                0x000000000000313c                __aeabi_ddiv
                0x000000000000313c                __divdf3
 .text          0x000000000000330c       0xa0 /Applications/MCUXpressoIDE_11.6.1_8255/ide/plugins/com.nxp.mcuxpresso.tools.macosx_11.6.1.202207200623/tools/bin/../lib/gcc/arm-none-eabi/10.3.1/thumb/v7-m/nofp/libgcc.a(_arm_truncdfsf2.o)
                0x000000000000330c                __aeabi_d2f
                0x000000000000330c                __truncdfsf2
 .text          0x00000000000033ac       0x30 /Applications/MCUXpressoIDE_11.6.1_8255/ide/plugins/com.nxp.mcuxpresso.tools.macosx_11.6.1.202207200623/tools/bin/../lib/gcc/arm-none-eabi/10.3.1/thumb/v7-m/nofp/libgcc.a(_aeabi_uldivmod.o)
                0x00000000000033ac                __aeabi_uldivmod
 .text          0x00000000000033dc      0x2d4 /Applications/MCUXpressoIDE_11.6.1_8255/ide/plugins/com.nxp.mcuxpresso.tools.macosx_11.6.1.202207200623/tools/bin/../lib/gcc/arm-none-eabi/10.3.1/thumb/v7-m/nofp/libgcc.a(_udivmoddi4.o)
                0x00000000000033dc                __udivmoddi4
 .text          0x00000000000036b0        0x4 /Applications/MCUXpressoIDE_11.6.1_8255/ide/plugins/com.nxp.mcuxpresso.tools.macosx_11.6.1.202207200623/tools/bin/../lib/gcc/arm-none-eabi/10.3.1/thumb/v7-m/nofp/libgcc.a(_dvmd_tls.o)
                0x00000000000036b0                __aeabi_ldiv0
                0x00000000000036b0                __aeabi_idiv0
 .text.__libc_init_array
                0x00000000000036b4       0x48 /Applications/MCUXpressoIDE_11.6.1_8255/ide/plugins/com.nxp.mcuxpresso.tools.macosx_11.6.1.202207200623/tools/bin/../lib/gcc/arm-none-eabi/10.3.1/../../../../arm-none-eabi/lib/thumb/v7-m/nofp/libc.a(lib_a-init.o)
                0x00000000000036b4                __libc_init_array
 .text.malloc   0x00000000000036fc       0x10 /Applications/MCUXpressoIDE_11.6.1_8255/ide/plugins/com.nxp.mcuxpresso.tools.macosx_11.6.1.202207200623/tools/bin/../lib/gcc/arm-none-eabi/10.3.1/../../../../arm-none-eabi/lib/thumb/v7-m/nofp/libc.a(lib_a-malloc.o)
                0x00000000000036fc                malloc
 .text.free     0x000000000000370c       0x10 /Applications/MCUXpressoIDE_11.6.1_8255/ide/plugins/com.nxp.mcuxpresso.tools.macosx_11.6.1.202207200623/tools/bin/../lib/gcc/arm-none-eabi/10.3.1/../../../../arm-none-eabi/lib/thumb/v7-m/nofp/libc.a(lib_a-malloc.o)
                0x000000000000370c                free
 .text._malloc_r
                0x000000000000371c      0x558 /Applications/MCUXpressoIDE_11.6.1_8255/ide/plugins/com.nxp.mcuxpresso.tools.macosx_11.6.1.202207200623/tools/bin/../lib/gcc/arm-none-eabi/10.3.1/../../../../arm-none-eabi/lib/thumb/v7-m/nofp/libc.a(lib_a-mallocr.o)
                0x000000000000371c                _malloc_r
 .text          0x0000000000003c74       0xec /Applications/MCUXpressoIDE_11.6.1_8255/ide/plugins/com.nxp.mcuxpresso.tools.macosx_11.6.1.202207200623/tools/bin/../lib/gcc/arm-none-eabi/10.3.1/../../../../arm-none-eabi/lib/thumb/v7-m/nofp/libc.a(lib_a-memcpy.o)
                0x0000000000003c74                memcpy
 .text.memset   0x0000000000003d60       0xa4 /Applications/MCUXpressoIDE_11.6.1_8255/ide/plugins/com.nxp.mcuxpresso.tools.macosx_11.6.1.202207200623/tools/bin/../lib/gcc/arm-none-eabi/10.3.1/../../../../arm-none-eabi/lib/thumb/v7-m/nofp/libc.a(lib_a-memset.o)
                0x0000000000003d60                memset
 .text.cleanup_glue
                0x0000000000003e04       0x48 /Applications/MCUXpressoIDE_11.6.1_8255/ide/plugins/com.nxp.mcuxpresso.tools.macosx_11.6.1.202207200623/tools/bin/../lib/gcc/arm-none-eabi/10.3.1/../../../../arm-none-eabi/lib/thumb/v7-m/nofp/libc.a(lib_a-reent.o)
                0x0000000000003e04                cleanup_glue
 .text._reclaim_reent
                0x0000000000003e4c       0x90 /Applications/MCUXpressoIDE_11.6.1_8255/ide/plugins/com.nxp.mcuxpresso.tools.macosx_11.6.1.202207200623/tools/bin/../lib/gcc/arm-none-eabi/10.3.1/../../../../arm-none-eabi/lib/thumb/v7-m/nofp/libc.a(lib_a-reent.o)
                0x0000000000003e4c                _reclaim_reent
 .text._sbrk_r  0x0000000000003edc       0x24 /Applications/MCUXpressoIDE_11.6.1_8255/ide/plugins/com.nxp.mcuxpresso.tools.macosx_11.6.1.202207200623/tools/bin/../lib/gcc/arm-none-eabi/10.3.1/../../../../arm-none-eabi/lib/thumb/v7-m/nofp/libc.a(lib_a-sbrkr.o)
                0x0000000000003edc                _sbrk_r
 .text._malloc_trim_r
                0x0000000000003f00       0xa0 /Applications/MCUXpressoIDE_11.6.1_8255/ide/plugins/com.nxp.mcuxpresso.tools.macosx_11.6.1.202207200623/tools/bin/../lib/gcc/arm-none-eabi/10.3.1/../../../../arm-none-eabi/lib/thumb/v7-m/nofp/libc.a(lib_a-freer.o)
                0x0000000000003f00                _malloc_trim_r
 .text._free_r  0x0000000000003fa0      0x200 /Applications/MCUXpressoIDE_11.6.1_8255/ide/plugins/com.nxp.mcuxpresso.tools.macosx_11.6.1.202207200623/tools/bin/../lib/gcc/arm-none-eabi/10.3.1/../../../../arm-none-eabi/lib/thumb/v7-m/nofp/libc.a(lib_a-freer.o)
                0x0000000000003fa0                _free_r
 .text.__errno  0x00000000000041a0        0xc /Applications/MCUXpressoIDE_11.6.1_8255/ide/plugins/com.nxp.mcuxpresso.tools.macosx_11.6.1.202207200623/tools/bin/../lib/gcc/arm-none-eabi/10.3.1/../../../../arm-none-eabi/lib/thumb/v7-m/nofp/libc.a(lib_a-errno.o)
                0x00000000000041a0                __errno
 .text._sbrk    0x00000000000041ac       0x3c /Applications/MCUXpressoIDE_11.6.1_8255/ide/plugins/com.nxp.mcuxpresso.tools.macosx_11.6.1.202207200623/tools/bin/../lib/gcc/arm-none-eabi/10.3.1/../../../../arm-none-eabi/lib/thumb/v7-m/nofp/libcr_newlib_nohost.a(_cr_sbrk.o)
                0x00000000000041ac                _sbrk
 .text.__check_heap_overflow
                0x00000000000041e8       0x14 /Applications/MCUXpressoIDE_11.6.1_8255/ide/plugins/com.nxp.mcuxpresso.tools.macosx_11.6.1.202207200623/tools/bin/../lib/gcc/arm-none-eabi/10.3.1/../../../../arm-none-eabi/lib/thumb/v7-m/nofp/libcr_newlib_nohost.a(_cr_check_heap.o)
                0x00000000000041e8                __check_heap_overflow
 .text          0x00000000000041fc       0x40 /Applications/MCUXpressoIDE_11.6.1_8255/ide/plugins/com.nxp.mcuxpresso.tools.macosx_11.6.1.202207200623/tools/bin/../lib/gcc/arm-none-eabi/10.3.1/thumb/v7-m/nofp/crtbegin.o
 *(.rodata .rodata.* .constdata .constdata.*)
 .rodata.main.str1.4
                0x000000000000423c       0x15 ./src/lab2_02.o
 *fill*         0x0000000000004251        0x3 ff
 .rodata.OscRateIn
                0x0000000000004254        0x4 /Users/DBY/Metro_SemesterV-VI/ARM-FREERTOS/Worshop/lpc_board_nxp_lpcxpresso_1549/Debug/liblpc_board_nxp_lpcxpresso_1549.a(board.o)
                0x0000000000004254                OscRateIn
 .rodata.RTCOscRateIn
                0x0000000000004258        0x4 /Users/DBY/Metro_SemesterV-VI/ARM-FREERTOS/Worshop/lpc_board_nxp_lpcxpresso_1549/Debug/liblpc_board_nxp_lpcxpresso_1549.a(board.o)
                0x0000000000004258                RTCOscRateIn
 .rodata.ledpins
                0x000000000000425c        0x3 /Users/DBY/Metro_SemesterV-VI/ARM-FREERTOS/Worshop/lpc_board_nxp_lpcxpresso_1549/Debug/liblpc_board_nxp_lpcxpresso_1549.a(board.o)
 *fill*         0x000000000000425f        0x1 ff
 .rodata.ledports
                0x0000000000004260        0x3 /Users/DBY/Metro_SemesterV-VI/ARM-FREERTOS/Worshop/lpc_board_nxp_lpcxpresso_1549/Debug/liblpc_board_nxp_lpcxpresso_1549.a(board.o)
 *fill*         0x0000000000004263        0x1 ff
 .rodata.ioconSetup
                0x0000000000004264       0x74 /Users/DBY/Metro_SemesterV-VI/ARM-FREERTOS/Worshop/lpc_board_nxp_lpcxpresso_1549/Debug/liblpc_board_nxp_lpcxpresso_1549.a(board_sysinit.o)
 .rodata.swmSetup
                0x00000000000042d8        0x6 /Users/DBY/Metro_SemesterV-VI/ARM-FREERTOS/Worshop/lpc_board_nxp_lpcxpresso_1549/Debug/liblpc_board_nxp_lpcxpresso_1549.a(board_sysinit.o)
 *fill*         0x00000000000042de        0x2 ff
 .rodata.vTaskStartScheduler.str1.4
                0x00000000000042e0        0x5 /Users/DBY/Metro_SemesterV-VI/ARM-FREERTOS/Worshop/FreeRTOS/Debug/libFreeRTOS.a(tasks.o)
 *fill*         0x00000000000042e5        0x3 ff
 .rodata        0x00000000000042e8       0x10 /Users/DBY/Metro_SemesterV-VI/ARM-FREERTOS/Worshop/FreeRTOS/Debug/libFreeRTOS.a(tasks.o)
                0x00000000000042e8                FreeRTOSDebugConfig
                0x00000000000042f8                . = ALIGN (0x4)
                0x00000000000042f8                . = ALIGN (0x4)
 *(.init)
 .init          0x00000000000042f8        0x4 /Applications/MCUXpressoIDE_11.6.1_8255/ide/plugins/com.nxp.mcuxpresso.tools.macosx_11.6.1.202207200623/tools/bin/../lib/gcc/arm-none-eabi/10.3.1/thumb/v7-m/nofp/crti.o
                0x00000000000042f8                _init
 .init          0x00000000000042fc        0x8 /Applications/MCUXpressoIDE_11.6.1_8255/ide/plugins/com.nxp.mcuxpresso.tools.macosx_11.6.1.202207200623/tools/bin/../lib/gcc/arm-none-eabi/10.3.1/thumb/v7-m/nofp/crtn.o
                0x0000000000004304                . = ALIGN (0x4)
                0x0000000000004304                __preinit_array_start = .
 *(.preinit_array)
                0x0000000000004304                __preinit_array_end = .
                0x0000000000004304                . = ALIGN (0x4)
                0x0000000000004304                __init_array_start = .
 *(SORT_BY_NAME(.init_array.*))
 *(.init_array)
 .init_array    0x0000000000004304        0x4 /Applications/MCUXpressoIDE_11.6.1_8255/ide/plugins/com.nxp.mcuxpresso.tools.macosx_11.6.1.202207200623/tools/bin/../lib/gcc/arm-none-eabi/10.3.1/thumb/v7-m/nofp/crtbegin.o
                0x0000000000004308                __init_array_end = .
 *(.fini)
 .fini          0x0000000000004308        0x4 /Applications/MCUXpressoIDE_11.6.1_8255/ide/plugins/com.nxp.mcuxpresso.tools.macosx_11.6.1.202207200623/tools/bin/../lib/gcc/arm-none-eabi/10.3.1/thumb/v7-m/nofp/crti.o
                0x0000000000004308                _fini
 .fini          0x000000000000430c        0x8 /Applications/MCUXpressoIDE_11.6.1_8255/ide/plugins/com.nxp.mcuxpresso.tools.macosx_11.6.1.202207200623/tools/bin/../lib/gcc/arm-none-eabi/10.3.1/thumb/v7-m/nofp/crtn.o
                0x0000000000004314                . = ALIGN (0x4)
 *crtbegin.o(.ctors)
 *(EXCLUDE_FILE(*crtend.o) .ctors)
 *(SORT_BY_NAME(.ctors.*))
 *crtend.o(.ctors)
                0x0000000000004314                . = ALIGN (0x4)
 *crtbegin.o(.dtors)
 *(EXCLUDE_FILE(*crtend.o) .dtors)
 *(SORT_BY_NAME(.dtors.*))
 *crtend.o(.dtors)
                0x0000000000004314                . = ALIGN (0x4)

.glue_7         0x0000000000004314        0x0
 .glue_7        0x0000000000004314        0x0 linker stubs

.glue_7t        0x0000000000004314        0x0
 .glue_7t       0x0000000000004314        0x0 linker stubs

.vfp11_veneer   0x0000000000004314        0x0
 .vfp11_veneer  0x0000000000004314        0x0 linker stubs

.v4_bx          0x0000000000004314        0x0
 .v4_bx         0x0000000000004314        0x0 linker stubs

.iplt           0x0000000000004314        0x0
 .iplt          0x0000000000004314        0x0 ./src/cr_startup_lpc15xx.o

.ARM.extab
 *(.ARM.extab* .gnu.linkonce.armextab.*)

.ARM.exidx      0x0000000000004314        0x8
                0x0000000000004314                __exidx_start = .
 *(.ARM.exidx* .gnu.linkonce.armexidx.*)
 .ARM.exidx     0x0000000000004314        0x8 /Applications/MCUXpressoIDE_11.6.1_8255/ide/plugins/com.nxp.mcuxpresso.tools.macosx_11.6.1.202207200623/tools/bin/../lib/gcc/arm-none-eabi/10.3.1/thumb/v7-m/nofp/libgcc.a(_udivmoddi4.o)
                0x000000000000431c                __exidx_end = .
                0x000000000000431c                _etext = .

.rel.dyn        0x000000000000431c        0x0
 .rel.iplt      0x000000000000431c        0x0 ./src/cr_startup_lpc15xx.o

.eh_frame       0x000000000000431c        0x0
 .eh_frame      0x000000000000431c        0x0 /Applications/MCUXpressoIDE_11.6.1_8255/ide/plugins/com.nxp.mcuxpresso.tools.macosx_11.6.1.202207200623/tools/bin/../lib/gcc/arm-none-eabi/10.3.1/thumb/v7-m/nofp/crtbegin.o

.data_RAM2      0x0000000002004000        0x0 load address 0x000000000000431c
 FILL mask 0xff
                [!provide]                        PROVIDE (__start_data_RAM2 = .)
                [!provide]                        PROVIDE (__start_data_Ram1_16 = .)
 *(.ramfunc.$RAM2)
 *(.ramfunc.$Ram1_16)
 *(.data.$RAM2)
 *(.data.$Ram1_16)
 *(.data.$RAM2.*)
 *(.data.$Ram1_16.*)
                0x0000000002004000                . = ALIGN (0x4)
                [!provide]                        PROVIDE (__end_data_RAM2 = .)
                [!provide]                        PROVIDE (__end_data_Ram1_16 = .)

.data_RAM3      0x0000000002008000        0x0 load address 0x000000000000431c
 FILL mask 0xff
                [!provide]                        PROVIDE (__start_data_RAM3 = .)
                [!provide]                        PROVIDE (__start_data_Ram2_4 = .)
 *(.ramfunc.$RAM3)
 *(.ramfunc.$Ram2_4)
 *(.data.$RAM3)
 *(.data.$Ram2_4)
 *(.data.$RAM3.*)
 *(.data.$Ram2_4.*)
                0x0000000002008000                . = ALIGN (0x4)
                [!provide]                        PROVIDE (__end_data_RAM3 = .)
                [!provide]                        PROVIDE (__end_data_Ram2_4 = .)

.uninit_RESERVED
                0x0000000002000000        0x0
                0x0000000002000000                _start_uninit_RESERVED = .
 *(.bss.$RESERVED*)
                0x0000000002000000                . = ALIGN (0x4)
                0x0000000002000000                _end_uninit_RESERVED = .

.data           0x0000000002000000      0x840 load address 0x000000000000431c
 FILL mask 0xff
                0x0000000002000000                _data = .
                [!provide]                        PROVIDE (__start_data_RAM = .)
                [!provide]                        PROVIDE (__start_data_Ram0_16 = .)
 *(vtable)
 *(.ramfunc*)
 *(CodeQuickAccess)
 *(DataQuickAccess)
 *(RamFunction)
 *(.data*)
 .data.uxCriticalNesting
                0x0000000002000000        0x4 /Users/DBY/Metro_SemesterV-VI/ARM-FREERTOS/Worshop/FreeRTOS/Debug/libFreeRTOS.a(port.o)
 .data._impure_ptr
                0x0000000002000004        0x4 /Applications/MCUXpressoIDE_11.6.1_8255/ide/plugins/com.nxp.mcuxpresso.tools.macosx_11.6.1.202207200623/tools/bin/../lib/gcc/arm-none-eabi/10.3.1/../../../../arm-none-eabi/lib/thumb/v7-m/nofp/libc.a(lib_a-impure.o)
                0x0000000002000004                _impure_ptr
 .data.impure_data
                0x0000000002000008      0x428 /Applications/MCUXpressoIDE_11.6.1_8255/ide/plugins/com.nxp.mcuxpresso.tools.macosx_11.6.1.202207200623/tools/bin/../lib/gcc/arm-none-eabi/10.3.1/../../../../arm-none-eabi/lib/thumb/v7-m/nofp/libc.a(lib_a-impure.o)
 .data.__malloc_av_
                0x0000000002000430      0x408 /Applications/MCUXpressoIDE_11.6.1_8255/ide/plugins/com.nxp.mcuxpresso.tools.macosx_11.6.1.202207200623/tools/bin/../lib/gcc/arm-none-eabi/10.3.1/../../../../arm-none-eabi/lib/thumb/v7-m/nofp/libc.a(lib_a-mallocr.o)
                0x0000000002000430                __malloc_av_
 .data.__malloc_sbrk_base
                0x0000000002000838        0x4 /Applications/MCUXpressoIDE_11.6.1_8255/ide/plugins/com.nxp.mcuxpresso.tools.macosx_11.6.1.202207200623/tools/bin/../lib/gcc/arm-none-eabi/10.3.1/../../../../arm-none-eabi/lib/thumb/v7-m/nofp/libc.a(lib_a-mallocr.o)
                0x0000000002000838                __malloc_sbrk_base
 .data.__malloc_trim_threshold
                0x000000000200083c        0x4 /Applications/MCUXpressoIDE_11.6.1_8255/ide/plugins/com.nxp.mcuxpresso.tools.macosx_11.6.1.202207200623/tools/bin/../lib/gcc/arm-none-eabi/10.3.1/../../../../arm-none-eabi/lib/thumb/v7-m/nofp/libc.a(lib_a-mallocr.o)
                0x000000000200083c                __malloc_trim_threshold
                0x0000000002000840                . = ALIGN (0x4)
                0x0000000002000840                _edata = .
                [!provide]                        PROVIDE (__end_data_RAM = .)
                [!provide]                        PROVIDE (__end_data_Ram0_16 = .)

.igot.plt       0x0000000002000840        0x0 load address 0x0000000000004b5c
 .igot.plt      0x0000000002000840        0x0 ./src/cr_startup_lpc15xx.o

.bss_RAM2       0x0000000002004000        0x0
                [!provide]                        PROVIDE (__start_bss_RAM2 = .)
                [!provide]                        PROVIDE (__start_bss_Ram1_16 = .)
 *(.bss.$RAM2)
 *(.bss.$Ram1_16)
 *(.bss.$RAM2.*)
 *(.bss.$Ram1_16.*)
                0x0000000002004000                . = ALIGN ((. != 0x0)?0x4:0x1)
                [!provide]                        PROVIDE (__end_bss_RAM2 = .)
                [!provide]                        PROVIDE (__end_bss_Ram1_16 = .)

.bss_RAM3       0x0000000002008000        0x0
                [!provide]                        PROVIDE (__start_bss_RAM3 = .)
                [!provide]                        PROVIDE (__start_bss_Ram2_4 = .)
 *(.bss.$RAM3)
 *(.bss.$Ram2_4)
 *(.bss.$RAM3.*)
 *(.bss.$Ram2_4.*)
                0x0000000002008000                . = ALIGN ((. != 0x0)?0x4:0x1)
                [!provide]                        PROVIDE (__end_bss_RAM3 = .)
                [!provide]                        PROVIDE (__end_bss_Ram2_4 = .)

.bss            0x0000000002000840      0x1ac
                0x0000000002000840                _bss = .
                [!provide]                        PROVIDE (__start_bss_RAM = .)
                [!provide]                        PROVIDE (__start_bss_Ram0_16 = .)
 *(.bss*)
 .bss.heapTotalSize_
                0x0000000002000840        0x4 ./src/heap_lock_monitor.o
                0x0000000002000840                heapTotalSize_
 .bss.heapAmountUsed_
                0x0000000002000844        0x4 ./src/heap_lock_monitor.o
                0x0000000002000844                heapAmountUsed_
 .bss.heapPercentageUsed_
                0x0000000002000848        0x4 ./src/heap_lock_monitor.o
                0x0000000002000848                heapPercentageUsed_
 .bss.xSemaphore
                0x000000000200084c        0x4 ./src/lab2_02.o
                0x000000000200084c                xSemaphore
 .bss.SystemCoreClock
                0x0000000002000850        0x4 /Users/DBY/Metro_SemesterV-VI/ARM-FREERTOS/Worshop/lpc_chip_15xx/Debug/liblpc_chip_15xx.a(chip_15xx.o)
                0x0000000002000850                SystemCoreClock
 .bss.pxCurrentTCB
                0x0000000002000854        0x4 /Users/DBY/Metro_SemesterV-VI/ARM-FREERTOS/Worshop/FreeRTOS/Debug/libFreeRTOS.a(tasks.o)
                0x0000000002000854                pxCurrentTCB
 .bss.pxReadyTasksLists
                0x0000000002000858       0xa0 /Users/DBY/Metro_SemesterV-VI/ARM-FREERTOS/Worshop/FreeRTOS/Debug/libFreeRTOS.a(tasks.o)
 .bss.xDelayedTaskList1
                0x00000000020008f8       0x14 /Users/DBY/Metro_SemesterV-VI/ARM-FREERTOS/Worshop/FreeRTOS/Debug/libFreeRTOS.a(tasks.o)
 .bss.xDelayedTaskList2
                0x000000000200090c       0x14 /Users/DBY/Metro_SemesterV-VI/ARM-FREERTOS/Worshop/FreeRTOS/Debug/libFreeRTOS.a(tasks.o)
 .bss.pxDelayedTaskList
                0x0000000002000920        0x4 /Users/DBY/Metro_SemesterV-VI/ARM-FREERTOS/Worshop/FreeRTOS/Debug/libFreeRTOS.a(tasks.o)
 .bss.pxOverflowDelayedTaskList
                0x0000000002000924        0x4 /Users/DBY/Metro_SemesterV-VI/ARM-FREERTOS/Worshop/FreeRTOS/Debug/libFreeRTOS.a(tasks.o)
 .bss.xPendingReadyList
                0x0000000002000928       0x14 /Users/DBY/Metro_SemesterV-VI/ARM-FREERTOS/Worshop/FreeRTOS/Debug/libFreeRTOS.a(tasks.o)
 .bss.xTasksWaitingTermination
                0x000000000200093c       0x14 /Users/DBY/Metro_SemesterV-VI/ARM-FREERTOS/Worshop/FreeRTOS/Debug/libFreeRTOS.a(tasks.o)
 .bss.uxDeletedTasksWaitingCleanUp
                0x0000000002000950        0x4 /Users/DBY/Metro_SemesterV-VI/ARM-FREERTOS/Worshop/FreeRTOS/Debug/libFreeRTOS.a(tasks.o)
 .bss.xSuspendedTaskList
                0x0000000002000954       0x14 /Users/DBY/Metro_SemesterV-VI/ARM-FREERTOS/Worshop/FreeRTOS/Debug/libFreeRTOS.a(tasks.o)
 .bss.uxCurrentNumberOfTasks
                0x0000000002000968        0x4 /Users/DBY/Metro_SemesterV-VI/ARM-FREERTOS/Worshop/FreeRTOS/Debug/libFreeRTOS.a(tasks.o)
 .bss.xTickCount
                0x000000000200096c        0x4 /Users/DBY/Metro_SemesterV-VI/ARM-FREERTOS/Worshop/FreeRTOS/Debug/libFreeRTOS.a(tasks.o)
 .bss.uxTopReadyPriority
                0x0000000002000970        0x4 /Users/DBY/Metro_SemesterV-VI/ARM-FREERTOS/Worshop/FreeRTOS/Debug/libFreeRTOS.a(tasks.o)
 .bss.xSchedulerRunning
                0x0000000002000974        0x4 /Users/DBY/Metro_SemesterV-VI/ARM-FREERTOS/Worshop/FreeRTOS/Debug/libFreeRTOS.a(tasks.o)
 .bss.uxPendedTicks
                0x0000000002000978        0x4 /Users/DBY/Metro_SemesterV-VI/ARM-FREERTOS/Worshop/FreeRTOS/Debug/libFreeRTOS.a(tasks.o)
 .bss.xYieldPending
                0x000000000200097c        0x4 /Users/DBY/Metro_SemesterV-VI/ARM-FREERTOS/Worshop/FreeRTOS/Debug/libFreeRTOS.a(tasks.o)
 .bss.xNumOfOverflows
                0x0000000002000980        0x4 /Users/DBY/Metro_SemesterV-VI/ARM-FREERTOS/Worshop/FreeRTOS/Debug/libFreeRTOS.a(tasks.o)
 .bss.uxTaskNumber
                0x0000000002000984        0x4 /Users/DBY/Metro_SemesterV-VI/ARM-FREERTOS/Worshop/FreeRTOS/Debug/libFreeRTOS.a(tasks.o)
 .bss.xNextTaskUnblockTime
                0x0000000002000988        0x4 /Users/DBY/Metro_SemesterV-VI/ARM-FREERTOS/Worshop/FreeRTOS/Debug/libFreeRTOS.a(tasks.o)
 .bss.xIdleTaskHandle
                0x000000000200098c        0x4 /Users/DBY/Metro_SemesterV-VI/ARM-FREERTOS/Worshop/FreeRTOS/Debug/libFreeRTOS.a(tasks.o)
 .bss.uxSchedulerSuspended
                0x0000000002000990        0x4 /Users/DBY/Metro_SemesterV-VI/ARM-FREERTOS/Worshop/FreeRTOS/Debug/libFreeRTOS.a(tasks.o)
 .bss.__malloc_current_mallinfo
                0x0000000002000994       0x28 /Applications/MCUXpressoIDE_11.6.1_8255/ide/plugins/com.nxp.mcuxpresso.tools.macosx_11.6.1.202207200623/tools/bin/../lib/gcc/arm-none-eabi/10.3.1/../../../../arm-none-eabi/lib/thumb/v7-m/nofp/libc.a(lib_a-mallocr.o)
                0x0000000002000994                __malloc_current_mallinfo
 .bss.__malloc_max_sbrked_mem
                0x00000000020009bc        0x4 /Applications/MCUXpressoIDE_11.6.1_8255/ide/plugins/com.nxp.mcuxpresso.tools.macosx_11.6.1.202207200623/tools/bin/../lib/gcc/arm-none-eabi/10.3.1/../../../../arm-none-eabi/lib/thumb/v7-m/nofp/libc.a(lib_a-mallocr.o)
                0x00000000020009bc                __malloc_max_sbrked_mem
 .bss.__malloc_max_total_mem
                0x00000000020009c0        0x4 /Applications/MCUXpressoIDE_11.6.1_8255/ide/plugins/com.nxp.mcuxpresso.tools.macosx_11.6.1.202207200623/tools/bin/../lib/gcc/arm-none-eabi/10.3.1/../../../../arm-none-eabi/lib/thumb/v7-m/nofp/libc.a(lib_a-mallocr.o)
                0x00000000020009c0                __malloc_max_total_mem
 .bss.__malloc_top_pad
                0x00000000020009c4        0x4 /Applications/MCUXpressoIDE_11.6.1_8255/ide/plugins/com.nxp.mcuxpresso.tools.macosx_11.6.1.202207200623/tools/bin/../lib/gcc/arm-none-eabi/10.3.1/../../../../arm-none-eabi/lib/thumb/v7-m/nofp/libc.a(lib_a-mallocr.o)
                0x00000000020009c4                __malloc_top_pad
 .bss.errno     0x00000000020009c8        0x4 /Applications/MCUXpressoIDE_11.6.1_8255/ide/plugins/com.nxp.mcuxpresso.tools.macosx_11.6.1.202207200623/tools/bin/../lib/gcc/arm-none-eabi/10.3.1/../../../../arm-none-eabi/lib/thumb/v7-m/nofp/libc.a(lib_a-reent.o)
                0x00000000020009c8                errno
 .bss.__end_of_heap
                0x00000000020009cc        0x4 /Applications/MCUXpressoIDE_11.6.1_8255/ide/plugins/com.nxp.mcuxpresso.tools.macosx_11.6.1.202207200623/tools/bin/../lib/gcc/arm-none-eabi/10.3.1/../../../../arm-none-eabi/lib/thumb/v7-m/nofp/libcr_newlib_nohost.a(_cr_sbrk.o)
                0x00000000020009cc                __end_of_heap
 .bss           0x00000000020009d0       0x1c /Applications/MCUXpressoIDE_11.6.1_8255/ide/plugins/com.nxp.mcuxpresso.tools.macosx_11.6.1.202207200623/tools/bin/../lib/gcc/arm-none-eabi/10.3.1/thumb/v7-m/nofp/crtbegin.o
 *(COMMON)
                0x00000000020009ec                . = ALIGN (0x4)
                0x00000000020009ec                _ebss = .
                [!provide]                        PROVIDE (__end_bss_RAM = .)
                [!provide]                        PROVIDE (__end_bss_Ram0_16 = .)
                [!provide]                        PROVIDE (end = .)

.noinit_RAM2    0x0000000002004000        0x0
                [!provide]                        PROVIDE (__start_noinit_RAM2 = .)
                [!provide]                        PROVIDE (__start_noinit_Ram1_16 = .)
 *(.noinit.$RAM2)
 *(.noinit.$Ram1_16)
 *(.noinit.$RAM2.*)
 *(.noinit.$Ram1_16.*)
                0x0000000002004000                . = ALIGN (0x4)
                [!provide]                        PROVIDE (__end_noinit_RAM2 = .)
                [!provide]                        PROVIDE (__end_noinit_Ram1_16 = .)

.noinit_RAM3    0x0000000002008000        0x0
                [!provide]                        PROVIDE (__start_noinit_RAM3 = .)
                [!provide]                        PROVIDE (__start_noinit_Ram2_4 = .)
 *(.noinit.$RAM3)
 *(.noinit.$Ram2_4)
 *(.noinit.$RAM3.*)
 *(.noinit.$Ram2_4.*)
                0x0000000002008000                . = ALIGN (0x4)
                [!provide]                        PROVIDE (__end_noinit_RAM3 = .)
                [!provide]                        PROVIDE (__end_noinit_Ram2_4 = .)

.noinit         0x00000000020009ec        0x0
                0x00000000020009ec                _noinit = .
                [!provide]                        PROVIDE (__start_noinit_RAM = .)
                [!provide]                        PROVIDE (__start_noinit_Ram0_16 = .)
 *(.noinit*)
                0x00000000020009ec                . = ALIGN (0x4)
                0x00000000020009ec                _end_noinit = .
                [!provide]                        PROVIDE (__end_noinit_RAM = .)
                [!provide]                        PROVIDE (__end_noinit_Ram0_16 = .)
                0x00000000020009ec                PROVIDE (_pvHeapStart = DEFINED (__user_heap_base)?__user_heap_base:.)
                0x0000000002004000                PROVIDE (_vStackTop = DEFINED (__user_stack_top)?__user_stack_top:(__top_Ram0_16 - 0x0))
                0xfffffffffdffb2e2                PROVIDE (__valid_user_code_checksum = (0x0 - ((((((_vStackTop + (ResetISR + 0x1)) + (NMI_Handler + 0x1)) + (HardFault_Handler + 0x1)) + (DEFINED (MemManage_Handler)?MemManage_Handler:0x0 + 0x1)) + (DEFINED (BusFault_Handler)?BusFault_Handler:0x0 + 0x1)) + (DEFINED (UsageFault_Handler)?UsageFault_Handler:0x0 + 0x1))))
                0x0000000000000000                _image_start = LOADADDR (.text)
                0x0000000000004b5c                _image_end = (LOADADDR (.data) + SIZEOF (.data))
                0x0000000000004b5c                _image_size = (_image_end - _image_start)
OUTPUT(lab2_02.axf elf32-littlearm)
LOAD linker stubs

.debug_info     0x0000000000000000     0xc07c
 .debug_info    0x0000000000000000      0x2ac ./src/cr_startup_lpc15xx.o
 .debug_info    0x00000000000002ac      0xb42 ./src/heap_lock_monitor.o
 .debug_info    0x0000000000000dee     0x1850 ./src/lab2_02.o
 .debug_info    0x000000000000263e       0x90 ./src/sysinit.o
 .debug_info    0x00000000000026ce      0xb36 /Users/DBY/Metro_SemesterV-VI/ARM-FREERTOS/Worshop/lpc_board_nxp_lpcxpresso_1549/Debug/liblpc_board_nxp_lpcxpresso_1549.a(board.o)
 .debug_info    0x0000000000003204      0xcb2 /Users/DBY/Metro_SemesterV-VI/ARM-FREERTOS/Worshop/lpc_board_nxp_lpcxpresso_1549/Debug/liblpc_board_nxp_lpcxpresso_1549.a(board_sysinit.o)
 .debug_info    0x0000000000003eb6      0x997 /Users/DBY/Metro_SemesterV-VI/ARM-FREERTOS/Worshop/lpc_chip_15xx/Debug/liblpc_chip_15xx.a(chip_15xx.o)
 .debug_info    0x000000000000484d      0xdaa /Users/DBY/Metro_SemesterV-VI/ARM-FREERTOS/Worshop/lpc_chip_15xx/Debug/liblpc_chip_15xx.a(clock_15xx.o)
 .debug_info    0x00000000000055f7      0x618 /Users/DBY/Metro_SemesterV-VI/ARM-FREERTOS/Worshop/lpc_chip_15xx/Debug/liblpc_chip_15xx.a(gpio_15xx.o)
 .debug_info    0x0000000000005c0f      0x1e3 /Users/DBY/Metro_SemesterV-VI/ARM-FREERTOS/Worshop/lpc_chip_15xx/Debug/liblpc_chip_15xx.a(iocon_15xx.o)
 .debug_info    0x0000000000005df2      0x5e2 /Users/DBY/Metro_SemesterV-VI/ARM-FREERTOS/Worshop/lpc_chip_15xx/Debug/liblpc_chip_15xx.a(swm_15xx.o)
 .debug_info    0x00000000000063d4      0x749 /Users/DBY/Metro_SemesterV-VI/ARM-FREERTOS/Worshop/lpc_chip_15xx/Debug/liblpc_chip_15xx.a(sysctl_15xx.o)
 .debug_info    0x0000000000006b1d      0x735 /Users/DBY/Metro_SemesterV-VI/ARM-FREERTOS/Worshop/lpc_chip_15xx/Debug/liblpc_chip_15xx.a(sysinit_15xx.o)
 .debug_info    0x0000000000007252      0x926 /Users/DBY/Metro_SemesterV-VI/ARM-FREERTOS/Worshop/lpc_chip_15xx/Debug/liblpc_chip_15xx.a(uart_15xx.o)
 .debug_info    0x0000000000007b78     0x1307 /Users/DBY/Metro_SemesterV-VI/ARM-FREERTOS/Worshop/FreeRTOS/Debug/libFreeRTOS.a(queue.o)
 .debug_info    0x0000000000008e7f     0x26d4 /Users/DBY/Metro_SemesterV-VI/ARM-FREERTOS/Worshop/FreeRTOS/Debug/libFreeRTOS.a(tasks.o)
 .debug_info    0x000000000000b553       0xf8 /Users/DBY/Metro_SemesterV-VI/ARM-FREERTOS/Worshop/FreeRTOS/Debug/libFreeRTOS.a(heap_3.o)
 .debug_info    0x000000000000b64b      0x3ef /Users/DBY/Metro_SemesterV-VI/ARM-FREERTOS/Worshop/FreeRTOS/Debug/libFreeRTOS.a(port.o)
 .debug_info    0x000000000000ba3a      0x1ce /Users/DBY/Metro_SemesterV-VI/ARM-FREERTOS/Worshop/FreeRTOS/Debug/libFreeRTOS.a(FreeRTOSCommonHooks.o)
 .debug_info    0x000000000000bc08      0x2d1 /Users/DBY/Metro_SemesterV-VI/ARM-FREERTOS/Worshop/FreeRTOS/Debug/libFreeRTOS.a(list.o)
 .debug_info    0x000000000000bed9      0x132 /Applications/MCUXpressoIDE_11.6.1_8255/ide/plugins/com.nxp.mcuxpresso.tools.macosx_11.6.1.202207200623/tools/bin/../lib/gcc/arm-none-eabi/10.3.1/../../../../arm-none-eabi/lib/thumb/v7-m/nofp/libcr_newlib_nohost.a(_cr_sbrk.o)
 .debug_info    0x000000000000c00b       0x71 /Applications/MCUXpressoIDE_11.6.1_8255/ide/plugins/com.nxp.mcuxpresso.tools.macosx_11.6.1.202207200623/tools/bin/../lib/gcc/arm-none-eabi/10.3.1/../../../../arm-none-eabi/lib/thumb/v7-m/nofp/libcr_newlib_nohost.a(_cr_check_heap.o)

.debug_abbrev   0x0000000000000000     0x24f2
 .debug_abbrev  0x0000000000000000      0x125 ./src/cr_startup_lpc15xx.o
 .debug_abbrev  0x0000000000000125      0x236 ./src/heap_lock_monitor.o
 .debug_abbrev  0x000000000000035b      0x294 ./src/lab2_02.o
 .debug_abbrev  0x00000000000005ef       0x47 ./src/sysinit.o
 .debug_abbrev  0x0000000000000636      0x274 /Users/DBY/Metro_SemesterV-VI/ARM-FREERTOS/Worshop/lpc_board_nxp_lpcxpresso_1549/Debug/liblpc_board_nxp_lpcxpresso_1549.a(board.o)
 .debug_abbrev  0x00000000000008aa      0x232 /Users/DBY/Metro_SemesterV-VI/ARM-FREERTOS/Worshop/lpc_board_nxp_lpcxpresso_1549/Debug/liblpc_board_nxp_lpcxpresso_1549.a(board_sysinit.o)
 .debug_abbrev  0x0000000000000adc      0x1c8 /Users/DBY/Metro_SemesterV-VI/ARM-FREERTOS/Worshop/lpc_chip_15xx/Debug/liblpc_chip_15xx.a(chip_15xx.o)
 .debug_abbrev  0x0000000000000ca4      0x2c6 /Users/DBY/Metro_SemesterV-VI/ARM-FREERTOS/Worshop/lpc_chip_15xx/Debug/liblpc_chip_15xx.a(clock_15xx.o)
 .debug_abbrev  0x0000000000000f6a      0x15d /Users/DBY/Metro_SemesterV-VI/ARM-FREERTOS/Worshop/lpc_chip_15xx/Debug/liblpc_chip_15xx.a(gpio_15xx.o)
 .debug_abbrev  0x00000000000010c7      0x129 /Users/DBY/Metro_SemesterV-VI/ARM-FREERTOS/Worshop/lpc_chip_15xx/Debug/liblpc_chip_15xx.a(iocon_15xx.o)
 .debug_abbrev  0x00000000000011f0      0x14e /Users/DBY/Metro_SemesterV-VI/ARM-FREERTOS/Worshop/lpc_chip_15xx/Debug/liblpc_chip_15xx.a(swm_15xx.o)
 .debug_abbrev  0x000000000000133e      0x11f /Users/DBY/Metro_SemesterV-VI/ARM-FREERTOS/Worshop/lpc_chip_15xx/Debug/liblpc_chip_15xx.a(sysctl_15xx.o)
 .debug_abbrev  0x000000000000145d      0x1a8 /Users/DBY/Metro_SemesterV-VI/ARM-FREERTOS/Worshop/lpc_chip_15xx/Debug/liblpc_chip_15xx.a(sysinit_15xx.o)
 .debug_abbrev  0x0000000000001605      0x1ff /Users/DBY/Metro_SemesterV-VI/ARM-FREERTOS/Worshop/lpc_chip_15xx/Debug/liblpc_chip_15xx.a(uart_15xx.o)
 .debug_abbrev  0x0000000000001804      0x2b0 /Users/DBY/Metro_SemesterV-VI/ARM-FREERTOS/Worshop/FreeRTOS/Debug/libFreeRTOS.a(queue.o)
 .debug_abbrev  0x0000000000001ab4      0x3ee /Users/DBY/Metro_SemesterV-VI/ARM-FREERTOS/Worshop/FreeRTOS/Debug/libFreeRTOS.a(tasks.o)
 .debug_abbrev  0x0000000000001ea2       0xca /Users/DBY/Metro_SemesterV-VI/ARM-FREERTOS/Worshop/FreeRTOS/Debug/libFreeRTOS.a(heap_3.o)
 .debug_abbrev  0x0000000000001f6c      0x215 /Users/DBY/Metro_SemesterV-VI/ARM-FREERTOS/Worshop/FreeRTOS/Debug/libFreeRTOS.a(port.o)
 .debug_abbrev  0x0000000000002181      0x131 /Users/DBY/Metro_SemesterV-VI/ARM-FREERTOS/Worshop/FreeRTOS/Debug/libFreeRTOS.a(FreeRTOSCommonHooks.o)
 .debug_abbrev  0x00000000000022b2       0xf2 /Users/DBY/Metro_SemesterV-VI/ARM-FREERTOS/Worshop/FreeRTOS/Debug/libFreeRTOS.a(list.o)
 .debug_abbrev  0x00000000000023a4       0xe3 /Applications/MCUXpressoIDE_11.6.1_8255/ide/plugins/com.nxp.mcuxpresso.tools.macosx_11.6.1.202207200623/tools/bin/../lib/gcc/arm-none-eabi/10.3.1/../../../../arm-none-eabi/lib/thumb/v7-m/nofp/libcr_newlib_nohost.a(_cr_sbrk.o)
 .debug_abbrev  0x0000000000002487       0x6b /Applications/MCUXpressoIDE_11.6.1_8255/ide/plugins/com.nxp.mcuxpresso.tools.macosx_11.6.1.202207200623/tools/bin/../lib/gcc/arm-none-eabi/10.3.1/../../../../arm-none-eabi/lib/thumb/v7-m/nofp/libcr_newlib_nohost.a(_cr_check_heap.o)

.debug_aranges  0x0000000000000000      0xa78
 .debug_aranges
                0x0000000000000000       0x80 ./src/cr_startup_lpc15xx.o
 .debug_aranges
                0x0000000000000080       0x38 ./src/heap_lock_monitor.o
 .debug_aranges
                0x00000000000000b8       0x40 ./src/lab2_02.o
 .debug_aranges
                0x00000000000000f8       0x20 ./src/sysinit.o
 .debug_aranges
                0x0000000000000118       0xd0 /Users/DBY/Metro_SemesterV-VI/ARM-FREERTOS/Worshop/lpc_board_nxp_lpcxpresso_1549/Debug/liblpc_board_nxp_lpcxpresso_1549.a(board.o)
 .debug_aranges
                0x00000000000001e8       0x60 /Users/DBY/Metro_SemesterV-VI/ARM-FREERTOS/Worshop/lpc_board_nxp_lpcxpresso_1549/Debug/liblpc_board_nxp_lpcxpresso_1549.a(board_sysinit.o)
 .debug_aranges
                0x0000000000000248       0x50 /Users/DBY/Metro_SemesterV-VI/ARM-FREERTOS/Worshop/lpc_chip_15xx/Debug/liblpc_chip_15xx.a(chip_15xx.o)
 .debug_aranges
                0x0000000000000298      0x128 /Users/DBY/Metro_SemesterV-VI/ARM-FREERTOS/Worshop/lpc_chip_15xx/Debug/liblpc_chip_15xx.a(clock_15xx.o)
 .debug_aranges
                0x00000000000003c0       0x70 /Users/DBY/Metro_SemesterV-VI/ARM-FREERTOS/Worshop/lpc_chip_15xx/Debug/liblpc_chip_15xx.a(gpio_15xx.o)
 .debug_aranges
                0x0000000000000430       0x28 /Users/DBY/Metro_SemesterV-VI/ARM-FREERTOS/Worshop/lpc_chip_15xx/Debug/liblpc_chip_15xx.a(iocon_15xx.o)
 .debug_aranges
                0x0000000000000458       0x40 /Users/DBY/Metro_SemesterV-VI/ARM-FREERTOS/Worshop/lpc_chip_15xx/Debug/liblpc_chip_15xx.a(swm_15xx.o)
 .debug_aranges
                0x0000000000000498       0x50 /Users/DBY/Metro_SemesterV-VI/ARM-FREERTOS/Worshop/lpc_chip_15xx/Debug/liblpc_chip_15xx.a(sysctl_15xx.o)
 .debug_aranges
                0x00000000000004e8       0x58 /Users/DBY/Metro_SemesterV-VI/ARM-FREERTOS/Worshop/lpc_chip_15xx/Debug/liblpc_chip_15xx.a(sysinit_15xx.o)
 .debug_aranges
                0x0000000000000540       0xc8 /Users/DBY/Metro_SemesterV-VI/ARM-FREERTOS/Worshop/lpc_chip_15xx/Debug/liblpc_chip_15xx.a(uart_15xx.o)
 .debug_aranges
                0x0000000000000608      0x128 /Users/DBY/Metro_SemesterV-VI/ARM-FREERTOS/Worshop/FreeRTOS/Debug/libFreeRTOS.a(queue.o)
 .debug_aranges
                0x0000000000000730      0x1f0 /Users/DBY/Metro_SemesterV-VI/ARM-FREERTOS/Worshop/FreeRTOS/Debug/libFreeRTOS.a(tasks.o)
 .debug_aranges
                0x0000000000000920       0x28 /Users/DBY/Metro_SemesterV-VI/ARM-FREERTOS/Worshop/FreeRTOS/Debug/libFreeRTOS.a(heap_3.o)
 .debug_aranges
                0x0000000000000948       0x70 /Users/DBY/Metro_SemesterV-VI/ARM-FREERTOS/Worshop/FreeRTOS/Debug/libFreeRTOS.a(port.o)
 .debug_aranges
                0x00000000000009b8       0x40 /Users/DBY/Metro_SemesterV-VI/ARM-FREERTOS/Worshop/FreeRTOS/Debug/libFreeRTOS.a(FreeRTOSCommonHooks.o)
 .debug_aranges
                0x00000000000009f8       0x40 /Users/DBY/Metro_SemesterV-VI/ARM-FREERTOS/Worshop/FreeRTOS/Debug/libFreeRTOS.a(list.o)
 .debug_aranges
                0x0000000000000a38       0x20 /Applications/MCUXpressoIDE_11.6.1_8255/ide/plugins/com.nxp.mcuxpresso.tools.macosx_11.6.1.202207200623/tools/bin/../lib/gcc/arm-none-eabi/10.3.1/../../../../arm-none-eabi/lib/thumb/v7-m/nofp/libcr_newlib_nohost.a(_cr_sbrk.o)
 .debug_aranges
                0x0000000000000a58       0x20 /Applications/MCUXpressoIDE_11.6.1_8255/ide/plugins/com.nxp.mcuxpresso.tools.macosx_11.6.1.202207200623/tools/bin/../lib/gcc/arm-none-eabi/10.3.1/../../../../arm-none-eabi/lib/thumb/v7-m/nofp/libcr_newlib_nohost.a(_cr_check_heap.o)

.debug_ranges   0x0000000000000000      0x930
 .debug_ranges  0x0000000000000000       0x70 ./src/cr_startup_lpc15xx.o
 .debug_ranges  0x0000000000000070       0x28 ./src/heap_lock_monitor.o
 .debug_ranges  0x0000000000000098       0x30 ./src/lab2_02.o
 .debug_ranges  0x00000000000000c8       0x10 ./src/sysinit.o
 .debug_ranges  0x00000000000000d8       0xd8 /Users/DBY/Metro_SemesterV-VI/ARM-FREERTOS/Worshop/lpc_board_nxp_lpcxpresso_1549/Debug/liblpc_board_nxp_lpcxpresso_1549.a(board.o)
 .debug_ranges  0x00000000000001b0       0x50 /Users/DBY/Metro_SemesterV-VI/ARM-FREERTOS/Worshop/lpc_board_nxp_lpcxpresso_1549/Debug/liblpc_board_nxp_lpcxpresso_1549.a(board_sysinit.o)
 .debug_ranges  0x0000000000000200       0x40 /Users/DBY/Metro_SemesterV-VI/ARM-FREERTOS/Worshop/lpc_chip_15xx/Debug/liblpc_chip_15xx.a(chip_15xx.o)
 .debug_ranges  0x0000000000000240      0x118 /Users/DBY/Metro_SemesterV-VI/ARM-FREERTOS/Worshop/lpc_chip_15xx/Debug/liblpc_chip_15xx.a(clock_15xx.o)
 .debug_ranges  0x0000000000000358       0x60 /Users/DBY/Metro_SemesterV-VI/ARM-FREERTOS/Worshop/lpc_chip_15xx/Debug/liblpc_chip_15xx.a(gpio_15xx.o)
 .debug_ranges  0x00000000000003b8       0x18 /Users/DBY/Metro_SemesterV-VI/ARM-FREERTOS/Worshop/lpc_chip_15xx/Debug/liblpc_chip_15xx.a(iocon_15xx.o)
 .debug_ranges  0x00000000000003d0       0x30 /Users/DBY/Metro_SemesterV-VI/ARM-FREERTOS/Worshop/lpc_chip_15xx/Debug/liblpc_chip_15xx.a(swm_15xx.o)
 .debug_ranges  0x0000000000000400       0x40 /Users/DBY/Metro_SemesterV-VI/ARM-FREERTOS/Worshop/lpc_chip_15xx/Debug/liblpc_chip_15xx.a(sysctl_15xx.o)
 .debug_ranges  0x0000000000000440       0x48 /Users/DBY/Metro_SemesterV-VI/ARM-FREERTOS/Worshop/lpc_chip_15xx/Debug/liblpc_chip_15xx.a(sysinit_15xx.o)
 .debug_ranges  0x0000000000000488       0xb8 /Users/DBY/Metro_SemesterV-VI/ARM-FREERTOS/Worshop/lpc_chip_15xx/Debug/liblpc_chip_15xx.a(uart_15xx.o)
 .debug_ranges  0x0000000000000540      0x118 /Users/DBY/Metro_SemesterV-VI/ARM-FREERTOS/Worshop/FreeRTOS/Debug/libFreeRTOS.a(queue.o)
 .debug_ranges  0x0000000000000658      0x1e0 /Users/DBY/Metro_SemesterV-VI/ARM-FREERTOS/Worshop/FreeRTOS/Debug/libFreeRTOS.a(tasks.o)
 .debug_ranges  0x0000000000000838       0x18 /Users/DBY/Metro_SemesterV-VI/ARM-FREERTOS/Worshop/FreeRTOS/Debug/libFreeRTOS.a(heap_3.o)
 .debug_ranges  0x0000000000000850       0x60 /Users/DBY/Metro_SemesterV-VI/ARM-FREERTOS/Worshop/FreeRTOS/Debug/libFreeRTOS.a(port.o)
 .debug_ranges  0x00000000000008b0       0x30 /Users/DBY/Metro_SemesterV-VI/ARM-FREERTOS/Worshop/FreeRTOS/Debug/libFreeRTOS.a(FreeRTOSCommonHooks.o)
 .debug_ranges  0x00000000000008e0       0x30 /Users/DBY/Metro_SemesterV-VI/ARM-FREERTOS/Worshop/FreeRTOS/Debug/libFreeRTOS.a(list.o)
 .debug_ranges  0x0000000000000910       0x10 /Applications/MCUXpressoIDE_11.6.1_8255/ide/plugins/com.nxp.mcuxpresso.tools.macosx_11.6.1.202207200623/tools/bin/../lib/gcc/arm-none-eabi/10.3.1/../../../../arm-none-eabi/lib/thumb/v7-m/nofp/libcr_newlib_nohost.a(_cr_sbrk.o)
 .debug_ranges  0x0000000000000920       0x10 /Applications/MCUXpressoIDE_11.6.1_8255/ide/plugins/com.nxp.mcuxpresso.tools.macosx_11.6.1.202207200623/tools/bin/../lib/gcc/arm-none-eabi/10.3.1/../../../../arm-none-eabi/lib/thumb/v7-m/nofp/libcr_newlib_nohost.a(_cr_check_heap.o)

.debug_macro    0x0000000000000000     0x83fa
 .debug_macro   0x0000000000000000       0x23 ./src/cr_startup_lpc15xx.o
 .debug_macro   0x0000000000000023      0x3f4 ./src/heap_lock_monitor.o
 .debug_macro   0x0000000000000417      0x174 ./src/heap_lock_monitor.o
 .debug_macro   0x000000000000058b       0x22 ./src/heap_lock_monitor.o
 .debug_macro   0x00000000000005ad       0x74 ./src/heap_lock_monitor.o
 .debug_macro   0x0000000000000621      0xa7d ./src/heap_lock_monitor.o
 .debug_macro   0x000000000000109e       0x11 ./src/heap_lock_monitor.o
 .debug_macro   0x00000000000010af       0x34 ./src/heap_lock_monitor.o
 .debug_macro   0x00000000000010e3       0x64 ./src/heap_lock_monitor.o
 .debug_macro   0x0000000000001147       0x34 ./src/heap_lock_monitor.o
 .debug_macro   0x000000000000117b       0x16 ./src/heap_lock_monitor.o
 .debug_macro   0x0000000000001191       0x35 ./src/heap_lock_monitor.o
 .debug_macro   0x00000000000011c6      0x341 ./src/heap_lock_monitor.o
 .debug_macro   0x0000000000001507       0x10 ./src/heap_lock_monitor.o
 .debug_macro   0x0000000000001517       0x43 ./src/heap_lock_monitor.o
 .debug_macro   0x000000000000155a       0xbe ./src/heap_lock_monitor.o
 .debug_macro   0x0000000000001618       0x16 ./src/heap_lock_monitor.o
 .debug_macro   0x000000000000162e      0x129 ./src/heap_lock_monitor.o
 .debug_macro   0x0000000000001757       0x20 ./src/heap_lock_monitor.o
 .debug_macro   0x0000000000001777      0x126 ./src/heap_lock_monitor.o
 .debug_macro   0x000000000000189d      0x15a ./src/heap_lock_monitor.o
 .debug_macro   0x00000000000019f7       0xdd ./src/heap_lock_monitor.o
 .debug_macro   0x0000000000001ad4       0x1c ./src/heap_lock_monitor.o
 .debug_macro   0x0000000000001af0       0x26 ./src/heap_lock_monitor.o
 .debug_macro   0x0000000000001b16       0x16 ./src/heap_lock_monitor.o
 .debug_macro   0x0000000000001b2c      0x402 ./src/heap_lock_monitor.o
 .debug_macro   0x0000000000001f2e       0xb5 ./src/heap_lock_monitor.o
 .debug_macro   0x0000000000001fe3       0xaa ./src/heap_lock_monitor.o
 .debug_macro   0x000000000000208d       0x10 ./src/heap_lock_monitor.o
 .debug_macro   0x000000000000209d      0x461 ./src/lab2_02.o
 .debug_macro   0x00000000000024fe       0x97 ./src/lab2_02.o
 .debug_macro   0x0000000000002595      0x104 ./src/lab2_02.o
 .debug_macro   0x0000000000002699      0x114 ./src/lab2_02.o
 .debug_macro   0x00000000000027ad       0x82 ./src/lab2_02.o
 .debug_macro   0x000000000000282f      0x12c ./src/lab2_02.o
 .debug_macro   0x000000000000295b       0x35 ./src/lab2_02.o
 .debug_macro   0x0000000000002990       0x80 ./src/lab2_02.o
 .debug_macro   0x0000000000002a10       0x7e ./src/lab2_02.o
 .debug_macro   0x0000000000002a8e       0x16 ./src/lab2_02.o
 .debug_macro   0x0000000000002aa4       0x8e ./src/lab2_02.o
 .debug_macro   0x0000000000002b32      0x36b ./src/sysinit.o
 .debug_macro   0x0000000000002e9d       0x97 ./src/sysinit.o
 .debug_macro   0x0000000000002f34       0xfd ./src/sysinit.o
 .debug_macro   0x0000000000003031      0x3ed /Users/DBY/Metro_SemesterV-VI/ARM-FREERTOS/Worshop/lpc_board_nxp_lpcxpresso_1549/Debug/liblpc_board_nxp_lpcxpresso_1549.a(board.o)
 .debug_macro   0x000000000000341e      0xa7e /Users/DBY/Metro_SemesterV-VI/ARM-FREERTOS/Worshop/lpc_board_nxp_lpcxpresso_1549/Debug/liblpc_board_nxp_lpcxpresso_1549.a(board.o)
 .debug_macro   0x0000000000003e9c       0x8e /Users/DBY/Metro_SemesterV-VI/ARM-FREERTOS/Worshop/lpc_board_nxp_lpcxpresso_1549/Debug/liblpc_board_nxp_lpcxpresso_1549.a(board.o)
 .debug_macro   0x0000000000003f2a       0x10 /Users/DBY/Metro_SemesterV-VI/ARM-FREERTOS/Worshop/lpc_board_nxp_lpcxpresso_1549/Debug/liblpc_board_nxp_lpcxpresso_1549.a(board.o)
 .debug_macro   0x0000000000003f3a       0x1c /Users/DBY/Metro_SemesterV-VI/ARM-FREERTOS/Worshop/lpc_board_nxp_lpcxpresso_1549/Debug/liblpc_board_nxp_lpcxpresso_1549.a(board.o)
 .debug_macro   0x0000000000003f56       0x52 /Users/DBY/Metro_SemesterV-VI/ARM-FREERTOS/Worshop/lpc_board_nxp_lpcxpresso_1549/Debug/liblpc_board_nxp_lpcxpresso_1549.a(board.o)
 .debug_macro   0x0000000000003fa8       0x22 /Users/DBY/Metro_SemesterV-VI/ARM-FREERTOS/Worshop/lpc_board_nxp_lpcxpresso_1549/Debug/liblpc_board_nxp_lpcxpresso_1549.a(board.o)
 .debug_macro   0x0000000000003fca       0x10 /Users/DBY/Metro_SemesterV-VI/ARM-FREERTOS/Worshop/lpc_board_nxp_lpcxpresso_1549/Debug/liblpc_board_nxp_lpcxpresso_1549.a(board.o)
 .debug_macro   0x0000000000003fda       0x52 /Users/DBY/Metro_SemesterV-VI/ARM-FREERTOS/Worshop/lpc_board_nxp_lpcxpresso_1549/Debug/liblpc_board_nxp_lpcxpresso_1549.a(board.o)
 .debug_macro   0x000000000000402c       0xd5 /Users/DBY/Metro_SemesterV-VI/ARM-FREERTOS/Worshop/lpc_board_nxp_lpcxpresso_1549/Debug/liblpc_board_nxp_lpcxpresso_1549.a(board.o)
 .debug_macro   0x0000000000004101       0x1c /Users/DBY/Metro_SemesterV-VI/ARM-FREERTOS/Worshop/lpc_board_nxp_lpcxpresso_1549/Debug/liblpc_board_nxp_lpcxpresso_1549.a(board.o)
 .debug_macro   0x000000000000411d       0x3d /Users/DBY/Metro_SemesterV-VI/ARM-FREERTOS/Worshop/lpc_board_nxp_lpcxpresso_1549/Debug/liblpc_board_nxp_lpcxpresso_1549.a(board.o)
 .debug_macro   0x000000000000415a      0x16f /Users/DBY/Metro_SemesterV-VI/ARM-FREERTOS/Worshop/lpc_board_nxp_lpcxpresso_1549/Debug/liblpc_board_nxp_lpcxpresso_1549.a(board.o)
 .debug_macro   0x00000000000042c9       0x12 /Users/DBY/Metro_SemesterV-VI/ARM-FREERTOS/Worshop/lpc_board_nxp_lpcxpresso_1549/Debug/liblpc_board_nxp_lpcxpresso_1549.a(board.o)
 .debug_macro   0x00000000000042db      0x40e /Users/DBY/Metro_SemesterV-VI/ARM-FREERTOS/Worshop/lpc_board_nxp_lpcxpresso_1549/Debug/liblpc_board_nxp_lpcxpresso_1549.a(board_sysinit.o)
 .debug_macro   0x00000000000046e9      0x260 /Users/DBY/Metro_SemesterV-VI/ARM-FREERTOS/Worshop/lpc_chip_15xx/Debug/liblpc_chip_15xx.a(chip_15xx.o)
 .debug_macro   0x0000000000004949      0x260 /Users/DBY/Metro_SemesterV-VI/ARM-FREERTOS/Worshop/lpc_chip_15xx/Debug/liblpc_chip_15xx.a(clock_15xx.o)
 .debug_macro   0x0000000000004ba9      0x260 /Users/DBY/Metro_SemesterV-VI/ARM-FREERTOS/Worshop/lpc_chip_15xx/Debug/liblpc_chip_15xx.a(gpio_15xx.o)
 .debug_macro   0x0000000000004e09      0x260 /Users/DBY/Metro_SemesterV-VI/ARM-FREERTOS/Worshop/lpc_chip_15xx/Debug/liblpc_chip_15xx.a(iocon_15xx.o)
 .debug_macro   0x0000000000005069      0x26c /Users/DBY/Metro_SemesterV-VI/ARM-FREERTOS/Worshop/lpc_chip_15xx/Debug/liblpc_chip_15xx.a(swm_15xx.o)
 .debug_macro   0x00000000000052d5      0x278 /Users/DBY/Metro_SemesterV-VI/ARM-FREERTOS/Worshop/lpc_chip_15xx/Debug/liblpc_chip_15xx.a(sysctl_15xx.o)
 .debug_macro   0x000000000000554d      0x260 /Users/DBY/Metro_SemesterV-VI/ARM-FREERTOS/Worshop/lpc_chip_15xx/Debug/liblpc_chip_15xx.a(sysinit_15xx.o)
 .debug_macro   0x00000000000057ad      0x260 /Users/DBY/Metro_SemesterV-VI/ARM-FREERTOS/Worshop/lpc_chip_15xx/Debug/liblpc_chip_15xx.a(uart_15xx.o)
 .debug_macro   0x0000000000005a0d      0x4fa /Users/DBY/Metro_SemesterV-VI/ARM-FREERTOS/Worshop/FreeRTOS/Debug/libFreeRTOS.a(queue.o)
 .debug_macro   0x0000000000005f07      0xa84 /Users/DBY/Metro_SemesterV-VI/ARM-FREERTOS/Worshop/FreeRTOS/Debug/libFreeRTOS.a(queue.o)
 .debug_macro   0x000000000000698b      0x10e /Users/DBY/Metro_SemesterV-VI/ARM-FREERTOS/Worshop/FreeRTOS/Debug/libFreeRTOS.a(queue.o)
 .debug_macro   0x0000000000006a99       0x8d /Users/DBY/Metro_SemesterV-VI/ARM-FREERTOS/Worshop/FreeRTOS/Debug/libFreeRTOS.a(queue.o)
 .debug_macro   0x0000000000006b26       0x16 /Users/DBY/Metro_SemesterV-VI/ARM-FREERTOS/Worshop/FreeRTOS/Debug/libFreeRTOS.a(queue.o)
 .debug_macro   0x0000000000006b3c       0x29 /Users/DBY/Metro_SemesterV-VI/ARM-FREERTOS/Worshop/FreeRTOS/Debug/libFreeRTOS.a(queue.o)
 .debug_macro   0x0000000000006b65       0x1c /Users/DBY/Metro_SemesterV-VI/ARM-FREERTOS/Worshop/FreeRTOS/Debug/libFreeRTOS.a(queue.o)
 .debug_macro   0x0000000000006b81      0x567 /Users/DBY/Metro_SemesterV-VI/ARM-FREERTOS/Worshop/FreeRTOS/Debug/libFreeRTOS.a(tasks.o)
 .debug_macro   0x00000000000070e8       0x91 /Users/DBY/Metro_SemesterV-VI/ARM-FREERTOS/Worshop/FreeRTOS/Debug/libFreeRTOS.a(tasks.o)
 .debug_macro   0x0000000000007179       0x10 /Users/DBY/Metro_SemesterV-VI/ARM-FREERTOS/Worshop/FreeRTOS/Debug/libFreeRTOS.a(tasks.o)
 .debug_macro   0x0000000000007189       0x16 /Users/DBY/Metro_SemesterV-VI/ARM-FREERTOS/Worshop/FreeRTOS/Debug/libFreeRTOS.a(tasks.o)
 .debug_macro   0x000000000000719f      0x48b /Users/DBY/Metro_SemesterV-VI/ARM-FREERTOS/Worshop/FreeRTOS/Debug/libFreeRTOS.a(heap_3.o)
 .debug_macro   0x000000000000762a      0x4f9 /Users/DBY/Metro_SemesterV-VI/ARM-FREERTOS/Worshop/FreeRTOS/Debug/libFreeRTOS.a(port.o)
 .debug_macro   0x0000000000007b23      0x467 /Users/DBY/Metro_SemesterV-VI/ARM-FREERTOS/Worshop/FreeRTOS/Debug/libFreeRTOS.a(FreeRTOSCommonHooks.o)
 .debug_macro   0x0000000000007f8a      0x470 /Users/DBY/Metro_SemesterV-VI/ARM-FREERTOS/Worshop/FreeRTOS/Debug/libFreeRTOS.a(list.o)

.debug_line     0x0000000000000000     0xc991
 .debug_line    0x0000000000000000      0x172 ./src/cr_startup_lpc15xx.o
 .debug_line    0x0000000000000172      0x949 ./src/heap_lock_monitor.o
 .debug_line    0x0000000000000abb      0xb47 ./src/lab2_02.o
 .debug_line    0x0000000000001602      0x734 ./src/sysinit.o
 .debug_line    0x0000000000001d36      0xaf2 /Users/DBY/Metro_SemesterV-VI/ARM-FREERTOS/Worshop/lpc_board_nxp_lpcxpresso_1549/Debug/liblpc_board_nxp_lpcxpresso_1549.a(board.o)
 .debug_line    0x0000000000002828      0x930 /Users/DBY/Metro_SemesterV-VI/ARM-FREERTOS/Worshop/lpc_board_nxp_lpcxpresso_1549/Debug/liblpc_board_nxp_lpcxpresso_1549.a(board_sysinit.o)
 .debug_line    0x0000000000003158      0x6ec /Users/DBY/Metro_SemesterV-VI/ARM-FREERTOS/Worshop/lpc_chip_15xx/Debug/liblpc_chip_15xx.a(chip_15xx.o)
 .debug_line    0x0000000000003844      0xb11 /Users/DBY/Metro_SemesterV-VI/ARM-FREERTOS/Worshop/lpc_chip_15xx/Debug/liblpc_chip_15xx.a(clock_15xx.o)
 .debug_line    0x0000000000004355      0x762 /Users/DBY/Metro_SemesterV-VI/ARM-FREERTOS/Worshop/lpc_chip_15xx/Debug/liblpc_chip_15xx.a(gpio_15xx.o)
 .debug_line    0x0000000000004ab7      0x669 /Users/DBY/Metro_SemesterV-VI/ARM-FREERTOS/Worshop/lpc_chip_15xx/Debug/liblpc_chip_15xx.a(iocon_15xx.o)
 .debug_line    0x0000000000005120      0x6d4 /Users/DBY/Metro_SemesterV-VI/ARM-FREERTOS/Worshop/lpc_chip_15xx/Debug/liblpc_chip_15xx.a(swm_15xx.o)
 .debug_line    0x00000000000057f4      0x729 /Users/DBY/Metro_SemesterV-VI/ARM-FREERTOS/Worshop/lpc_chip_15xx/Debug/liblpc_chip_15xx.a(sysctl_15xx.o)
 .debug_line    0x0000000000005f1d      0x74a /Users/DBY/Metro_SemesterV-VI/ARM-FREERTOS/Worshop/lpc_chip_15xx/Debug/liblpc_chip_15xx.a(sysinit_15xx.o)
 .debug_line    0x0000000000006667      0x954 /Users/DBY/Metro_SemesterV-VI/ARM-FREERTOS/Worshop/lpc_chip_15xx/Debug/liblpc_chip_15xx.a(uart_15xx.o)
 .debug_line    0x0000000000006fbb     0x1377 /Users/DBY/Metro_SemesterV-VI/ARM-FREERTOS/Worshop/FreeRTOS/Debug/libFreeRTOS.a(queue.o)
 .debug_line    0x0000000000008332     0x1be1 /Users/DBY/Metro_SemesterV-VI/ARM-FREERTOS/Worshop/FreeRTOS/Debug/libFreeRTOS.a(tasks.o)
 .debug_line    0x0000000000009f13      0x977 /Users/DBY/Metro_SemesterV-VI/ARM-FREERTOS/Worshop/FreeRTOS/Debug/libFreeRTOS.a(heap_3.o)
 .debug_line    0x000000000000a88a      0xadd /Users/DBY/Metro_SemesterV-VI/ARM-FREERTOS/Worshop/FreeRTOS/Debug/libFreeRTOS.a(port.o)
 .debug_line    0x000000000000b367      0x9ca /Users/DBY/Metro_SemesterV-VI/ARM-FREERTOS/Worshop/FreeRTOS/Debug/libFreeRTOS.a(FreeRTOSCommonHooks.o)
 .debug_line    0x000000000000bd31      0xa2a /Users/DBY/Metro_SemesterV-VI/ARM-FREERTOS/Worshop/FreeRTOS/Debug/libFreeRTOS.a(list.o)
 .debug_line    0x000000000000c75b      0x1d5 /Applications/MCUXpressoIDE_11.6.1_8255/ide/plugins/com.nxp.mcuxpresso.tools.macosx_11.6.1.202207200623/tools/bin/../lib/gcc/arm-none-eabi/10.3.1/../../../../arm-none-eabi/lib/thumb/v7-m/nofp/libcr_newlib_nohost.a(_cr_sbrk.o)
 .debug_line    0x000000000000c930       0x61 /Applications/MCUXpressoIDE_11.6.1_8255/ide/plugins/com.nxp.mcuxpresso.tools.macosx_11.6.1.202207200623/tools/bin/../lib/gcc/arm-none-eabi/10.3.1/../../../../arm-none-eabi/lib/thumb/v7-m/nofp/libcr_newlib_nohost.a(_cr_check_heap.o)

.debug_str      0x0000000000000000    0x20f67
 .debug_str     0x0000000000000000     0x31f8 ./src/cr_startup_lpc15xx.o
                                       0x3236 (size before relaxing)
 .debug_str     0x00000000000031f8    0x1382e ./src/heap_lock_monitor.o
                                      0x165b9 (size before relaxing)
 .debug_str     0x0000000000016a26     0x49e8 ./src/lab2_02.o
                                      0x1adac (size before relaxing)
 .debug_str     0x000000000001b40e       0x11 ./src/sysinit.o
                                      0x12474 (size before relaxing)
 .debug_str     0x000000000001b41f      0xe56 /Users/DBY/Metro_SemesterV-VI/ARM-FREERTOS/Worshop/lpc_board_nxp_lpcxpresso_1549/Debug/liblpc_board_nxp_lpcxpresso_1549.a(board.o)
                                      0x13833 (size before relaxing)
 .debug_str     0x000000000001c275      0x7dd /Users/DBY/Metro_SemesterV-VI/ARM-FREERTOS/Worshop/lpc_board_nxp_lpcxpresso_1549/Debug/liblpc_board_nxp_lpcxpresso_1549.a(board_sysinit.o)
                                      0x13e43 (size before relaxing)
 .debug_str     0x000000000001ca52       0xc3 /Users/DBY/Metro_SemesterV-VI/ARM-FREERTOS/Worshop/lpc_chip_15xx/Debug/liblpc_chip_15xx.a(chip_15xx.o)
                                       0xfc58 (size before relaxing)
 .debug_str     0x000000000001cb15      0x64e /Users/DBY/Metro_SemesterV-VI/ARM-FREERTOS/Worshop/lpc_chip_15xx/Debug/liblpc_chip_15xx.a(clock_15xx.o)
                                      0x1007a (size before relaxing)
 .debug_str     0x000000000001d163       0xdf /Users/DBY/Metro_SemesterV-VI/ARM-FREERTOS/Worshop/lpc_chip_15xx/Debug/liblpc_chip_15xx.a(gpio_15xx.o)
                                       0xf705 (size before relaxing)
 .debug_str     0x000000000001d242       0x41 /Users/DBY/Metro_SemesterV-VI/ARM-FREERTOS/Worshop/lpc_chip_15xx/Debug/liblpc_chip_15xx.a(iocon_15xx.o)
                                       0xf222 (size before relaxing)
 .debug_str     0x000000000001d283      0x55d /Users/DBY/Metro_SemesterV-VI/ARM-FREERTOS/Worshop/lpc_chip_15xx/Debug/liblpc_chip_15xx.a(swm_15xx.o)
                                       0xfc2a (size before relaxing)