Archive member included to satisfy reference by file (symbol)

/Users/DBY/Metro_SemesterV-VI/ARM-FREERTOS/Worshop/lpc_board_nxp_lpcxpresso_1549/Debug/liblpc_board_nxp_lpcxpresso_1549.a(board.o)
                              ./src/lab2_01.o (Board_LED_Set)
/Users/DBY/Metro_SemesterV-VI/ARM-FREERTOS/Worshop/lpc_board_nxp_lpcxpresso_1549/Debug/liblpc_board_nxp_lpcxpresso_1549.a(board_sysinit.o)
                              ./src/sysinit.o (Board_SystemInit)
/Users/DBY/Metro_SemesterV-VI/ARM-FREERTOS/Worshop/lpc_chip_15xx/Debug/liblpc_chip_15xx.a(chip_15xx.o)
                              ./src/lab2_01.o (SystemCoreClockUpdate)
/Users/DBY/Metro_SemesterV-VI/ARM-FREERTOS/Worshop/lpc_chip_15xx/Debug/liblpc_chip_15xx.a(clock_15xx.o)
                              ./src/LpcUart.o (Chip_Clock_GetMainClockRate)
/Users/DBY/Metro_SemesterV-VI/ARM-FREERTOS/Worshop/lpc_chip_15xx/Debug/liblpc_chip_15xx.a(gpio_15xx.o)
                              /Users/DBY/Metro_SemesterV-VI/ARM-FREERTOS/Worshop/lpc_board_nxp_lpcxpresso_1549/Debug/liblpc_board_nxp_lpcxpresso_1549.a(board.o) (Chip_GPIO_Init)
/Users/DBY/Metro_SemesterV-VI/ARM-FREERTOS/Worshop/lpc_chip_15xx/Debug/liblpc_chip_15xx.a(iocon_15xx.o)
                              /Users/DBY/Metro_SemesterV-VI/ARM-FREERTOS/Worshop/lpc_board_nxp_lpcxpresso_1549/Debug/liblpc_board_nxp_lpcxpresso_1549.a(board_sysinit.o) (Chip_IOCON_SetPinMuxing)
/Users/DBY/Metro_SemesterV-VI/ARM-FREERTOS/Worshop/lpc_chip_15xx/Debug/liblpc_chip_15xx.a(ring_buffer.o)
                              ./src/LpcUart.o (RingBuffer_Init)
/Users/DBY/Metro_SemesterV-VI/ARM-FREERTOS/Worshop/lpc_chip_15xx/Debug/liblpc_chip_15xx.a(sct_15xx.o)
                              ./src/lab2_01.o (Chip_SCT_Init)
/Users/DBY/Metro_SemesterV-VI/ARM-FREERTOS/Worshop/lpc_chip_15xx/Debug/liblpc_chip_15xx.a(swm_15xx.o)
                              ./src/LpcUart.o (Chip_SWM_MovablePinAssign)
/Users/DBY/Metro_SemesterV-VI/ARM-FREERTOS/Worshop/lpc_chip_15xx/Debug/liblpc_chip_15xx.a(sysctl_15xx.o)
                              /Users/DBY/Metro_SemesterV-VI/ARM-FREERTOS/Worshop/lpc_board_nxp_lpcxpresso_1549/Debug/liblpc_board_nxp_lpcxpresso_1549.a(board_sysinit.o) (Chip_SYSCTL_AssertPeriphReset)
/Users/DBY/Metro_SemesterV-VI/ARM-FREERTOS/Worshop/lpc_chip_15xx/Debug/liblpc_chip_15xx.a(sysinit_15xx.o)
                              /Users/DBY/Metro_SemesterV-VI/ARM-FREERTOS/Worshop/lpc_board_nxp_lpcxpresso_1549/Debug/liblpc_board_nxp_lpcxpresso_1549.a(board_sysinit.o) (Chip_SetupXtalClocking)
/Users/DBY/Metro_SemesterV-VI/ARM-FREERTOS/Worshop/lpc_chip_15xx/Debug/liblpc_chip_15xx.a(uart_15xx.o)
                              ./src/LpcUart.o (Chip_UART_Init)
/Users/DBY/Metro_SemesterV-VI/ARM-FREERTOS/Worshop/FreeRTOS/Debug/libFreeRTOS.a(queue.o)
                              ./src/Fmutex.o (xQueueGenericSend)
/Users/DBY/Metro_SemesterV-VI/ARM-FREERTOS/Worshop/FreeRTOS/Debug/libFreeRTOS.a(tasks.o)
                              ./src/lab2_01.o (xTaskCreate)
/Users/DBY/Metro_SemesterV-VI/ARM-FREERTOS/Worshop/FreeRTOS/Debug/libFreeRTOS.a(heap_3.o)
                              /Users/DBY/Metro_SemesterV-VI/ARM-FREERTOS/Worshop/FreeRTOS/Debug/libFreeRTOS.a(queue.o) (pvPortMalloc)
/Users/DBY/Metro_SemesterV-VI/ARM-FREERTOS/Worshop/FreeRTOS/Debug/libFreeRTOS.a(port.o)
                              /Users/DBY/Metro_SemesterV-VI/ARM-FREERTOS/Worshop/FreeRTOS/Debug/libFreeRTOS.a(tasks.o) (pxPortInitialiseStack)
/Users/DBY/Metro_SemesterV-VI/ARM-FREERTOS/Worshop/FreeRTOS/Debug/libFreeRTOS.a(FreeRTOSCommonHooks.o)
                              /Users/DBY/Metro_SemesterV-VI/ARM-FREERTOS/Worshop/FreeRTOS/Debug/libFreeRTOS.a(heap_3.o) (vApplicationMallocFailedHook)
/Users/DBY/Metro_SemesterV-VI/ARM-FREERTOS/Worshop/FreeRTOS/Debug/libFreeRTOS.a(list.o)
                              /Users/DBY/Metro_SemesterV-VI/ARM-FREERTOS/Worshop/FreeRTOS/Debug/libFreeRTOS.a(queue.o) (vListInitialise)
/Applications/MCUXpressoIDE_11.6.1_8255/ide/plugins/com.nxp.mcuxpresso.tools.macosx_11.6.1.202207200623/tools/bin/../lib/gcc/arm-none-eabi/10.3.1/thumb/v7-m/nofp/libgcc.a(_arm_muldf3.o)
                              ./src/heap_lock_monitor.o (__aeabi_dmul)
/Applications/MCUXpressoIDE_11.6.1_8255/ide/plugins/com.nxp.mcuxpresso.tools.macosx_11.6.1.202207200623/tools/bin/../lib/gcc/arm-none-eabi/10.3.1/thumb/v7-m/nofp/libgcc.a(_arm_addsubdf3.o)
                              ./src/heap_lock_monitor.o (__aeabi_ui2d)
/Applications/MCUXpressoIDE_11.6.1_8255/ide/plugins/com.nxp.mcuxpresso.tools.macosx_11.6.1.202207200623/tools/bin/../lib/gcc/arm-none-eabi/10.3.1/thumb/v7-m/nofp/libgcc.a(_arm_muldivdf3.o)
                              ./src/heap_lock_monitor.o (__aeabi_ddiv)
/Applications/MCUXpressoIDE_11.6.1_8255/ide/plugins/com.nxp.mcuxpresso.tools.macosx_11.6.1.202207200623/tools/bin/../lib/gcc/arm-none-eabi/10.3.1/thumb/v7-m/nofp/libgcc.a(_arm_truncdfsf2.o)
                              ./src/heap_lock_monitor.o (__aeabi_d2f)
[...]
Memory Configuration

Name             Origin             Length             Attributes
MFlash256        0x0000000000000000 0x0000000000040000 xr
Ram0_16_32       0x0000000002000000 0x0000000000008000 xrw
Ram2_4           0x0000000002008000 0x0000000000001000 xrw
*default*        0x0000000000000000 0xffffffffffffffff

Linker script and memory map

LOAD ./src/DigitalIoPin.o
LOAD ./src/Fmutex.o
LOAD ./src/LpcUart.o
LOAD ./src/cr_cpp_config.o
LOAD ./src/cr_startup_lpc15xx.o
LOAD ./src/crp.o
LOAD ./src/heap_lock_monitor.o
LOAD ./src/lab2_01.o
LOAD ./src/sysinit.o
LOAD /Users/DBY/Metro_SemesterV-VI/ARM-FREERTOS/Worshop/lpc_board_nxp_lpcxpresso_1549/Debug/liblpc_board_nxp_lpcxpresso_1549.a
LOAD /Users/DBY/Metro_SemesterV-VI/ARM-FREERTOS/Worshop/lpc_chip_15xx/Debug/liblpc_chip_15xx.a
LOAD /Users/DBY/Metro_SemesterV-VI/ARM-FREERTOS/Worshop/FreeRTOS/Debug/libFreeRTOS.a
START GROUP
LOAD /Applications/MCUXpressoIDE_11.6.1_8255/ide/plugins/com.nxp.mcuxpresso.tools.macosx_11.6.1.202207200623/tools/bin/../lib/gcc/arm-none-eabi/10.3.1/thumb/v7-m/nofp/libgcc.a
LOAD /Applications/MCUXpressoIDE_11.6.1_8255/ide/plugins/com.nxp.mcuxpresso.tools.macosx_11.6.1.202207200623/tools/bin/../lib/gcc/arm-none-eabi/10.3.1/../../../../arm-none-eabi/lib/thumb/v7-m/nofp/libc.a
LOAD /Applications/MCUXpressoIDE_11.6.1_8255/ide/plugins/com.nxp.mcuxpresso.tools.macosx_11.6.1.202207200623/tools/bin/../lib/gcc/arm-none-eabi/10.3.1/../../../../arm-none-eabi/lib/thumb/v7-m/nofp/libstdc++.a
LOAD /Applications/MCUXpressoIDE_11.6.1_8255/ide/plugins/com.nxp.mcuxpresso.tools.macosx_11.6.1.202207200623/tools/bin/../lib/gcc/arm-none-eabi/10.3.1/../../../../arm-none-eabi/lib/thumb/v7-m/nofp/libm.a
LOAD /Applications/MCUXpressoIDE_11.6.1_8255/ide/plugins/com.nxp.mcuxpresso.tools.macosx_11.6.1.202207200623/tools/bin/../lib/gcc/arm-none-eabi/10.3.1/../../../../arm-none-eabi/lib/thumb/v7-m/nofp/libcr_newlib_nohost.a
LOAD /Applications/MCUXpressoIDE_11.6.1_8255/ide/plugins/com.nxp.mcuxpresso.tools.macosx_11.6.1.202207200623/tools/bin/../lib/gcc/arm-none-eabi/10.3.1/thumb/v7-m/nofp/crti.o
LOAD /Applications/MCUXpressoIDE_11.6.1_8255/ide/plugins/com.nxp.mcuxpresso.tools.macosx_11.6.1.202207200623/tools/bin/../lib/gcc/arm-none-eabi/10.3.1/thumb/v7-m/nofp/crtn.o
LOAD /Applications/MCUXpressoIDE_11.6.1_8255/ide/plugins/com.nxp.mcuxpresso.tools.macosx_11.6.1.202207200623/tools/bin/../lib/gcc/arm-none-eabi/10.3.1/thumb/v7-m/nofp/crtbegin.o
LOAD /Applications/MCUXpressoIDE_11.6.1_8255/ide/plugins/com.nxp.mcuxpresso.tools.macosx_11.6.1.202207200623/tools/bin/../lib/gcc/arm-none-eabi/10.3.1/thumb/v7-m/nofp/crtend.o
END GROUP
                0x0000000000000000                __base_MFlash256 = 0x0
                0x0000000000000000                __base_Flash = 0x0
                0x0000000000040000                __top_MFlash256 = 0x40000
                0x0000000000040000                __top_Flash = 0x40000
                0x0000000002000000                __base_Ram0_16_32 = 0x2000000
                0x0000000002000000                __base_RAM = 0x2000000
                0x0000000002008000                __top_Ram0_16_32 = 0x2008000
                0x0000000002008000                __top_RAM = 0x2008000
                0x0000000002008000                __base_Ram2_4 = 0x2008000
                0x0000000002008000                __base_RAM2 = 0x2008000
                0x0000000002009000                __top_Ram2_4 = 0x2009000
                0x0000000002009000                __top_RAM2 = 0x2009000

.text           0x0000000000000000     0xb200
 FILL mask 0xff
                0x0000000000000000                __vectors_start__ = ABSOLUTE (.)
 *(.isr_vector)
 .isr_vector    0x0000000000000000       0xfc ./src/cr_startup_lpc15xx.o
                0x0000000000000000                g_pfnVectors
                0x00000000000000fc                . = ALIGN (0x4)
                0x00000000000000fc                __section_table_start = .
                0x00000000000000fc                __data_section_table = .
                0x00000000000000fc        0x4 LONG 0xb208 LOADADDR (.data)
                0x0000000000000100        0x4 LONG 0x2000000 ADDR (.data)
                0x0000000000000104        0x4 LONG 0xa08 SIZEOF (.data)
                0x0000000000000108        0x4 LONG 0xb208 LOADADDR (.data_RAM2)
                0x000000000000010c        0x4 LONG 0x2008000 ADDR (.data_RAM2)
                0x0000000000000110        0x4 LONG 0x0 SIZEOF (.data_RAM2)
                0x0000000000000114                __data_section_table_end = .
                0x0000000000000114                __bss_section_table = .
                0x0000000000000114        0x4 LONG 0x2000a08 ADDR (.bss)
                0x0000000000000118        0x4 LONG 0x368 SIZEOF (.bss)
                0x000000000000011c        0x4 LONG 0x2008000 ADDR (.bss_RAM2)
                0x0000000000000120        0x4 LONG 0x0 SIZEOF (.bss_RAM2)
                0x0000000000000124                __bss_section_table_end = .
                0x0000000000000124                __section_table_end = .
 *(.after_vectors*)
 .after_vectors
                0x0000000000000124      0x140 ./src/cr_startup_lpc15xx.o
                0x0000000000000124                data_init(unsigned int, unsigned int, unsigned int)
                0x0000000000000166                bss_init(unsigned int, unsigned int)
                0x000000000000019c                ResetISR
                0x0000000000000228                NMI_Handler
                0x000000000000022e                HardFault_Handler
                0x0000000000000234                MemManage_Handler
                0x000000000000023a                BusFault_Handler
                0x0000000000000240                UsageFault_Handler
                0x000000000000024c                DebugMon_Handler
                0x000000000000025e                PIN_INT6_IRQHandler
                0x000000000000025e                IntDefaultHandler
                0x000000000000025e                PIN_INT4_IRQHandler
                0x000000000000025e                CAN_IRQHandler
                0x000000000000025e                RTC_ALARM_IRQHandler
                0x000000000000025e                ADC1B_IRQHandler
                0x000000000000025e                ADC1_OVR_IRQHandler
                0x000000000000025e                USBWakeup_IRQHandler
                0x000000000000025e                PIN_INT5_IRQHandler
                0x000000000000025e                SCT1_IRQHandler
                0x000000000000025e                PIN_INT2_IRQHandler
                0x000000000000025e                USB_FIQHandler
                0x000000000000025e                SCT3_IRQHandler
                0x000000000000025e                PIN_INT7_IRQHandler
                0x000000000000025e                PIN_INT1_IRQHandler
                0x000000000000025e                USB_IRQHandler
                0x000000000000025e                BOD_IRQHandler
                0x000000000000025e                ADC0B_IRQHandler
                0x000000000000025e                ACMP0_IRQHandler
                0x000000000000025e                WDT_IRQHandler
                0x000000000000025e                PIN_INT0_IRQHandler
                0x000000000000025e                QEI_IRQHandler
                0x000000000000025e                ACMP3_IRQHandler
                0x000000000000025e                GINT0_IRQHandler
                0x000000000000025e                DAC_IRQHandler
                0x000000000000025e                SPI0_IRQHandler
                0x000000000000025e                EEPROM_IRQHandler
                0x000000000000025e                ACMP2_IRQHandler
                0x000000000000025e                ADC1A_IRQHandler
                0x000000000000025e                DMA_IRQHandler
                0x000000000000025e                PIN_INT3_IRQHandler
                0x000000000000025e                ACMP1_IRQHandler
                0x000000000000025e                ADC0A_IRQHandler
                0x000000000000025e                FMC_IRQHandler
                0x000000000000025e                GINT1_IRQHandler
                0x000000000000025e                SCT0_IRQHandler
                0x000000000000025e                ADC0_THCMP_IRQHandler
                0x000000000000025e                RIT_IRQHandler
                0x000000000000025e                I2C0_IRQHandler
                0x000000000000025e                ADC0_OVR_IRQHandler
                0x000000000000025e                ADC1_THCMP_IRQHandler
                0x000000000000025e                SCT2_IRQHandler
                0x000000000000025e                MRT_IRQHandler
                0x000000000000025e                RTC_WAKE_IRQHandler
                0x000000000000025e                SPI1_IRQHandler
 *(.text*)
 .text.Chip_IOCON_PinMuxSet
                0x0000000000000264       0x2c ./src/DigitalIoPin.o
 .text.Chip_GPIO_GetPinState
                0x0000000000000290       0x34 ./src/DigitalIoPin.o
 .text.Chip_GPIO_SetPinDIROutput
                0x00000000000002c4       0x3c ./src/DigitalIoPin.o
 .text.Chip_GPIO_SetPinDIRInput
                0x0000000000000300       0x3e ./src/DigitalIoPin.o
 *fill*         0x000000000000033e        0x2 ff
 .text._ZN12DigitalIoPinC2EiiNS_7pinModeEb
                0x0000000000000340       0xc8 ./src/DigitalIoPin.o
                0x0000000000000340                DigitalIoPin::DigitalIoPin(int, int, DigitalIoPin::pinMode, bool)
                0x0000000000000340                DigitalIoPin::DigitalIoPin(int, int, DigitalIoPin::pinMode, bool)
 .text._ZN12DigitalIoPinD2Ev
                0x0000000000000408       0x20 ./src/DigitalIoPin.o
                0x0000000000000408                DigitalIoPin::~DigitalIoPin()
                0x0000000000000408                DigitalIoPin::~DigitalIoPin()
 .text._ZN12DigitalIoPinD0Ev
                0x0000000000000428       0x1e ./src/DigitalIoPin.o
                0x0000000000000428                DigitalIoPin::~DigitalIoPin()
 .text._ZN12DigitalIoPin4readEv
                0x0000000000000446       0x28 ./src/DigitalIoPin.o
                0x0000000000000446                DigitalIoPin::read()
 *fill*         0x000000000000046e        0x2 ff
 .text._ZN6FmutexC2Ev
                0x0000000000000470       0x28 ./src/Fmutex.o
                0x0000000000000470                Fmutex::Fmutex()
                0x0000000000000470                Fmutex::Fmutex()
 .text._ZN6FmutexD2Ev
                0x0000000000000498       0x28 ./src/Fmutex.o
                0x0000000000000498                Fmutex::~Fmutex()
                0x0000000000000498                Fmutex::~Fmutex()
 .text._ZN6FmutexD0Ev
                0x00000000000004c0       0x1e ./src/Fmutex.o
                0x00000000000004c0                Fmutex::~Fmutex()
 .text._ZN6Fmutex4lockEv
                0x00000000000004de       0x1e ./src/Fmutex.o
                0x00000000000004de                Fmutex::lock()
 .text._ZN6Fmutex6unlockEv
                0x00000000000004fc       0x1e ./src/Fmutex.o
                0x00000000000004fc                Fmutex::unlock()
 *fill*         0x000000000000051a        0x2 ff
 .text.NVIC_EnableIRQ
                0x000000000000051c       0x30 ./src/LpcUart.o
 .text.NVIC_DisableIRQ
                0x000000000000054c       0x34 ./src/LpcUart.o
 .text.NVIC_SetPriority
                0x0000000000000580       0x54 ./src/LpcUart.o
 .text.Chip_IOCON_PinMuxSet
                0x00000000000005d4       0x2c ./src/LpcUart.o
 .text.Chip_SWM_MovablePortPinAssign
                0x0000000000000600       0x30 ./src/LpcUart.o
 .text.RingBuffer_GetCount
                0x0000000000000630       0x20 ./src/LpcUart.o
 .text.Chip_UART_Enable
                0x0000000000000650       0x1e ./src/LpcUart.o
 .text.Chip_UART_TXEnable
                0x000000000000066e       0x1e ./src/LpcUart.o
 .text.Chip_UART_IntEnable
                0x000000000000068c       0x1a ./src/LpcUart.o
 .text.Chip_UART_IntDisable
                0x00000000000006a6       0x1a ./src/LpcUart.o
 .text.Chip_UART_GetIntStatus
                0x00000000000006c0       0x16 ./src/LpcUart.o
 .text.Chip_UART_ConfigData
                0x00000000000006d6       0x28 ./src/LpcUart.o
 *fill*         0x00000000000006fe        0x2 ff
 .text.UART0_IRQHandler
                0x0000000000000700       0x48 ./src/LpcUart.o
                0x0000000000000700                UART0_IRQHandler
 .text.UART1_IRQHandler
                0x0000000000000748       0x48 ./src/LpcUart.o
                0x0000000000000748                UART1_IRQHandler
 .text.UART2_IRQHandler
                0x0000000000000790       0x48 ./src/LpcUart.o
                0x0000000000000790                UART2_IRQHandler
 .text._ZN7LpcUart3isrEPl
                0x00000000000007d8       0x92 ./src/LpcUart.o
                0x00000000000007d8                LpcUart::isr(long*)
 *fill*         0x000000000000086a        0x2 ff
 .text._ZN7LpcUartC2ERK13LpcUartConfig
                0x000000000000086c      0x2dc ./src/LpcUart.o
                0x000000000000086c                LpcUart::LpcUart(LpcUartConfig const&)
                0x000000000000086c                LpcUart::LpcUart(LpcUartConfig const&)
 .text._ZN7LpcUartD2Ev
                0x0000000000000b48       0xac ./src/LpcUart.o
                0x0000000000000b48                LpcUart::~LpcUart()
                0x0000000000000b48                LpcUart::~LpcUart()
 .text._ZN7LpcUartD0Ev
                0x0000000000000bf4       0x1e ./src/LpcUart.o
                0x0000000000000bf4                LpcUart::~LpcUart()
 .text._ZN7LpcUart5writeEPKc
                0x0000000000000c12       0x26 ./src/LpcUart.o
                0x0000000000000c12                LpcUart::write(char const*)
 .text._ZN7LpcUart5writeEPKci
                0x0000000000000c38       0xae ./src/LpcUart.o
                0x0000000000000c38                LpcUart::write(char const*, int)
 .text._ZNSt10lock_guardI6FmutexEC2ERS0_
                0x0000000000000ce6       0x24 ./src/LpcUart.o
                0x0000000000000ce6                std::lock_guard<Fmutex>::lock_guard(Fmutex&)
                0x0000000000000ce6                std::lock_guard<Fmutex>::lock_guard(Fmutex&)
 .text._ZNSt10lock_guardI6FmutexED2Ev
                0x0000000000000d0a       0x1c ./src/LpcUart.o
                0x0000000000000d0a                std::lock_guard<Fmutex>::~lock_guard()
                0x0000000000000d0a                std::lock_guard<Fmutex>::~lock_guard()
 .text._ZdlPv   0x0000000000000d26       0x16 ./src/cr_cpp_config.o
                0x0000000000000d26                operator delete(void*)
 .text.__aeabi_atexit
                0x0000000000000d3c       0x18 ./src/cr_cpp_config.o
                0x0000000000000d3c                __aeabi_atexit
 .text.heap_monitor_setup
                0x0000000000000d54       0x50 ./src/heap_lock_monitor.o
                0x0000000000000d54                heap_monitor_setup
 .text.heap_monitor_update
                0x0000000000000da4       0x74 ./src/heap_lock_monitor.o
                0x0000000000000da4                heap_monitor_update
 .text.__malloc_lock
                0x0000000000000e18       0x14 ./src/heap_lock_monitor.o
                0x0000000000000e18                __malloc_lock
 .text.__malloc_unlock
                0x0000000000000e2c       0x18 ./src/heap_lock_monitor.o
                0x0000000000000e2c                __malloc_unlock
 .text._ZL16prvSetupHardwarev
                0x0000000000000e44       0x18 ./src/lab2_01.o
 .text._ZL11vButtonTaskPv
                0x0000000000000e5c       0x84 ./src/lab2_01.o
 .text.main     0x0000000000000ee0       0x74 ./src/lab2_01.o
                0x0000000000000ee0                main
 .text._Z41__static_initialization_and_destruction_0ii
                0x0000000000000f54       0xa0 ./src/lab2_01.o
 .text._GLOBAL__sub_I_none
                0x0000000000000ff4       0x10 ./src/lab2_01.o
 .text.SystemInit
                0x0000000000001004        0xc ./src/sysinit.o
                0x0000000000001004                SystemInit
 .text.Chip_IOCON_PinMuxSet
                0x0000000000001010       0x2c /Users/DBY/Metro_SemesterV-VI/ARM-FREERTOS/Worshop/lpc_board_nxp_lpcxpresso_1549/Debug/liblpc_board_nxp_lpcxpresso_1549.a(board.o)
 .text.Chip_SWM_MovablePortPinAssign
                0x000000000000103c       0x30 /Users/DBY/Metro_SemesterV-VI/ARM-FREERTOS/Worshop/lpc_board_nxp_lpcxpresso_1549/Debug/liblpc_board_nxp_lpcxpresso_1549.a(board.o)
 .text.Chip_GPIO_SetPinState
                0x000000000000106c       0x36 /Users/DBY/Metro_SemesterV-VI/ARM-FREERTOS/Worshop/lpc_board_nxp_lpcxpresso_1549/Debug/liblpc_board_nxp_lpcxpresso_1549.a(board.o)
 .text.Chip_GPIO_SetPinDIROutput
                0x00000000000010a2       0x3c /Users/DBY/Metro_SemesterV-VI/ARM-FREERTOS/Worshop/lpc_board_nxp_lpcxpresso_1549/Debug/liblpc_board_nxp_lpcxpresso_1549.a(board.o)
 .text.Chip_UART_Enable
                0x00000000000010de       0x1e /Users/DBY/Metro_SemesterV-VI/ARM-FREERTOS/Worshop/lpc_board_nxp_lpcxpresso_1549/Debug/liblpc_board_nxp_lpcxpresso_1549.a(board.o)
 .text.Chip_UART_TXEnable
                0x00000000000010fc       0x1e /Users/DBY/Metro_SemesterV-VI/ARM-FREERTOS/Worshop/lpc_board_nxp_lpcxpresso_1549/Debug/liblpc_board_nxp_lpcxpresso_1549.a(board.o)
 .text.Chip_UART_ConfigData
                0x000000000000111a       0x28 /Users/DBY/Metro_SemesterV-VI/ARM-FREERTOS/Worshop/lpc_board_nxp_lpcxpresso_1549/Debug/liblpc_board_nxp_lpcxpresso_1549.a(board.o)
 .text._write   0x0000000000001142       0x38 /Users/DBY/Metro_SemesterV-VI/ARM-FREERTOS/Worshop/lpc_board_nxp_lpcxpresso_1549/Debug/liblpc_board_nxp_lpcxpresso_1549.a(board.o)
                0x0000000000001142                _write
 .text._read    0x000000000000117a       0x48 /Users/DBY/Metro_SemesterV-VI/ARM-FREERTOS/Worshop/lpc_board_nxp_lpcxpresso_1549/Debug/liblpc_board_nxp_lpcxpresso_1549.a(board.o)
                0x000000000000117a                _read
 *fill*         0x00000000000011c2        0x2 ff
 .text.Board_UARTPutChar
                0x00000000000011c4       0x24 /Users/DBY/Metro_SemesterV-VI/ARM-FREERTOS/Worshop/lpc_board_nxp_lpcxpresso_1549/Debug/liblpc_board_nxp_lpcxpresso_1549.a(board.o)
                0x00000000000011c4                Board_UARTPutChar
 .text.Board_UARTGetChar
                0x00000000000011e8       0x2c /Users/DBY/Metro_SemesterV-VI/ARM-FREERTOS/Worshop/lpc_board_nxp_lpcxpresso_1549/Debug/liblpc_board_nxp_lpcxpresso_1549.a(board.o)
                0x00000000000011e8                Board_UARTGetChar
 .text.Board_Debug_Init
                0x0000000000001214       0x70 /Users/DBY/Metro_SemesterV-VI/ARM-FREERTOS/Worshop/lpc_board_nxp_lpcxpresso_1549/Debug/liblpc_board_nxp_lpcxpresso_1549.a(board.o)
                0x0000000000001214                Board_Debug_Init
 .text.Board_LED_Init
                0x0000000000001284       0x60 /Users/DBY/Metro_SemesterV-VI/ARM-FREERTOS/Worshop/lpc_board_nxp_lpcxpresso_1549/Debug/liblpc_board_nxp_lpcxpresso_1549.a(board.o)
 .text.Board_LED_Set
                0x00000000000012e4       0x54 /Users/DBY/Metro_SemesterV-VI/ARM-FREERTOS/Worshop/lpc_board_nxp_lpcxpresso_1549/Debug/liblpc_board_nxp_lpcxpresso_1549.a(board.o)
                0x00000000000012e4                Board_LED_Set
 .text.Board_Init
                0x0000000000001338       0x18 /Users/DBY/Metro_SemesterV-VI/ARM-FREERTOS/Worshop/lpc_board_nxp_lpcxpresso_1549/Debug/liblpc_board_nxp_lpcxpresso_1549.a(board.o)
                0x0000000000001338                Board_Init
 .text.Chip_SYSCTL_PeriphReset
                0x0000000000001350       0x22 /Users/DBY/Metro_SemesterV-VI/ARM-FREERTOS/Worshop/lpc_board_nxp_lpcxpresso_1549/Debug/liblpc_board_nxp_lpcxpresso_1549.a(board_sysinit.o)
 *fill*         0x0000000000001372        0x2 ff
 .text.Chip_Clock_SetUSBPLLSource
                0x0000000000001374       0x20 /Users/DBY/Metro_SemesterV-VI/ARM-FREERTOS/Worshop/lpc_board_nxp_lpcxpresso_1549/Debug/liblpc_board_nxp_lpcxpresso_1549.a(board_sysinit.o)
 .text.Chip_Clock_SetupUSBPLL
                0x0000000000001394       0x34 /Users/DBY/Metro_SemesterV-VI/ARM-FREERTOS/Worshop/lpc_board_nxp_lpcxpresso_1549/Debug/liblpc_board_nxp_lpcxpresso_1549.a(board_sysinit.o)
 .text.Chip_Clock_IsUSBPLLLocked
                0x00000000000013c8       0x24 /Users/DBY/Metro_SemesterV-VI/ARM-FREERTOS/Worshop/lpc_board_nxp_lpcxpresso_1549/Debug/liblpc_board_nxp_lpcxpresso_1549.a(board_sysinit.o)
 .text.Chip_Clock_SetSysTickClockDiv
                0x00000000000013ec       0x20 /Users/DBY/Metro_SemesterV-VI/ARM-FREERTOS/Worshop/lpc_board_nxp_lpcxpresso_1549/Debug/liblpc_board_nxp_lpcxpresso_1549.a(board_sysinit.o)
 .text.Chip_SWM_MovablePortPinAssign
                0x000000000000140c       0x30 /Users/DBY/Metro_SemesterV-VI/ARM-FREERTOS/Worshop/lpc_board_nxp_lpcxpresso_1549/Debug/liblpc_board_nxp_lpcxpresso_1549.a(board_sysinit.o)
 .text.Board_SetupMuxing
                0x000000000000143c       0x84 /Users/DBY/Metro_SemesterV-VI/ARM-FREERTOS/Worshop/lpc_board_nxp_lpcxpresso_1549/Debug/liblpc_board_nxp_lpcxpresso_1549.a(board_sysinit.o)
                0x000000000000143c                Board_SetupMuxing
 .text.Board_SetupClocking
                0x00000000000014c0       0x3a /Users/DBY/Metro_SemesterV-VI/ARM-FREERTOS/Worshop/lpc_board_nxp_lpcxpresso_1549/Debug/liblpc_board_nxp_lpcxpresso_1549.a(board_sysinit.o)
                0x00000000000014c0                Board_SetupClocking
 *fill*         0x00000000000014fa        0x2 ff
 .text.Board_SystemInit
                0x00000000000014fc       0x1c /Users/DBY/Metro_SemesterV-VI/ARM-FREERTOS/Worshop/lpc_board_nxp_lpcxpresso_1549/Debug/liblpc_board_nxp_lpcxpresso_1549.a(board_sysinit.o)
                0x00000000000014fc                Board_SystemInit
 .text.SystemCoreClockUpdate
                0x0000000000001518       0x18 /Users/DBY/Metro_SemesterV-VI/ARM-FREERTOS/Worshop/lpc_chip_15xx/Debug/liblpc_chip_15xx.a(chip_15xx.o)
                0x0000000000001518                SystemCoreClockUpdate
 .text.Chip_Clock_SetMain_A_ClockSource
                0x0000000000001530       0x20 /Users/DBY/Metro_SemesterV-VI/ARM-FREERTOS/Worshop/lpc_chip_15xx/Debug/liblpc_chip_15xx.a(clock_15xx.o)
 .text.Chip_Clock_GetMain_A_ClockSource
                0x0000000000001550       0x18 /Users/DBY/Metro_SemesterV-VI/ARM-FREERTOS/Worshop/lpc_chip_15xx/Debug/liblpc_chip_15xx.a(clock_15xx.o)
 .text.Chip_Clock_SetMain_B_ClockSource
                0x0000000000001568       0x20 /Users/DBY/Metro_SemesterV-VI/ARM-FREERTOS/Worshop/lpc_chip_15xx/Debug/liblpc_chip_15xx.a(clock_15xx.o)
 .text.Chip_Clock_GetMain_B_ClockSource
                0x0000000000001588       0x18 /Users/DBY/Metro_SemesterV-VI/ARM-FREERTOS/Worshop/lpc_chip_15xx/Debug/liblpc_chip_15xx.a(clock_15xx.o)
 .text.Chip_Clock_SetUARTFRGDivider
                0x00000000000015a0       0x20 /Users/DBY/Metro_SemesterV-VI/ARM-FREERTOS/Worshop/lpc_chip_15xx/Debug/liblpc_chip_15xx.a(clock_15xx.o)
 .text.Chip_Clock_GetUARTFRGDivider
                0x00000000000015c0       0x18 /Users/DBY/Metro_SemesterV-VI/ARM-FREERTOS/Worshop/lpc_chip_15xx/Debug/liblpc_chip_15xx.a(clock_15xx.o)
 .text.Chip_Clock_GetMainOscRate
                0x00000000000015d8       0x14 /Users/DBY/Metro_SemesterV-VI/ARM-FREERTOS/Worshop/lpc_chip_15xx/Debug/liblpc_chip_15xx.a(clock_15xx.o)
 .text.Chip_Clock_GetIntOscRate
                0x00000000000015ec       0x14 /Users/DBY/Metro_SemesterV-VI/ARM-FREERTOS/Worshop/lpc_chip_15xx/Debug/liblpc_chip_15xx.a(clock_15xx.o)
 .text.Chip_Clock_GetRTCOscRate
                0x0000000000001600       0x14 /Users/DBY/Metro_SemesterV-VI/ARM-FREERTOS/Worshop/lpc_chip_15xx/Debug/liblpc_chip_15xx.a(clock_15xx.o)
 .text.Chip_Clock_GetWDTOSCRate
                0x0000000000001614       0x14 /Users/DBY/Metro_SemesterV-VI/ARM-FREERTOS/Worshop/lpc_chip_15xx/Debug/liblpc_chip_15xx.a(clock_15xx.o)
 .text.Chip_Clock_GetPLLFreq
                0x0000000000001628       0x26 /Users/DBY/Metro_SemesterV-VI/ARM-FREERTOS/Worshop/lpc_chip_15xx/Debug/liblpc_chip_15xx.a(clock_15xx.o)
 .text.Chip_Clock_GetPLLInClockRate
                0x000000000000164e       0x38 /Users/DBY/Metro_SemesterV-VI/ARM-FREERTOS/Worshop/lpc_chip_15xx/Debug/liblpc_chip_15xx.a(clock_15xx.o)
 *fill*         0x0000000000001686        0x2 ff
 .text.Chip_Clock_GetSystemPLLInClockRate
                0x0000000000001688       0x1c /Users/DBY/Metro_SemesterV-VI/ARM-FREERTOS/Worshop/lpc_chip_15xx/Debug/liblpc_chip_15xx.a(clock_15xx.o)
                0x0000000000001688                Chip_Clock_GetSystemPLLInClockRate
 .text.Chip_Clock_GetSystemPLLOutClockRate
                0x00000000000016a4       0x24 /Users/DBY/Metro_SemesterV-VI/ARM-FREERTOS/Worshop/lpc_chip_15xx/Debug/liblpc_chip_15xx.a(clock_15xx.o)
                0x00000000000016a4                Chip_Clock_GetSystemPLLOutClockRate
 .text.Chip_Clock_GetMain_A_ClockRate
                0x00000000000016c8       0x4a /Users/DBY/Metro_SemesterV-VI/ARM-FREERTOS/Worshop/lpc_chip_15xx/Debug/liblpc_chip_15xx.a(clock_15xx.o)
                0x00000000000016c8                Chip_Clock_GetMain_A_ClockRate
 *fill*         0x0000000000001712        0x2 ff
 .text.Chip_Clock_GetMain_B_ClockRate
                0x0000000000001714       0x58 /Users/DBY/Metro_SemesterV-VI/ARM-FREERTOS/Worshop/lpc_chip_15xx/Debug/liblpc_chip_15xx.a(clock_15xx.o)
                0x0000000000001714                Chip_Clock_GetMain_B_ClockRate
 .text.Chip_Clock_SetMainClockSource
                0x000000000000176c       0x3c /Users/DBY/Metro_SemesterV-VI/ARM-FREERTOS/Worshop/lpc_chip_15xx/Debug/liblpc_chip_15xx.a(clock_15xx.o)
                0x000000000000176c                Chip_Clock_SetMainClockSource
 .text.Chip_Clock_GetMainClockRate
                0x00000000000017a8       0x28 /Users/DBY/Metro_SemesterV-VI/ARM-FREERTOS/Worshop/lpc_chip_15xx/Debug/liblpc_chip_15xx.a(clock_15xx.o)
                0x00000000000017a8                Chip_Clock_GetMainClockRate
 .text.Chip_Clock_EnablePeriphClock
                0x00000000000017d0       0x58 /Users/DBY/Metro_SemesterV-VI/ARM-FREERTOS/Worshop/lpc_chip_15xx/Debug/liblpc_chip_15xx.a(clock_15xx.o)
                0x00000000000017d0                Chip_Clock_EnablePeriphClock
 .text.Chip_Clock_GetUARTBaseClockRate
                0x0000000000001828       0x94 /Users/DBY/Metro_SemesterV-VI/ARM-FREERTOS/Worshop/lpc_chip_15xx/Debug/liblpc_chip_15xx.a(clock_15xx.o)
                0x0000000000001828                Chip_Clock_GetUARTBaseClockRate
 .text.Chip_Clock_SetUARTBaseClockRate
                0x00000000000018bc       0xac /Users/DBY/Metro_SemesterV-VI/ARM-FREERTOS/Worshop/lpc_chip_15xx/Debug/liblpc_chip_15xx.a(clock_15xx.o)
                0x00000000000018bc                Chip_Clock_SetUARTBaseClockRate
 .text.Chip_Clock_GetSystemClockRate
                0x0000000000001968       0x1c /Users/DBY/Metro_SemesterV-VI/ARM-FREERTOS/Worshop/lpc_chip_15xx/Debug/liblpc_chip_15xx.a(clock_15xx.o)
                0x0000000000001968                Chip_Clock_GetSystemClockRate
 .text.Chip_SYSCTL_PeriphReset
                0x0000000000001984       0x22 /Users/DBY/Metro_SemesterV-VI/ARM-FREERTOS/Worshop/lpc_chip_15xx/Debug/liblpc_chip_15xx.a(gpio_15xx.o)
 .text.Chip_GPIO_Init
                0x00000000000019a6       0x2e /Users/DBY/Metro_SemesterV-VI/ARM-FREERTOS/Worshop/lpc_chip_15xx/Debug/liblpc_chip_15xx.a(gpio_15xx.o)
                0x00000000000019a6                Chip_GPIO_Init
 .text.Chip_IOCON_PinMuxSet
                0x00000000000019d4       0x2c /Users/DBY/Metro_SemesterV-VI/ARM-FREERTOS/Worshop/lpc_chip_15xx/Debug/liblpc_chip_15xx.a(iocon_15xx.o)
 .text.Chip_IOCON_SetPinMuxing
                0x0000000000001a00       0x50 /Users/DBY/Metro_SemesterV-VI/ARM-FREERTOS/Worshop/lpc_chip_15xx/Debug/liblpc_chip_15xx.a(iocon_15xx.o)
                0x0000000000001a00                Chip_IOCON_SetPinMuxing
 .text.RingBuffer_GetCount
                0x0000000000001a50       0x20 /Users/DBY/Metro_SemesterV-VI/ARM-FREERTOS/Worshop/lpc_chip_15xx/Debug/liblpc_chip_15xx.a(ring_buffer.o)
 .text.RingBuffer_GetFree
                0x0000000000001a70       0x1e /Users/DBY/Metro_SemesterV-VI/ARM-FREERTOS/Worshop/lpc_chip_15xx/Debug/liblpc_chip_15xx.a(ring_buffer.o)
 .text.RingBuffer_IsFull
                0x0000000000001a8e       0x26 /Users/DBY/Metro_SemesterV-VI/ARM-FREERTOS/Worshop/lpc_chip_15xx/Debug/liblpc_chip_15xx.a(ring_buffer.o)
 .text.RingBuffer_IsEmpty
                0x0000000000001ab4       0x28 /Users/DBY/Metro_SemesterV-VI/ARM-FREERTOS/Worshop/lpc_chip_15xx/Debug/liblpc_chip_15xx.a(ring_buffer.o)
 .text.RingBuffer_Init
                0x0000000000001adc       0x3a /Users/DBY/Metro_SemesterV-VI/ARM-FREERTOS/Worshop/lpc_chip_15xx/Debug/liblpc_chip_15xx.a(ring_buffer.o)
                0x0000000000001adc                RingBuffer_Init
 .text.RingBuffer_Insert
                0x0000000000001b16       0x5c /Users/DBY/Metro_SemesterV-VI/ARM-FREERTOS/Worshop/lpc_chip_15xx/Debug/liblpc_chip_15xx.a(ring_buffer.o)
                0x0000000000001b16                RingBuffer_Insert
 .text.RingBuffer_InsertMult
                0x0000000000001b72      0x122 /Users/DBY/Metro_SemesterV-VI/ARM-FREERTOS/Worshop/lpc_chip_15xx/Debug/liblpc_chip_15xx.a(ring_buffer.o)
                0x0000000000001b72                RingBuffer_InsertMult
 .text.RingBuffer_Pop
                0x0000000000001c94       0x5c /Users/DBY/Metro_SemesterV-VI/ARM-FREERTOS/Worshop/lpc_chip_15xx/Debug/liblpc_chip_15xx.a(ring_buffer.o)
                0x0000000000001c94                RingBuffer_Pop
 .text.Chip_SWM_MovablePinAssign
                0x0000000000001cf0       0x5c /Users/DBY/Metro_SemesterV-VI/ARM-FREERTOS/Worshop/lpc_chip_15xx/Debug/liblpc_chip_15xx.a(swm_15xx.o)
                0x0000000000001cf0                Chip_SWM_MovablePinAssign
 .text.Chip_SYSCTL_AssertPeriphReset
                0x0000000000001d4c       0x4c /Users/DBY/Metro_SemesterV-VI/ARM-FREERTOS/Worshop/lpc_chip_15xx/Debug/liblpc_chip_15xx.a(sysctl_15xx.o)
                0x0000000000001d4c                Chip_SYSCTL_AssertPeriphReset
 .text.Chip_SYSCTL_DeassertPeriphReset
                0x0000000000001d98       0x50 /Users/DBY/Metro_SemesterV-VI/ARM-FREERTOS/Worshop/lpc_chip_15xx/Debug/liblpc_chip_15xx.a(sysctl_15xx.o)
                0x0000000000001d98                Chip_SYSCTL_DeassertPeriphReset
 .text.Chip_SYSCTL_PowerDown
                0x0000000000001de8       0x40 /Users/DBY/Metro_SemesterV-VI/ARM-FREERTOS/Worshop/lpc_chip_15xx/Debug/liblpc_chip_15xx.a(sysctl_15xx.o)
                0x0000000000001de8                Chip_SYSCTL_PowerDown
 .text.Chip_SYSCTL_PowerUp
                0x0000000000001e28       0x40 /Users/DBY/Metro_SemesterV-VI/ARM-FREERTOS/Worshop/lpc_chip_15xx/Debug/liblpc_chip_15xx.a(sysctl_15xx.o)
                0x0000000000001e28                Chip_SYSCTL_PowerUp
 .text.Chip_FMC_SetFLASHAccess
                0x0000000000001e68       0x38 /Users/DBY/Metro_SemesterV-VI/ARM-FREERTOS/Worshop/lpc_chip_15xx/Debug/liblpc_chip_15xx.a(sysinit_15xx.o)
 .text.Chip_Clock_SetSystemPLLSource
                0x0000000000001ea0       0x20 /Users/DBY/Metro_SemesterV-VI/ARM-FREERTOS/Worshop/lpc_chip_15xx/Debug/liblpc_chip_15xx.a(sysinit_15xx.o)
 .text.Chip_Clock_SetupSystemPLL
                0x0000000000001ec0       0x34 /Users/DBY/Metro_SemesterV-VI/ARM-FREERTOS/Worshop/lpc_chip_15xx/Debug/liblpc_chip_15xx.a(sysinit_15xx.o)
 .text.Chip_Clock_IsSystemPLLLocked
                0x0000000000001ef4       0x24 /Users/DBY/Metro_SemesterV-VI/ARM-FREERTOS/Worshop/lpc_chip_15xx/Debug/liblpc_chip_15xx.a(sysinit_15xx.o)
 .text.Chip_Clock_SetSysClockDiv
                0x0000000000001f18       0x20 /Users/DBY/Metro_SemesterV-VI/ARM-FREERTOS/Worshop/lpc_chip_15xx/Debug/liblpc_chip_15xx.a(sysinit_15xx.o)
 .text.Chip_SetupXtalClocking
                0x0000000000001f38       0x6c /Users/DBY/Metro_SemesterV-VI/ARM-FREERTOS/Worshop/lpc_chip_15xx/Debug/liblpc_chip_15xx.a(sysinit_15xx.o)
                0x0000000000001f38                Chip_SetupXtalClocking
 .text.Chip_SYSCTL_PeriphReset
                0x0000000000001fa4       0x22 /Users/DBY/Metro_SemesterV-VI/ARM-FREERTOS/Worshop/lpc_chip_15xx/Debug/liblpc_chip_15xx.a(uart_15xx.o)
 .text.RingBuffer_IsEmpty
                0x0000000000001fc6       0x28 /Users/DBY/Metro_SemesterV-VI/ARM-FREERTOS/Worshop/lpc_chip_15xx/Debug/liblpc_chip_15xx.a(uart_15xx.o)
 .text.Chip_UART_SendByte
                0x0000000000001fee       0x1c /Users/DBY/Metro_SemesterV-VI/ARM-FREERTOS/Worshop/lpc_chip_15xx/Debug/liblpc_chip_15xx.a(uart_15xx.o)
 .text.Chip_UART_ReadByte
                0x000000000000200a       0x1a /Users/DBY/Metro_SemesterV-VI/ARM-FREERTOS/Worshop/lpc_chip_15xx/Debug/liblpc_chip_15xx.a(uart_15xx.o)
 .text.Chip_UART_IntEnable
                0x0000000000002024       0x1a /Users/DBY/Metro_SemesterV-VI/ARM-FREERTOS/Worshop/lpc_chip_15xx/Debug/liblpc_chip_15xx.a(uart_15xx.o)
 .text.Chip_UART_IntDisable
                0x000000000000203e       0x1a /Users/DBY/Metro_SemesterV-VI/ARM-FREERTOS/Worshop/lpc_chip_15xx/Debug/liblpc_chip_15xx.a(uart_15xx.o)
 .text.Chip_UART_GetStatus
                0x0000000000002058       0x16 /Users/DBY/Metro_SemesterV-VI/ARM-FREERTOS/Worshop/lpc_chip_15xx/Debug/liblpc_chip_15xx.a(uart_15xx.o)
 *fill*         0x000000000000206e        0x2 ff
 .text.getUARTClockID
                0x0000000000002070       0x34 /Users/DBY/Metro_SemesterV-VI/ARM-FREERTOS/Worshop/lpc_chip_15xx/Debug/liblpc_chip_15xx.a(uart_15xx.o)
 .text.Chip_UART_Init
                0x00000000000020a4       0x4c /Users/DBY/Metro_SemesterV-VI/ARM-FREERTOS/Worshop/lpc_chip_15xx/Debug/liblpc_chip_15xx.a(uart_15xx.o)
                0x00000000000020a4                Chip_UART_Init
 .text.Chip_UART_Send
                0x00000000000020f0       0x50 /Users/DBY/Metro_SemesterV-VI/ARM-FREERTOS/Worshop/lpc_chip_15xx/Debug/liblpc_chip_15xx.a(uart_15xx.o)
                0x00000000000020f0                Chip_UART_Send
 .text.Chip_UART_SendBlocking
                0x0000000000002140       0x4a /Users/DBY/Metro_SemesterV-VI/ARM-FREERTOS/Worshop/lpc_chip_15xx/Debug/liblpc_chip_15xx.a(uart_15xx.o)
                0x0000000000002140                Chip_UART_SendBlocking
 .text.Chip_UART_Read
                0x000000000000218a       0x52 /Users/DBY/Metro_SemesterV-VI/ARM-FREERTOS/Worshop/lpc_chip_15xx/Debug/liblpc_chip_15xx.a(uart_15xx.o)
                0x000000000000218a                Chip_UART_Read
 .text.Chip_UART_SetBaud
                0x00000000000021dc       0x2a /Users/DBY/Metro_SemesterV-VI/ARM-FREERTOS/Worshop/lpc_chip_15xx/Debug/liblpc_chip_15xx.a(uart_15xx.o)
                0x00000000000021dc                Chip_UART_SetBaud
 .text.Chip_UART_RXIntHandlerRB
                0x0000000000002206       0x3e /Users/DBY/Metro_SemesterV-VI/ARM-FREERTOS/Worshop/lpc_chip_15xx/Debug/liblpc_chip_15xx.a(uart_15xx.o)
                0x0000000000002206                Chip_UART_RXIntHandlerRB
 .text.Chip_UART_TXIntHandlerRB
                0x0000000000002244       0x40 /Users/DBY/Metro_SemesterV-VI/ARM-FREERTOS/Worshop/lpc_chip_15xx/Debug/liblpc_chip_15xx.a(uart_15xx.o)
                0x0000000000002244                Chip_UART_TXIntHandlerRB
 .text.Chip_UART_SendRB
                0x0000000000002284       0x60 /Users/DBY/Metro_SemesterV-VI/ARM-FREERTOS/Worshop/lpc_chip_15xx/Debug/liblpc_chip_15xx.a(uart_15xx.o)
                0x0000000000002284                Chip_UART_SendRB
 .text.Chip_UART_IRQRBHandler
                0x00000000000022e4       0x48 /Users/DBY/Metro_SemesterV-VI/ARM-FREERTOS/Worshop/lpc_chip_15xx/Debug/liblpc_chip_15xx.a(uart_15xx.o)
                0x00000000000022e4                Chip_UART_IRQRBHandler
 .text.xQueueGenericReset
                0x000000000000232c       0xb4 /Users/DBY/Metro_SemesterV-VI/ARM-FREERTOS/Worshop/FreeRTOS/Debug/libFreeRTOS.a(queue.o)
                0x000000000000232c                xQueueGenericReset
 .text.xQueueGenericCreate
                0x00000000000023e0       0x5c /Users/DBY/Metro_SemesterV-VI/ARM-FREERTOS/Worshop/FreeRTOS/Debug/libFreeRTOS.a(queue.o)
                0x00000000000023e0                xQueueGenericCreate
 .text.prvInitialiseNewQueue
                0x000000000000243c       0x46 /Users/DBY/Metro_SemesterV-VI/ARM-FREERTOS/Worshop/FreeRTOS/Debug/libFreeRTOS.a(queue.o)
 .text.prvInitialiseMutex
                0x0000000000002482       0x34 /Users/DBY/Metro_SemesterV-VI/ARM-FREERTOS/Worshop/FreeRTOS/Debug/libFreeRTOS.a(queue.o)
 .text.xQueueCreateMutex
                0x00000000000024b6       0x30 /Users/DBY/Metro_SemesterV-VI/ARM-FREERTOS/Worshop/FreeRTOS/Debug/libFreeRTOS.a(queue.o)
                0x00000000000024b6                xQueueCreateMutex
 *fill*         0x00000000000024e6        0x2 ff
 .text.xQueueGenericSend
                0x00000000000024e8      0x154 /Users/DBY/Metro_SemesterV-VI/ARM-FREERTOS/Worshop/FreeRTOS/Debug/libFreeRTOS.a(queue.o)
                0x00000000000024e8                xQueueGenericSend
 .text.xQueueSemaphoreTake
                0x000000000000263c      0x190 /Users/DBY/Metro_SemesterV-VI/ARM-FREERTOS/Worshop/FreeRTOS/Debug/libFreeRTOS.a(queue.o)
                0x000000000000263c                xQueueSemaphoreTake
 .text.vQueueDelete
                0x00000000000027cc       0x20 /Users/DBY/Metro_SemesterV-VI/ARM-FREERTOS/Worshop/FreeRTOS/Debug/libFreeRTOS.a(queue.o)
                0x00000000000027cc                vQueueDelete
 .text.prvGetDisinheritPriorityAfterTimeout
                0x00000000000027ec       0x2e /Users/DBY/Metro_SemesterV-VI/ARM-FREERTOS/Worshop/FreeRTOS/Debug/libFreeRTOS.a(queue.o)
 .text.prvCopyDataToQueue
                0x000000000000281a       0xd4 /Users/DBY/Metro_SemesterV-VI/ARM-FREERTOS/Worshop/FreeRTOS/Debug/libFreeRTOS.a(queue.o)
 .text.prvUnlockQueue
                0x00000000000028ee       0xa4 /Users/DBY/Metro_SemesterV-VI/ARM-FREERTOS/Worshop/FreeRTOS/Debug/libFreeRTOS.a(queue.o)
 .text.prvIsQueueEmpty
                0x0000000000002992       0x2c /Users/DBY/Metro_SemesterV-VI/ARM-FREERTOS/Worshop/FreeRTOS/Debug/libFreeRTOS.a(queue.o)
 .text.prvIsQueueFull
                0x00000000000029be       0x30 /Users/DBY/Metro_SemesterV-VI/ARM-FREERTOS/Worshop/FreeRTOS/Debug/libFreeRTOS.a(queue.o)
 *fill*         0x00000000000029ee        0x2 ff
 .text.vQueueUnregisterQueue
                0x00000000000029f0       0x54 /Users/DBY/Metro_SemesterV-VI/ARM-FREERTOS/Worshop/FreeRTOS/Debug/libFreeRTOS.a(queue.o)
                0x00000000000029f0                vQueueUnregisterQueue
 .text.xTaskCreate
                0x0000000000002a44       0x84 /Users/DBY/Metro_SemesterV-VI/ARM-FREERTOS/Worshop/FreeRTOS/Debug/libFreeRTOS.a(tasks.o)
                0x0000000000002a44                xTaskCreate
 .text.prvInitialiseNewTask
                0x0000000000002ac8      0x184 /Users/DBY/Metro_SemesterV-VI/ARM-FREERTOS/Worshop/FreeRTOS/Debug/libFreeRTOS.a(tasks.o)
 .text.prvAddNewTaskToReadyList
                0x0000000000002c4c       0xdc /Users/DBY/Metro_SemesterV-VI/ARM-FREERTOS/Worshop/FreeRTOS/Debug/libFreeRTOS.a(tasks.o)
 .text.vTaskDelay
                0x0000000000002d28       0x48 /Users/DBY/Metro_SemesterV-VI/ARM-FREERTOS/Worshop/FreeRTOS/Debug/libFreeRTOS.a(tasks.o)
                0x0000000000002d28                vTaskDelay
 .text.vTaskStartScheduler
                0x0000000000002d70       0xa0 /Users/DBY/Metro_SemesterV-VI/ARM-FREERTOS/Worshop/FreeRTOS/Debug/libFreeRTOS.a(tasks.o)
                0x0000000000002d70                vTaskStartScheduler
 .text.vTaskSuspendAll
                0x0000000000002e10       0x1c /Users/DBY/Metro_SemesterV-VI/ARM-FREERTOS/Worshop/FreeRTOS/Debug/libFreeRTOS.a(tasks.o)
                0x0000000000002e10                vTaskSuspendAll
 .text.xTaskResumeAll
                0x0000000000002e2c      0x11c /Users/DBY/Metro_SemesterV-VI/ARM-FREERTOS/Worshop/FreeRTOS/Debug/libFreeRTOS.a(tasks.o)
                0x0000000000002e2c                xTaskResumeAll
 .text.xTaskIncrementTick
                0x0000000000002f48      0x150 /Users/DBY/Metro_SemesterV-VI/ARM-FREERTOS/Worshop/FreeRTOS/Debug/libFreeRTOS.a(tasks.o)
                0x0000000000002f48                xTaskIncrementTick
 .text.vTaskSwitchContext
                0x0000000000003098       0xe4 /Users/DBY/Metro_SemesterV-VI/ARM-FREERTOS/Worshop/FreeRTOS/Debug/libFreeRTOS.a(tasks.o)
                0x0000000000003098                vTaskSwitchContext
 .text.vTaskPlaceOnEventList
                0x000000000000317c       0x2c /Users/DBY/Metro_SemesterV-VI/ARM-FREERTOS/Worshop/FreeRTOS/Debug/libFreeRTOS.a(tasks.o)
                0x000000000000317c                vTaskPlaceOnEventList
 .text.xTaskRemoveFromEventList
                0x00000000000031a8       0xa8 /Users/DBY/Metro_SemesterV-VI/ARM-FREERTOS/Worshop/FreeRTOS/Debug/libFreeRTOS.a(tasks.o)
                0x00000000000031a8                xTaskRemoveFromEventList
 .text.vTaskInternalSetTimeOutState
                0x0000000000003250       0x2c /Users/DBY/Metro_SemesterV-VI/ARM-FREERTOS/Worshop/FreeRTOS/Debug/libFreeRTOS.a(tasks.o)
                0x0000000000003250                vTaskInternalSetTimeOutState
 .text.xTaskCheckForTimeOut
                0x000000000000327c       0x8c /Users/DBY/Metro_SemesterV-VI/ARM-FREERTOS/Worshop/FreeRTOS/Debug/libFreeRTOS.a(tasks.o)
                0x000000000000327c                xTaskCheckForTimeOut
 .text.vTaskMissedYield
                0x0000000000003308       0x18 /Users/DBY/Metro_SemesterV-VI/ARM-FREERTOS/Worshop/FreeRTOS/Debug/libFreeRTOS.a(tasks.o)
                0x0000000000003308                vTaskMissedYield
 .text.prvIdleTask
                0x0000000000003320        0xe /Users/DBY/Metro_SemesterV-VI/ARM-FREERTOS/Worshop/FreeRTOS/Debug/libFreeRTOS.a(tasks.o)
 *fill*         0x000000000000332e        0x2 ff
 .text.prvInitialiseTaskLists
                0x0000000000003330       0x80 /Users/DBY/Metro_SemesterV-VI/ARM-FREERTOS/Worshop/FreeRTOS/Debug/libFreeRTOS.a(tasks.o)
 .text.prvCheckTasksWaitingTermination
                0x00000000000033b0       0x5c /Users/DBY/Metro_SemesterV-VI/ARM-FREERTOS/Worshop/FreeRTOS/Debug/libFreeRTOS.a(tasks.o)
 .text.prvDeleteTCB
                0x000000000000340c       0x2a /Users/DBY/Metro_SemesterV-VI/ARM-FREERTOS/Worshop/FreeRTOS/Debug/libFreeRTOS.a(tasks.o)
 *fill*         0x0000000000003436        0x2 ff
 .text.prvResetNextTaskUnblockTime
                0x0000000000003438       0x40 /Users/DBY/Metro_SemesterV-VI/ARM-FREERTOS/Worshop/FreeRTOS/Debug/libFreeRTOS.a(tasks.o)
 .text.xTaskGetCurrentTaskHandle
                0x0000000000003478       0x1c /Users/DBY/Metro_SemesterV-VI/ARM-FREERTOS/Worshop/FreeRTOS/Debug/libFreeRTOS.a(tasks.o)
                0x0000000000003478                xTaskGetCurrentTaskHandle
 .text.xTaskPriorityInherit
                0x0000000000003494      0x100 /Users/DBY/Metro_SemesterV-VI/ARM-FREERTOS/Worshop/FreeRTOS/Debug/libFreeRTOS.a(tasks.o)
                0x0000000000003494                xTaskPriorityInherit
 .text.xTaskPriorityDisinherit
                0x0000000000003594       0xc8 /Users/DBY/Metro_SemesterV-VI/ARM-FREERTOS/Worshop/FreeRTOS/Debug/libFreeRTOS.a(tasks.o)
                0x0000000000003594                xTaskPriorityDisinherit
 .text.vTaskPriorityDisinheritAfterTimeout
                0x000000000000365c       0xf0 /Users/DBY/Metro_SemesterV-VI/ARM-FREERTOS/Worshop/FreeRTOS/Debug/libFreeRTOS.a(tasks.o)
                0x000000000000365c                vTaskPriorityDisinheritAfterTimeout
 .text.pvTaskIncrementMutexHeldCount
                0x000000000000374c       0x28 /Users/DBY/Metro_SemesterV-VI/ARM-FREERTOS/Worshop/FreeRTOS/Debug/libFreeRTOS.a(tasks.o)
                0x000000000000374c                pvTaskIncrementMutexHeldCount
 .text.ulTaskNotifyTake
                0x0000000000003774       0x98 /Users/DBY/Metro_SemesterV-VI/ARM-FREERTOS/Worshop/FreeRTOS/Debug/libFreeRTOS.a(tasks.o)
                0x0000000000003774                ulTaskNotifyTake
 .text.vTaskNotifyGiveFromISR
                0x000000000000380c       0xe8 /Users/DBY/Metro_SemesterV-VI/ARM-FREERTOS/Worshop/FreeRTOS/Debug/libFreeRTOS.a(tasks.o)
                0x000000000000380c                vTaskNotifyGiveFromISR
 .text.prvAddCurrentTaskToDelayedList
                0x00000000000038f4       0xcc /Users/DBY/Metro_SemesterV-VI/ARM-FREERTOS/Worshop/FreeRTOS/Debug/libFreeRTOS.a(tasks.o)
 .text.pvPortMalloc
                0x00000000000039c0       0x2e /Users/DBY/Metro_SemesterV-VI/ARM-FREERTOS/Worshop/FreeRTOS/Debug/libFreeRTOS.a(heap_3.o)
                0x00000000000039c0                pvPortMalloc
 .text.vPortFree
                0x00000000000039ee       0x24 /Users/DBY/Metro_SemesterV-VI/ARM-FREERTOS/Worshop/FreeRTOS/Debug/libFreeRTOS.a(heap_3.o)
                0x00000000000039ee                vPortFree
 *fill*         0x0000000000003a12        0x2 ff
 .text.pxPortInitialiseStack
                0x0000000000003a14       0x58 /Users/DBY/Metro_SemesterV-VI/ARM-FREERTOS/Worshop/FreeRTOS/Debug/libFreeRTOS.a(port.o)
                0x0000000000003a14                pxPortInitialiseStack
 .text.prvTaskExitError
                0x0000000000003a6c       0x32 /Users/DBY/Metro_SemesterV-VI/ARM-FREERTOS/Worshop/FreeRTOS/Debug/libFreeRTOS.a(port.o)
 *fill*         0x0000000000003a9e        0x2 ff
 .text.SVC_Handler
                0x0000000000003aa0       0x28 /Users/DBY/Metro_SemesterV-VI/ARM-FREERTOS/Worshop/FreeRTOS/Debug/libFreeRTOS.a(port.o)
                0x0000000000003aa0                SVC_Handler
 .text.prvPortStartFirstTask
                0x0000000000003ac8       0x20 /Users/DBY/Metro_SemesterV-VI/ARM-FREERTOS/Worshop/FreeRTOS/Debug/libFreeRTOS.a(port.o)
 .text.xPortStartScheduler
                0x0000000000003ae8       0x40 /Users/DBY/Metro_SemesterV-VI/ARM-FREERTOS/Worshop/FreeRTOS/Debug/libFreeRTOS.a(port.o)
                0x0000000000003ae8                xPortStartScheduler
 .text.vPortEnterCritical
                0x0000000000003b28       0x34 /Users/DBY/Metro_SemesterV-VI/ARM-FREERTOS/Worshop/FreeRTOS/Debug/libFreeRTOS.a(port.o)
                0x0000000000003b28                vPortEnterCritical
 .text.vPortExitCritical
                0x0000000000003b5c       0x34 /Users/DBY/Metro_SemesterV-VI/ARM-FREERTOS/Worshop/FreeRTOS/Debug/libFreeRTOS.a(port.o)
                0x0000000000003b5c                vPortExitCritical
 .text.PendSV_Handler
                0x0000000000003b90       0x48 /Users/DBY/Metro_SemesterV-VI/ARM-FREERTOS/Worshop/FreeRTOS/Debug/libFreeRTOS.a(port.o)
                0x0000000000003b90                PendSV_Handler
 .text.SysTick_Handler
                0x0000000000003bd8       0x44 /Users/DBY/Metro_SemesterV-VI/ARM-FREERTOS/Worshop/FreeRTOS/Debug/libFreeRTOS.a(port.o)
                0x0000000000003bd8                SysTick_Handler
 .text.vPortSetupTimerInterrupt
                0x0000000000003c1c       0x44 /Users/DBY/Metro_SemesterV-VI/ARM-FREERTOS/Worshop/FreeRTOS/Debug/libFreeRTOS.a(port.o)
                0x0000000000003c1c                vPortSetupTimerInterrupt
 .text.vApplicationMallocFailedHook
                0x0000000000003c60       0x1e /Users/DBY/Metro_SemesterV-VI/ARM-FREERTOS/Worshop/FreeRTOS/Debug/libFreeRTOS.a(FreeRTOSCommonHooks.o)
                0x0000000000003c60                vApplicationMallocFailedHook
 .text.vApplicationStackOverflowHook
                0x0000000000003c7e       0x22 /Users/DBY/Metro_SemesterV-VI/ARM-FREERTOS/Worshop/FreeRTOS/Debug/libFreeRTOS.a(FreeRTOSCommonHooks.o)
                0x0000000000003c7e                vApplicationStackOverflowHook
 .text.vListInitialise
                0x0000000000003ca0       0x3e /Users/DBY/Metro_SemesterV-VI/ARM-FREERTOS/Worshop/FreeRTOS/Debug/libFreeRTOS.a(list.o)
                0x0000000000003ca0                vListInitialise
 .text.vListInitialiseItem
                0x0000000000003cde       0x18 /Users/DBY/Metro_SemesterV-VI/ARM-FREERTOS/Worshop/FreeRTOS/Debug/libFreeRTOS.a(list.o)
                0x0000000000003cde                vListInitialiseItem
 .text.vListInsertEnd
                0x0000000000003cf6       0x46 /Users/DBY/Metro_SemesterV-VI/ARM-FREERTOS/Worshop/FreeRTOS/Debug/libFreeRTOS.a(list.o)
                0x0000000000003cf6                vListInsertEnd
 .text.vListInsert
                0x0000000000003d3c       0x70 /Users/DBY/Metro_SemesterV-VI/ARM-FREERTOS/Worshop/FreeRTOS/Debug/libFreeRTOS.a(list.o)
                0x0000000000003d3c                vListInsert
 .text.uxListRemove
                0x0000000000003dac       0x52 /Users/DBY/Metro_SemesterV-VI/ARM-FREERTOS/Worshop/FreeRTOS/Debug/libFreeRTOS.a(list.o)
                0x0000000000003dac                uxListRemove
 *fill*         0x0000000000003dfe        0x2 ff
 .text          0x0000000000003e00      0x378 /Applications/MCUXpressoIDE_11.6.1_8255/ide/plugins/com.nxp.mcuxpresso.tools.macosx_11.6.1.202207200623/tools/bin/../lib/gcc/arm-none-eabi/10.3.1/thumb/v7-m/nofp/libgcc.a(_arm_addsubdf3.o)
                0x0000000000003e00                __aeabi_drsub
                0x0000000000003e08                __subdf3
                0x0000000000003e08                __aeabi_dsub
                0x0000000000003e0c                __aeabi_dadd
                0x0000000000003e0c                __adddf3
                0x0000000000004084                __aeabi_ui2d
                0x0000000000004084                __floatunsidf
                0x00000000000040a4                __floatsidf
                0x00000000000040a4                __aeabi_i2d
                0x00000000000040c8                __extendsfdf2
                0x00000000000040c8                __aeabi_f2d
                0x000000000000410c                __aeabi_ul2d
                0x000000000000410c                __floatundidf
                0x000000000000411c                __aeabi_l2d
                0x000000000000411c                __floatdidf
 .text          0x0000000000004178      0x424 /Applications/MCUXpressoIDE_11.6.1_8255/ide/plugins/com.nxp.mcuxpresso.tools.macosx_11.6.1.202207200623/tools/bin/../lib/gcc/arm-none-eabi/10.3.1/thumb/v7-m/nofp/libgcc.a(_arm_muldivdf3.o)
                0x0000000000004178                __aeabi_dmul
                0x0000000000004178                __muldf3
                0x00000000000043cc                __aeabi_ddiv
                0x00000000000043cc                __divdf3
 .text          0x000000000000459c       0xa0 /Applications/MCUXpressoIDE_11.6.1_8255/ide/plugins/com.nxp.mcuxpresso.tools.macosx_11.6.1.202207200623/tools/bin/../lib/gcc/arm-none-eabi/10.3.1/thumb/v7-m/nofp/libgcc.a(_arm_truncdfsf2.o)
                0x000000000000459c                __aeabi_d2f
                0x000000000000459c                __truncdfsf2
 .text          0x000000000000463c       0x30 /Applications/MCUXpressoIDE_11.6.1_8255/ide/plugins/com.nxp.mcuxpresso.tools.macosx_11.6.1.202207200623/tools/bin/../lib/gcc/arm-none-eabi/10.3.1/thumb/v7-m/nofp/libgcc.a(_aeabi_uldivmod.o)
                0x000000000000463c                __aeabi_uldivmod
 .text          0x000000000000466c      0x2d4 /Applications/MCUXpressoIDE_11.6.1_8255/ide/plugins/com.nxp.mcuxpresso.tools.macosx_11.6.1.202207200623/tools/bin/../lib/gcc/arm-none-eabi/10.3.1/thumb/v7-m/nofp/libgcc.a(_udivmoddi4.o)
                0x000000000000466c                __udivmoddi4
 .text          0x0000000000004940        0x4 /Applications/MCUXpressoIDE_11.6.1_8255/ide/plugins/com.nxp.mcuxpresso.tools.macosx_11.6.1.202207200623/tools/bin/../lib/gcc/arm-none-eabi/10.3.1/thumb/v7-m/nofp/libgcc.a(_dvmd_tls.o)
                0x0000000000004940                __aeabi_ldiv0
                0x0000000000004940                __aeabi_idiv0
 .text.__libc_init_array
                0x0000000000004944       0x48 /Applications/MCUXpressoIDE_11.6.1_8255/ide/plugins/com.nxp.mcuxpresso.tools.macosx_11.6.1.202207200623/tools/bin/../lib/gcc/arm-none-eabi/10.3.1/../../../../arm-none-eabi/lib/thumb/v7-m/nofp/libc.a(lib_a-init.o)
                0x0000000000004944                __libc_init_array
 .text.malloc   0x000000000000498c       0x10 /Applications/MCUXpressoIDE_11.6.1_8255/ide/plugins/com.nxp.mcuxpresso.tools.macosx_11.6.1.202207200623/tools/bin/../lib/gcc/arm-none-eabi/10.3.1/../../../../arm-none-eabi/lib/thumb/v7-m/nofp/libc.a(lib_a-malloc.o)
                0x000000000000498c                malloc
 .text.free     0x000000000000499c       0x10 /Applications/MCUXpressoIDE_11.6.1_8255/ide/plugins/com.nxp.mcuxpresso.tools.macosx_11.6.1.202207200623/tools/bin/../lib/gcc/arm-none-eabi/10.3.1/../../../../arm-none-eabi/lib/thumb/v7-m/nofp/libc.a(lib_a-malloc.o)
                0x000000000000499c                free
 .text._malloc_r
                0x00000000000049ac      0x558 /Applications/MCUXpressoIDE_11.6.1_8255/ide/plugins/com.nxp.mcuxpresso.tools.macosx_11.6.1.202207200623/tools/bin/../lib/gcc/arm-none-eabi/10.3.1/../../../../arm-none-eabi/lib/thumb/v7-m/nofp/libc.a(lib_a-mallocr.o)
                0x00000000000049ac                _malloc_r
 .text          0x0000000000004f04       0xec /Applications/MCUXpressoIDE_11.6.1_8255/ide/plugins/com.nxp.mcuxpresso.tools.macosx_11.6.1.202207200623/tools/bin/../lib/gcc/arm-none-eabi/10.3.1/../../../../arm-none-eabi/lib/thumb/v7-m/nofp/libc.a(lib_a-memcpy.o)
                0x0000000000004f04                memcpy
 .text.memset   0x0000000000004ff0       0xa4 /Applications/MCUXpressoIDE_11.6.1_8255/ide/plugins/com.nxp.mcuxpresso.tools.macosx_11.6.1.202207200623/tools/bin/../lib/gcc/arm-none-eabi/10.3.1/../../../../arm-none-eabi/lib/thumb/v7-m/nofp/libc.a(lib_a-memset.o)
                0x0000000000004ff0                memset
 .text.cleanup_glue
                0x0000000000005094       0x48 /Applications/MCUXpressoIDE_11.6.1_8255/ide/plugins/com.nxp.mcuxpresso.tools.macosx_11.6.1.202207200623/tools/bin/../lib/gcc/arm-none-eabi/10.3.1/../../../../arm-none-eabi/lib/thumb/v7-m/nofp/libc.a(lib_a-reent.o)
                0x0000000000005094                cleanup_glue
 .text._reclaim_reent
                0x00000000000050dc       0x90 /Applications/MCUXpressoIDE_11.6.1_8255/ide/plugins/com.nxp.mcuxpresso.tools.macosx_11.6.1.202207200623/tools/bin/../lib/gcc/arm-none-eabi/10.3.1/../../../../arm-none-eabi/lib/thumb/v7-m/nofp/libc.a(lib_a-reent.o)
                0x00000000000050dc                _reclaim_reent
 .text._sbrk_r  0x000000000000516c       0x24 /Applications/MCUXpressoIDE_11.6.1_8255/ide/plugins/com.nxp.mcuxpresso.tools.macosx_11.6.1.202207200623/tools/bin/../lib/gcc/arm-none-eabi/10.3.1/../../../../arm-none-eabi/lib/thumb/v7-m/nofp/libc.a(lib_a-sbrkr.o)
                0x000000000000516c                _sbrk_r
 .text.snprintf
                0x0000000000005190       0x84 /Applications/MCUXpressoIDE_11.6.1_8255/ide/plugins/com.nxp.mcuxpresso.tools.macosx_11.6.1.202207200623/tools/bin/../lib/gcc/arm-none-eabi/10.3.1/../../../../arm-none-eabi/lib/thumb/v7-m/nofp/libc.a(lib_a-snprintf.o)
                0x0000000000005190                snprintf
 .text.strlen   0x0000000000005214       0x5c /Applications/MCUXpressoIDE_11.6.1_8255/ide/plugins/com.nxp.mcuxpresso.tools.macosx_11.6.1.202207200623/tools/bin/../lib/gcc/arm-none-eabi/10.3.1/../../../../arm-none-eabi/lib/thumb/v7-m/nofp/libc.a(lib_a-strlen-stub.o)
                0x0000000000005214                strlen
 .text._svfprintf_r
                0x0000000000005270     0x1aa4 /Applications/MCUXpressoIDE_11.6.1_8255/ide/plugins/com.nxp.mcuxpresso.tools.macosx_11.6.1.202207200623/tools/bin/../lib/gcc/arm-none-eabi/10.3.1/../../../../arm-none-eabi/lib/thumb/v7-m/nofp/libc.a(lib_a-svfprintf.o)
                0x0000000000005270                _svfprintf_r
 .text.quorem   0x0000000000006d14      0x12c /Applications/MCUXpressoIDE_11.6.1_8255/ide/plugins/com.nxp.mcuxpresso.tools.macosx_11.6.1.202207200623/tools/bin/../lib/gcc/arm-none-eabi/10.3.1/../../../../arm-none-eabi/lib/thumb/v7-m/nofp/libc.a(lib_a-dtoa.o)
 .text._dtoa_r  0x0000000000006e40      0xecc /Applications/MCUXpressoIDE_11.6.1_8255/ide/plugins/com.nxp.mcuxpresso.tools.macosx_11.6.1.202207200623/tools/bin/../lib/gcc/arm-none-eabi/10.3.1/../../../../arm-none-eabi/lib/thumb/v7-m/nofp/libc.a(lib_a-dtoa.o)
                0x0000000000006e40                _dtoa_r
 .text._malloc_trim_r
                0x0000000000007d0c       0xa0 /Applications/MCUXpressoIDE_11.6.1_8255/ide/plugins/com.nxp.mcuxpresso.tools.macosx_11.6.1.202207200623/tools/bin/../lib/gcc/arm-none-eabi/10.3.1/../../../../arm-none-eabi/lib/thumb/v7-m/nofp/libc.a(lib_a-freer.o)
                0x0000000000007d0c                _malloc_trim_r
 .text._free_r  0x0000000000007dac      0x200 /Applications/MCUXpressoIDE_11.6.1_8255/ide/plugins/com.nxp.mcuxpresso.tools.macosx_11.6.1.202207200623/tools/bin/../lib/gcc/arm-none-eabi/10.3.1/../../../../arm-none-eabi/lib/thumb/v7-m/nofp/libc.a(lib_a-freer.o)
                0x0000000000007dac                _free_r
 .text._localeconv_r
                0x0000000000007fac        0x8 /Applications/MCUXpressoIDE_11.6.1_8255/ide/plugins/com.nxp.mcuxpresso.tools.macosx_11.6.1.202207200623/tools/bin/../lib/gcc/arm-none-eabi/10.3.1/../../../../arm-none-eabi/lib/thumb/v7-m/nofp/libc.a(lib_a-localeconv.o)
                0x0000000000007fac                _localeconv_r
 .text.memchr   0x0000000000007fb4       0x90 /Applications/MCUXpressoIDE_11.6.1_8255/ide/plugins/com.nxp.mcuxpresso.tools.macosx_11.6.1.202207200623/tools/bin/../lib/gcc/arm-none-eabi/10.3.1/../../../../arm-none-eabi/lib/thumb/v7-m/nofp/libc.a(lib_a-memchr-stub.o)
                0x0000000000007fb4                memchr
 .text._Balloc  0x0000000000008044       0x4c /Applications/MCUXpressoIDE_11.6.1_8255/ide/plugins/com.nxp.mcuxpresso.tools.macosx_11.6.1.202207200623/tools/bin/../lib/gcc/arm-none-eabi/10.3.1/../../../../arm-none-eabi/lib/thumb/v7-m/nofp/libc.a(lib_a-mprec.o)
                0x0000000000008044                _Balloc
 .text._Bfree   0x0000000000008090       0x14 /Applications/MCUXpressoIDE_11.6.1_8255/ide/plugins/com.nxp.mcuxpresso.tools.macosx_11.6.1.202207200623/tools/bin/../lib/gcc/arm-none-eabi/10.3.1/../../../../arm-none-eabi/lib/thumb/v7-m/nofp/libc.a(lib_a-mprec.o)
                0x0000000000008090                _Bfree
 .text.__multadd
                0x00000000000080a4       0xa4 /Applications/MCUXpressoIDE_11.6.1_8255/ide/plugins/com.nxp.mcuxpresso.tools.macosx_11.6.1.202207200623/tools/bin/../lib/gcc/arm-none-eabi/10.3.1/../../../../arm-none-eabi/lib/thumb/v7-m/nofp/libc.a(lib_a-mprec.o)
                0x00000000000080a4                __multadd
 .text.__hi0bits
                0x0000000000008148       0x40 /Applications/MCUXpressoIDE_11.6.1_8255/ide/plugins/com.nxp.mcuxpresso.tools.macosx_11.6.1.202207200623/tools/bin/../lib/gcc/arm-none-eabi/10.3.1/../../../../arm-none-eabi/lib/thumb/v7-m/nofp/libc.a(lib_a-mprec.o)
                0x0000000000008148                __hi0bits
 .text.__lo0bits
                0x0000000000008188       0x58 /Applications/MCUXpressoIDE_11.6.1_8255/ide/plugins/com.nxp.mcuxpresso.tools.macosx_11.6.1.202207200623/tools/bin/../lib/gcc/arm-none-eabi/10.3.1/../../../../arm-none-eabi/lib/thumb/v7-m/nofp/libc.a(lib_a-mprec.o)
                0x0000000000008188                __lo0bits
 .text.__i2b    0x00000000000081e0       0x5c /Applications/MCUXpressoIDE_11.6.1_8255/ide/plugins/com.nxp.mcuxpresso.tools.macosx_11.6.1.202207200623/tools/bin/../lib/gcc/arm-none-eabi/10.3.1/../../../../arm-none-eabi/lib/thumb/v7-m/nofp/libc.a(lib_a-mprec.o)
                0x00000000000081e0                __i2b
 .text.__multiply
                0x000000000000823c      0x15c /Applications/MCUXpressoIDE_11.6.1_8255/ide/plugins/com.nxp.mcuxpresso.tools.macosx_11.6.1.202207200623/tools/bin/../lib/gcc/arm-none-eabi/10.3.1/../../../../arm-none-eabi/lib/thumb/v7-m/nofp/libc.a(lib_a-mprec.o)
                0x000000000000823c                __multiply
 .text.__pow5mult
                0x0000000000008398       0xb8 /Applications/MCUXpressoIDE_11.6.1_8255/ide/plugins/com.nxp.mcuxpresso.tools.macosx_11.6.1.202207200623/tools/bin/../lib/gcc/arm-none-eabi/10.3.1/../../../../arm-none-eabi/lib/thumb/v7-m/nofp/libc.a(lib_a-mprec.o)
                0x0000000000008398                __pow5mult
 .text.__lshift
                0x0000000000008450       0xec /Applications/MCUXpressoIDE_11.6.1_8255/ide/plugins/com.nxp.mcuxpresso.tools.macosx_11.6.1.202207200623/tools/bin/../lib/gcc/arm-none-eabi/10.3.1/../../../../arm-none-eabi/lib/thumb/v7-m/nofp/libc.a(lib_a-mprec.o)
                0x0000000000008450                __lshift
 .text.__mcmp   0x000000000000853c       0x40 /Applications/MCUXpressoIDE_11.6.1_8255/ide/plugins/com.nxp.mcuxpresso.tools.macosx_11.6.1.202207200623/tools/bin/../lib/gcc/arm-none-eabi/10.3.1/../../../../arm-none-eabi/lib/thumb/v7-m/nofp/libc.a(lib_a-mprec.o)
                0x000000000000853c                __mcmp
 .text.__mdiff  0x000000000000857c      0x14c /Applications/MCUXpressoIDE_11.6.1_8255/ide/plugins/com.nxp.mcuxpresso.tools.macosx_11.6.1.202207200623/tools/bin/../lib/gcc/arm-none-eabi/10.3.1/../../../../arm-none-eabi/lib/thumb/v7-m/nofp/libc.a(lib_a-mprec.o)
                0x000000000000857c                __mdiff
 .text.__d2b    0x00000000000086c8       0xc4 /Applications/MCUXpressoIDE_11.6.1_8255/ide/plugins/com.nxp.mcuxpresso.tools.macosx_11.6.1.202207200623/tools/bin/../lib/gcc/arm-none-eabi/10.3.1/../../../../arm-none-eabi/lib/thumb/v7-m/nofp/libc.a(lib_a-mprec.o)
                0x00000000000086c8                __d2b
 .text.frexp    0x000000000000878c       0x70 /Applications/MCUXpressoIDE_11.6.1_8255/ide/plugins/com.nxp.mcuxpresso.tools.macosx_11.6.1.202207200623/tools/bin/../lib/gcc/arm-none-eabi/10.3.1/../../../../arm-none-eabi/lib/thumb/v7-m/nofp/libc.a(lib_a-s_frexp.o)
                0x000000000000878c                frexp
 .text.strncpy  0x00000000000087fc       0x68 /Applications/MCUXpressoIDE_11.6.1_8255/ide/plugins/com.nxp.mcuxpresso.tools.macosx_11.6.1.202207200623/tools/bin/../lib/gcc/arm-none-eabi/10.3.1/../../../../arm-none-eabi/lib/thumb/v7-m/nofp/libc.a(lib_a-strncpy.o)
                0x00000000000087fc                strncpy
 .text.__ssprint_r
                0x0000000000008864       0xfc /Applications/MCUXpressoIDE_11.6.1_8255/ide/plugins/com.nxp.mcuxpresso.tools.macosx_11.6.1.202207200623/tools/bin/../lib/gcc/arm-none-eabi/10.3.1/../../../../arm-none-eabi/lib/thumb/v7-m/nofp/libc.a(lib_a-svfiprintf.o)
                0x0000000000008864                __ssprint_r
 .text.__assert_func
                0x0000000000008960       0x40 /Applications/MCUXpressoIDE_11.6.1_8255/ide/plugins/com.nxp.mcuxpresso.tools.macosx_11.6.1.202207200623/tools/bin/../lib/gcc/arm-none-eabi/10.3.1/../../../../arm-none-eabi/lib/thumb/v7-m/nofp/libc.a(lib_a-assert.o)
                0x0000000000008960                __assert_func
 .text._calloc_r
                0x00000000000089a0       0x78 /Applications/MCUXpressoIDE_11.6.1_8255/ide/plugins/com.nxp.mcuxpresso.tools.macosx_11.6.1.202207200623/tools/bin/../lib/gcc/arm-none-eabi/10.3.1/../../../../arm-none-eabi/lib/thumb/v7-m/nofp/libc.a(lib_a-callocr.o)
                0x00000000000089a0                _calloc_r
 .text.__errno  0x0000000000008a18        0xc /Applications/MCUXpressoIDE_11.6.1_8255/ide/plugins/com.nxp.mcuxpresso.tools.macosx_11.6.1.202207200623/tools/bin/../lib/gcc/arm-none-eabi/10.3.1/../../../../arm-none-eabi/lib/thumb/v7-m/nofp/libc.a(lib_a-errno.o)
                0x0000000000008a18                __errno
 .text.fiprintf
                0x0000000000008a24       0x28 /Applications/MCUXpressoIDE_11.6.1_8255/ide/plugins/com.nxp.mcuxpresso.tools.macosx_11.6.1.202207200623/tools/bin/../lib/gcc/arm-none-eabi/10.3.1/../../../../arm-none-eabi/lib/thumb/v7-m/nofp/libc.a(lib_a-fiprintf.o)
                0x0000000000008a24                fiprintf
 .text.__locale_mb_cur_max
                0x0000000000008a4c        0xc /Applications/MCUXpressoIDE_11.6.1_8255/ide/plugins/com.nxp.mcuxpresso.tools.macosx_11.6.1.202207200623/tools/bin/../lib/gcc/arm-none-eabi/10.3.1/../../../../arm-none-eabi/lib/thumb/v7-m/nofp/libc.a(lib_a-locale.o)
                0x0000000000008a4c                __locale_mb_cur_max
 .text.__ascii_mbtowc
                0x0000000000008a58       0x2c /Applications/MCUXpressoIDE_11.6.1_8255/ide/plugins/com.nxp.mcuxpresso.tools.macosx_11.6.1.202207200623/tools/bin/../lib/gcc/arm-none-eabi/10.3.1/../../../../arm-none-eabi/lib/thumb/v7-m/nofp/libc.a(lib_a-mbtowc_r.o)
                0x0000000000008a58                __ascii_mbtowc
 .text.memmove  0x0000000000008a84       0xf8 /Applications/MCUXpressoIDE_11.6.1_8255/ide/plugins/com.nxp.mcuxpresso.tools.macosx_11.6.1.202207200623/tools/bin/../lib/gcc/arm-none-eabi/10.3.1/../../../../arm-none-eabi/lib/thumb/v7-m/nofp/libc.a(lib_a-memmove.o)
                0x0000000000008a84                memmove
 .text._realloc_r
                0x0000000000008b7c      0x3dc /Applications/MCUXpressoIDE_11.6.1_8255/ide/plugins/com.nxp.mcuxpresso.tools.macosx_11.6.1.202207200623/tools/bin/../lib/gcc/arm-none-eabi/10.3.1/../../../../arm-none-eabi/lib/thumb/v7-m/nofp/libc.a(lib_a-reallocr.o)
                0x0000000000008b7c                _realloc_r
 .text.__sprint_r.part.0
                0x0000000000008f58       0x78 /Applications/MCUXpressoIDE_11.6.1_8255/ide/plugins/com.nxp.mcuxpresso.tools.macosx_11.6.1.202207200623/tools/bin/../lib/gcc/arm-none-eabi/10.3.1/../../../../arm-none-eabi/lib/thumb/v7-m/nofp/libc.a(lib_a-vfiprintf.o)
 .text._vfiprintf_r
                0x0000000000008fd0      0xd98 /Applications/MCUXpressoIDE_11.6.1_8255/ide/plugins/com.nxp.mcuxpresso.tools.macosx_11.6.1.202207200623/tools/bin/../lib/gcc/arm-none-eabi/10.3.1/../../../../arm-none-eabi/lib/thumb/v7-m/nofp/libc.a(lib_a-vfiprintf.o)
                0x0000000000008fd0                _vfiprintf_r
 .text.__sbprintf
                0x0000000000009d68       0x84 /Applications/MCUXpressoIDE_11.6.1_8255/ide/plugins/com.nxp.mcuxpresso.tools.macosx_11.6.1.202207200623/tools/bin/../lib/gcc/arm-none-eabi/10.3.1/../../../../arm-none-eabi/lib/thumb/v7-m/nofp/libc.a(lib_a-vfiprintf.o)
 .text.__ascii_wctomb
                0x0000000000009dec       0x1c /Applications/MCUXpressoIDE_11.6.1_8255/ide/plugins/com.nxp.mcuxpresso.tools.macosx_11.6.1.202207200623/tools/bin/../lib/gcc/arm-none-eabi/10.3.1/../../../../arm-none-eabi/lib/thumb/v7-m/nofp/libc.a(lib_a-wctomb_r.o)
                0x0000000000009dec                __ascii_wctomb
 .text.__swsetup_r
                0x0000000000009e08       0xd4 /Applications/MCUXpressoIDE_11.6.1_8255/ide/plugins/com.nxp.mcuxpresso.tools.macosx_11.6.1.202207200623/tools/bin/../lib/gcc/arm-none-eabi/10.3.1/../../../../arm-none-eabi/lib/thumb/v7-m/nofp/libc.a(lib_a-wsetup.o)
                0x0000000000009e08                __swsetup_r
 .text.abort    0x0000000000009edc       0x10 /Applications/MCUXpressoIDE_11.6.1_8255/ide/plugins/com.nxp.mcuxpresso.tools.macosx_11.6.1.202207200623/tools/bin/../lib/gcc/arm-none-eabi/10.3.1/../../../../arm-none-eabi/lib/thumb/v7-m/nofp/libc.a(lib_a-abort.o)
                0x0000000000009edc                abort
 .text.__sflush_r
                0x0000000000009eec      0x124 /Applications/MCUXpressoIDE_11.6.1_8255/ide/plugins/com.nxp.mcuxpresso.tools.macosx_11.6.1.202207200623/tools/bin/../lib/gcc/arm-none-eabi/10.3.1/../../../../arm-none-eabi/lib/thumb/v7-m/nofp/libc.a(lib_a-fflush.o)
                0x0000000000009eec                __sflush_r
 .text._fflush_r
                0x000000000000a010       0x5c /Applications/MCUXpressoIDE_11.6.1_8255/ide/plugins/com.nxp.mcuxpresso.tools.macosx_11.6.1.202207200623/tools/bin/../lib/gcc/arm-none-eabi/10.3.1/../../../../arm-none-eabi/lib/thumb/v7-m/nofp/libc.a(lib_a-fflush.o)
                0x000000000000a010                _fflush_r
 .text._cleanup_r
                0x000000000000a06c        0xc /Applications/MCUXpressoIDE_11.6.1_8255/ide/plugins/com.nxp.mcuxpresso.tools.macosx_11.6.1.202207200623/tools/bin/../lib/gcc/arm-none-eabi/10.3.1/../../../../arm-none-eabi/lib/thumb/v7-m/nofp/libc.a(lib_a-findfp.o)
                0x000000000000a06c                _cleanup_r
 .text.__sinit  0x000000000000a078      0x10c /Applications/MCUXpressoIDE_11.6.1_8255/ide/plugins/com.nxp.mcuxpresso.tools.macosx_11.6.1.202207200623/tools/bin/../lib/gcc/arm-none-eabi/10.3.1/../../../../arm-none-eabi/lib/thumb/v7-m/nofp/libc.a(lib_a-findfp.o)
                0x000000000000a078                __sinit
 .text.__sfp_lock_acquire
                0x000000000000a184        0xc /Applications/MCUXpressoIDE_11.6.1_8255/ide/plugins/com.nxp.mcuxpresso.tools.macosx_11.6.1.202207200623/tools/bin/../lib/gcc/arm-none-eabi/10.3.1/../../../../arm-none-eabi/lib/thumb/v7-m/nofp/libc.a(lib_a-findfp.o)
                0x000000000000a184                __sfp_lock_acquire
 .text.__sfp_lock_release
                0x000000000000a190        0xc /Applications/MCUXpressoIDE_11.6.1_8255/ide/plugins/com.nxp.mcuxpresso.tools.macosx_11.6.1.202207200623/tools/bin/../lib/gcc/arm-none-eabi/10.3.1/../../../../arm-none-eabi/lib/thumb/v7-m/nofp/libc.a(lib_a-findfp.o)
                0x000000000000a190                __sfp_lock_release
 .text.__fputwc
                0x000000000000a19c       0xa0 /Applications/MCUXpressoIDE_11.6.1_8255/ide/plugins/com.nxp.mcuxpresso.tools.macosx_11.6.1.202207200623/tools/bin/../lib/gcc/arm-none-eabi/10.3.1/../../../../arm-none-eabi/lib/thumb/v7-m/nofp/libc.a(lib_a-fputwc.o)
                0x000000000000a19c                __fputwc
 .text._fputwc_r
                0x000000000000a23c       0x68 /Applications/MCUXpressoIDE_11.6.1_8255/ide/plugins/com.nxp.mcuxpresso.tools.macosx_11.6.1.202207200623/tools/bin/../lib/gcc/arm-none-eabi/10.3.1/../../../../arm-none-eabi/lib/thumb/v7-m/nofp/libc.a(lib_a-fputwc.o)
                0x000000000000a23c                _fputwc_r
 .text.__sfvwrite_r
                0x000000000000a2a4      0x2f0 /Applications/MCUXpressoIDE_11.6.1_8255/ide/plugins/com.nxp.mcuxpresso.tools.macosx_11.6.1.202207200623/tools/bin/../lib/gcc/arm-none-eabi/10.3.1/../../../../arm-none-eabi/lib/thumb/v7-m/nofp/libc.a(lib_a-fvwrite.o)
                0x000000000000a2a4                __sfvwrite_r
 .text._fwalk_reent
                0x000000000000a594       0x48 /Applications/MCUXpressoIDE_11.6.1_8255/ide/plugins/com.nxp.mcuxpresso.tools.macosx_11.6.1.202207200623/tools/bin/../lib/gcc/arm-none-eabi/10.3.1/../../../../arm-none-eabi/lib/thumb/v7-m/nofp/libc.a(lib_a-fwalk.o)
                0x000000000000a594                _fwalk_reent
 .text.__retarget_lock_init_recursive
                0x000000000000a5dc        0x4 /Applications/MCUXpressoIDE_11.6.1_8255/ide/plugins/com.nxp.mcuxpresso.tools.macosx_11.6.1.202207200623/tools/bin/../lib/gcc/arm-none-eabi/10.3.1/../../../../arm-none-eabi/lib/thumb/v7-m/nofp/libc.a(lib_a-lock.o)
                0x000000000000a5dc                __retarget_lock_init_recursive
 .text.__retarget_lock_close_recursive
                0x000000000000a5e0        0x4 /Applications/MCUXpressoIDE_11.6.1_8255/ide/plugins/com.nxp.mcuxpresso.tools.macosx_11.6.1.202207200623/tools/bin/../lib/gcc/arm-none-eabi/10.3.1/../../../../arm-none-eabi/lib/thumb/v7-m/nofp/libc.a(lib_a-lock.o)
                0x000000000000a5e0                __retarget_lock_close_recursive
 .text.__retarget_lock_acquire_recursive
                0x000000000000a5e4        0x4 /Applications/MCUXpressoIDE_11.6.1_8255/ide/plugins/com.nxp.mcuxpresso.tools.macosx_11.6.1.202207200623/tools/bin/../lib/gcc/arm-none-eabi/10.3.1/../../../../arm-none-eabi/lib/thumb/v7-m/nofp/libc.a(lib_a-lock.o)
                0x000000000000a5e4                __retarget_lock_acquire_recursive
 .text.__retarget_lock_release_recursive
                0x000000000000a5e8        0x4 /Applications/MCUXpressoIDE_11.6.1_8255/ide/plugins/com.nxp.mcuxpresso.tools.macosx_11.6.1.202207200623/tools/bin/../lib/gcc/arm-none-eabi/10.3.1/../../../../arm-none-eabi/lib/thumb/v7-m/nofp/libc.a(lib_a-lock.o)
                0x000000000000a5e8                __retarget_lock_release_recursive
 .text.__smakebuf_r
                0x000000000000a5ec       0xe0 /Applications/MCUXpressoIDE_11.6.1_8255/ide/plugins/com.nxp.mcuxpresso.tools.macosx_11.6.1.202207200623/tools/bin/../lib/gcc/arm-none-eabi/10.3.1/../../../../arm-none-eabi/lib/thumb/v7-m/nofp/libc.a(lib_a-makebuf.o)
                0x000000000000a5ec                __smakebuf_r
 .text.raise    0x000000000000a6cc       0x5c /Applications/MCUXpressoIDE_11.6.1_8255/ide/plugins/com.nxp.mcuxpresso.tools.macosx_11.6.1.202207200623/tools/bin/../lib/gcc/arm-none-eabi/10.3.1/../../../../arm-none-eabi/lib/thumb/v7-m/nofp/libc.a(lib_a-signal.o)
                0x000000000000a6cc                raise
 .text._kill_r  0x000000000000a728       0x28 /Applications/MCUXpressoIDE_11.6.1_8255/ide/plugins/com.nxp.mcuxpresso.tools.macosx_11.6.1.202207200623/tools/bin/../lib/gcc/arm-none-eabi/10.3.1/../../../../arm-none-eabi/lib/thumb/v7-m/nofp/libc.a(lib_a-signalr.o)
                0x000000000000a728                _kill_r
 .text._getpid_r
                0x000000000000a750        0x4 /Applications/MCUXpressoIDE_11.6.1_8255/ide/plugins/com.nxp.mcuxpresso.tools.macosx_11.6.1.202207200623/tools/bin/../lib/gcc/arm-none-eabi/10.3.1/../../../../arm-none-eabi/lib/thumb/v7-m/nofp/libc.a(lib_a-signalr.o)
                0x000000000000a750                _getpid_r
 .text.__sread  0x000000000000a754       0x24 /Applications/MCUXpressoIDE_11.6.1_8255/ide/plugins/com.nxp.mcuxpresso.tools.macosx_11.6.1.202207200623/tools/bin/../lib/gcc/arm-none-eabi/10.3.1/../../../../arm-none-eabi/lib/thumb/v7-m/nofp/libc.a(lib_a-stdio.o)
                0x000000000000a754                __sread
 .text.__swrite
                0x000000000000a778       0x40 /Applications/MCUXpressoIDE_11.6.1_8255/ide/plugins/com.nxp.mcuxpresso.tools.macosx_11.6.1.202207200623/tools/bin/../lib/gcc/arm-none-eabi/10.3.1/../../../../arm-none-eabi/lib/thumb/v7-m/nofp/libc.a(lib_a-stdio.o)
                0x000000000000a778                __swrite
 .text.__sseek  0x000000000000a7b8       0x20 /Applications/MCUXpressoIDE_11.6.1_8255/ide/plugins/com.nxp.mcuxpresso.tools.macosx_11.6.1.202207200623/tools/bin/../lib/gcc/arm-none-eabi/10.3.1/../../../../arm-none-eabi/lib/thumb/v7-m/nofp/libc.a(lib_a-stdio.o)
                0x000000000000a7b8                __sseek
 .text.__sclose
                0x000000000000a7d8        0x8 /Applications/MCUXpressoIDE_11.6.1_8255/ide/plugins/com.nxp.mcuxpresso.tools.macosx_11.6.1.202207200623/tools/bin/../lib/gcc/arm-none-eabi/10.3.1/../../../../arm-none-eabi/lib/thumb/v7-m/nofp/libc.a(lib_a-stdio.o)
                0x000000000000a7d8                __sclose
 .text.__swbuf_r
                0x000000000000a7e0       0xb0 /Applications/MCUXpressoIDE_11.6.1_8255/ide/plugins/com.nxp.mcuxpresso.tools.macosx_11.6.1.202207200623/tools/bin/../lib/gcc/arm-none-eabi/10.3.1/../../../../arm-none-eabi/lib/thumb/v7-m/nofp/libc.a(lib_a-wbuf.o)
                0x000000000000a7e0                __swbuf_r
 .text._wcrtomb_r
                0x000000000000a890       0x3c /Applications/MCUXpressoIDE_11.6.1_8255/ide/plugins/com.nxp.mcuxpresso.tools.macosx_11.6.1.202207200623/tools/bin/../lib/gcc/arm-none-eabi/10.3.1/../../../../arm-none-eabi/lib/thumb/v7-m/nofp/libc.a(lib_a-wcrtomb.o)
                0x000000000000a890                _wcrtomb_r
 .text._write_r
                0x000000000000a8cc       0x2c /Applications/MCUXpressoIDE_11.6.1_8255/ide/plugins/com.nxp.mcuxpresso.tools.macosx_11.6.1.202207200623/tools/bin/../lib/gcc/arm-none-eabi/10.3.1/../../../../arm-none-eabi/lib/thumb/v7-m/nofp/libc.a(lib_a-writer.o)
                0x000000000000a8cc                _write_r
 .text._close_r
                0x000000000000a8f8       0x24 /Applications/MCUXpressoIDE_11.6.1_8255/ide/plugins/com.nxp.mcuxpresso.tools.macosx_11.6.1.202207200623/tools/bin/../lib/gcc/arm-none-eabi/10.3.1/../../../../arm-none-eabi/lib/thumb/v7-m/nofp/libc.a(lib_a-closer.o)
                0x000000000000a8f8                _close_r
 .text._fclose_r
                0x000000000000a91c       0xcc /Applications/MCUXpressoIDE_11.6.1_8255/ide/plugins/com.nxp.mcuxpresso.tools.macosx_11.6.1.202207200623/tools/bin/../lib/gcc/arm-none-eabi/10.3.1/../../../../arm-none-eabi/lib/thumb/v7-m/nofp/libc.a(lib_a-fclose.o)
                0x000000000000a91c                _fclose_r
 .text._fstat_r
                0x000000000000a9e8       0x28 /Applications/MCUXpressoIDE_11.6.1_8255/ide/plugins/com.nxp.mcuxpresso.tools.macosx_11.6.1.202207200623/tools/bin/../lib/gcc/arm-none-eabi/10.3.1/../../../../arm-none-eabi/lib/thumb/v7-m/nofp/libc.a(lib_a-fstatr.o)
                0x000000000000a9e8                _fstat_r
 .text._isatty_r
                0x000000000000aa10       0x24 /Applications/MCUXpressoIDE_11.6.1_8255/ide/plugins/com.nxp.mcuxpresso.tools.macosx_11.6.1.202207200623/tools/bin/../lib/gcc/arm-none-eabi/10.3.1/../../../../arm-none-eabi/lib/thumb/v7-m/nofp/libc.a(lib_a-isattyr.o)
                0x000000000000aa10                _isatty_r
 .text._lseek_r
                0x000000000000aa34       0x2c /Applications/MCUXpressoIDE_11.6.1_8255/ide/plugins/com.nxp.mcuxpresso.tools.macosx_11.6.1.202207200623/tools/bin/../lib/gcc/arm-none-eabi/10.3.1/../../../../arm-none-eabi/lib/thumb/v7-m/nofp/libc.a(lib_a-lseekr.o)
                0x000000000000aa34                _lseek_r
 .text._read_r  0x000000000000aa60       0x2c /Applications/MCUXpressoIDE_11.6.1_8255/ide/plugins/com.nxp.mcuxpresso.tools.macosx_11.6.1.202207200623/tools/bin/../lib/gcc/arm-none-eabi/10.3.1/../../../../arm-none-eabi/lib/thumb/v7-m/nofp/libc.a(lib_a-readr.o)
                0x000000000000aa60                _read_r
 .text._sbrk    0x000000000000aa8c       0x3c /Applications/MCUXpressoIDE_11.6.1_8255/ide/plugins/com.nxp.mcuxpresso.tools.macosx_11.6.1.202207200623/tools/bin/../lib/gcc/arm-none-eabi/10.3.1/../../../../arm-none-eabi/lib/thumb/v7-m/nofp/libcr_newlib_nohost.a(_cr_sbrk.o)
                0x000000000000aa8c                _sbrk
 .text._exit    0x000000000000aac8        0x2 /Applications/MCUXpressoIDE_11.6.1_8255/ide/plugins/com.nxp.mcuxpresso.tools.macosx_11.6.1.202207200623/tools/bin/../lib/gcc/arm-none-eabi/10.3.1/../../../../arm-none-eabi/lib/thumb/v7-m/nofp/libcr_newlib_nohost.a(_exit.o)
                0x000000000000aac8                _exit
 *fill*         0x000000000000aaca        0x2 ff
 .text._close   0x000000000000aacc       0x10 /Applications/MCUXpressoIDE_11.6.1_8255/ide/plugins/com.nxp.mcuxpresso.tools.macosx_11.6.1.202207200623/tools/bin/../lib/gcc/arm-none-eabi/10.3.1/../../../../arm-none-eabi/lib/thumb/v7-m/nofp/libcr_newlib_nohost.a(close.o)
                0x000000000000aacc                _close
 .text._fstat   0x000000000000aadc       0x10 /Applications/MCUXpressoIDE_11.6.1_8255/ide/plugins/com.nxp.mcuxpresso.tools.macosx_11.6.1.202207200623/tools/bin/../lib/gcc/arm-none-eabi/10.3.1/../../../../arm-none-eabi/lib/thumb/v7-m/nofp/libcr_newlib_nohost.a(fstat.o)
                0x000000000000aadc                _fstat
 .text._getpid  0x000000000000aaec       0x10 /Applications/MCUXpressoIDE_11.6.1_8255/ide/plugins/com.nxp.mcuxpresso.tools.macosx_11.6.1.202207200623/tools/bin/../lib/gcc/arm-none-eabi/10.3.1/../../../../arm-none-eabi/lib/thumb/v7-m/nofp/libcr_newlib_nohost.a(getpid.o)
                0x000000000000aaec                _getpid
 .text._isatty  0x000000000000aafc       0x10 /Applications/MCUXpressoIDE_11.6.1_8255/ide/plugins/com.nxp.mcuxpresso.tools.macosx_11.6.1.202207200623/tools/bin/../lib/gcc/arm-none-eabi/10.3.1/../../../../arm-none-eabi/lib/thumb/v7-m/nofp/libcr_newlib_nohost.a(isatty.o)
                0x000000000000aafc                _isatty
 .text._kill    0x000000000000ab0c       0x10 /Applications/MCUXpressoIDE_11.6.1_8255/ide/plugins/com.nxp.mcuxpresso.tools.macosx_11.6.1.202207200623/tools/bin/../lib/gcc/arm-none-eabi/10.3.1/../../../../arm-none-eabi/lib/thumb/v7-m/nofp/libcr_newlib_nohost.a(kill.o)
                0x000000000000ab0c                _kill
 .text._lseek   0x000000000000ab1c       0x10 /Applications/MCUXpressoIDE_11.6.1_8255/ide/plugins/com.nxp.mcuxpresso.tools.macosx_11.6.1.202207200623/tools/bin/../lib/gcc/arm-none-eabi/10.3.1/../../../../arm-none-eabi/lib/thumb/v7-m/nofp/libcr_newlib_nohost.a(lseek.o)
                0x000000000000ab1c                _lseek
 .text.__check_heap_overflow
                0x000000000000ab2c       0x14 /Applications/MCUXpressoIDE_11.6.1_8255/ide/plugins/com.nxp.mcuxpresso.tools.macosx_11.6.1.202207200623/tools/bin/../lib/gcc/arm-none-eabi/10.3.1/../../../../arm-none-eabi/lib/thumb/v7-m/nofp/libcr_newlib_nohost.a(_cr_check_heap.o)
                0x000000000000ab2c                __check_heap_overflow
 .text          0x000000000000ab40       0x40 /Applications/MCUXpressoIDE_11.6.1_8255/ide/plugins/com.nxp.mcuxpresso.tools.macosx_11.6.1.202207200623/tools/bin/../lib/gcc/arm-none-eabi/10.3.1/thumb/v7-m/nofp/crtbegin.o
 .text          0x000000000000ab80      0x110 /Applications/MCUXpressoIDE_11.6.1_8255/ide/plugins/com.nxp.mcuxpresso.tools.macosx_11.6.1.202207200623/tools/bin/../lib/gcc/arm-none-eabi/10.3.1/thumb/v7-m/nofp/libgcc.a(_arm_cmpdf2.o)
                0x000000000000ab80                __gedf2
                0x000000000000ab80                __gtdf2
                0x000000000000ab88                __ledf2
                0x000000000000ab88                __ltdf2
                0x000000000000ab90                __cmpdf2
                0x000000000000ab90                __eqdf2
                0x000000000000ab90                __nedf2
                0x000000000000ac0c                __aeabi_cdrcmple
                0x000000000000ac1c                __aeabi_cdcmple
                0x000000000000ac1c                __aeabi_cdcmpeq
                0x000000000000ac2c                __aeabi_dcmpeq
                0x000000000000ac40                __aeabi_dcmplt
                0x000000000000ac54                __aeabi_dcmple
                0x000000000000ac68                __aeabi_dcmpge
                0x000000000000ac7c                __aeabi_dcmpgt
 .text          0x000000000000ac90       0x2c /Applications/MCUXpressoIDE_11.6.1_8255/ide/plugins/com.nxp.mcuxpresso.tools.macosx_11.6.1.202207200623/tools/bin/../lib/gcc/arm-none-eabi/10.3.1/thumb/v7-m/nofp/libgcc.a(_arm_unorddf2.o)
                0x000000000000ac90                __aeabi_dcmpun
                0x000000000000ac90                __unorddf2
 .text          0x000000000000acbc       0x50 /Applications/MCUXpressoIDE_11.6.1_8255/ide/plugins/com.nxp.mcuxpresso.tools.macosx_11.6.1.202207200623/tools/bin/../lib/gcc/arm-none-eabi/10.3.1/thumb/v7-m/nofp/libgcc.a(_arm_fixdfsi.o)
                0x000000000000acbc                __fixdfsi
                0x000000000000acbc                __aeabi_d2iz
 *(.rodata .rodata.* .constdata .constdata.*)
 .rodata._ZTV12DigitalIoPin
                0x000000000000ad0c       0x14 ./src/DigitalIoPin.o
                0x000000000000ad0c                vtable for DigitalIoPin
 .rodata._ZTV6Fmutex
                0x000000000000ad20       0x10 ./src/Fmutex.o
                0x000000000000ad20                vtable for Fmutex
 .rodata._ZTV7LpcUart
                0x000000000000ad30       0x10 ./src/LpcUart.o
                0x000000000000ad30                vtable for LpcUart
 .rodata._ZL5ports
                0x000000000000ad40       0x10 ./src/lab2_01.o
 .rodata._ZL4pins
                0x000000000000ad50       0x10 ./src/lab2_01.o
 .rodata._ZL11vButtonTaskPv.str1.4
                0x000000000000ad60        0xf ./src/lab2_01.o
 *fill*         0x000000000000ad6f        0x1 ff
 .rodata.main.str1.4
                0x000000000000ad70       0x18 ./src/lab2_01.o
 .rodata.OscRateIn
                0x000000000000ad88        0x4 /Users/DBY/Metro_SemesterV-VI/ARM-FREERTOS/Worshop/lpc_board_nxp_lpcxpresso_1549/Debug/liblpc_board_nxp_lpcxpresso_1549.a(board.o)
                0x000000000000ad88                OscRateIn
 .rodata.RTCOscRateIn
                0x000000000000ad8c        0x4 /Users/DBY/Metro_SemesterV-VI/ARM-FREERTOS/Worshop/lpc_board_nxp_lpcxpresso_1549/Debug/liblpc_board_nxp_lpcxpresso_1549.a(board.o)
                0x000000000000ad8c                RTCOscRateIn
 .rodata.ledpins
                0x000000000000ad90        0x3 /Users/DBY/Metro_SemesterV-VI/ARM-FREERTOS/Worshop/lpc_board_nxp_lpcxpresso_1549/Debug/liblpc_board_nxp_lpcxpresso_1549.a(board.o)
 *fill*         0x000000000000ad93        0x1 ff
 .rodata.ledports
                0x000000000000ad94        0x3 /Users/DBY/Metro_SemesterV-VI/ARM-FREERTOS/Worshop/lpc_board_nxp_lpcxpresso_1549/Debug/liblpc_board_nxp_lpcxpresso_1549.a(board.o)
 *fill*         0x000000000000ad97        0x1 ff
 .rodata.ioconSetup
                0x000000000000ad98       0x74 /Users/DBY/Metro_SemesterV-VI/ARM-FREERTOS/Worshop/lpc_board_nxp_lpcxpresso_1549/Debug/liblpc_board_nxp_lpcxpresso_1549.a(board_sysinit.o)
 .rodata.swmSetup
                0x000000000000ae0c        0x6 /Users/DBY/Metro_SemesterV-VI/ARM-FREERTOS/Worshop/lpc_board_nxp_lpcxpresso_1549/Debug/liblpc_board_nxp_lpcxpresso_1549.a(board_sysinit.o)
 *fill*         0x000000000000ae12        0x2 ff
 .rodata.vTaskStartScheduler.str1.4
                0x000000000000ae14        0x5 /Users/DBY/Metro_SemesterV-VI/ARM-FREERTOS/Worshop/FreeRTOS/Debug/libFreeRTOS.a(tasks.o)
 *fill*         0x000000000000ae19        0x3 ff
 .rodata        0x000000000000ae1c       0x10 /Users/DBY/Metro_SemesterV-VI/ARM-FREERTOS/Worshop/FreeRTOS/Debug/libFreeRTOS.a(tasks.o)
                0x000000000000ae1c                FreeRTOSDebugConfig
 .rodata._svfprintf_r.str1.4
                0x000000000000ae2c       0x42 /Applications/MCUXpressoIDE_11.6.1_8255/ide/plugins/com.nxp.mcuxpresso.tools.macosx_11.6.1.202207200623/tools/bin/../lib/gcc/arm-none-eabi/10.3.1/../../../../arm-none-eabi/lib/thumb/v7-m/nofp/libc.a(lib_a-svfprintf.o)
 *fill*         0x000000000000ae6e        0x2 ff
 .rodata.blanks.1
                0x000000000000ae70       0x10 /Applications/MCUXpressoIDE_11.6.1_8255/ide/plugins/com.nxp.mcuxpresso.tools.macosx_11.6.1.202207200623/tools/bin/../lib/gcc/arm-none-eabi/10.3.1/../../../../arm-none-eabi/lib/thumb/v7-m/nofp/libc.a(lib_a-svfprintf.o)
 .rodata.zeroes.0
                0x000000000000ae80       0x10 /Applications/MCUXpressoIDE_11.6.1_8255/ide/plugins/com.nxp.mcuxpresso.tools.macosx_11.6.1.202207200623/tools/bin/../lib/gcc/arm-none-eabi/10.3.1/../../../../arm-none-eabi/lib/thumb/v7-m/nofp/libc.a(lib_a-svfprintf.o)
 .rodata._dtoa_r.str1.4
                0x000000000000ae90       0x7e /Applications/MCUXpressoIDE_11.6.1_8255/ide/plugins/com.nxp.mcuxpresso.tools.macosx_11.6.1.202207200623/tools/bin/../lib/gcc/arm-none-eabi/10.3.1/../../../../arm-none-eabi/lib/thumb/v7-m/nofp/libc.a(lib_a-dtoa.o)
                                         0x82 (size before relaxing)
 *fill*         0x000000000000af0e        0x2 ff
 .rodata.__multadd.str1.4
                0x000000000000af10       0x5b /Applications/MCUXpressoIDE_11.6.1_8255/ide/plugins/com.nxp.mcuxpresso.tools.macosx_11.6.1.202207200623/tools/bin/../lib/gcc/arm-none-eabi/10.3.1/../../../../arm-none-eabi/lib/thumb/v7-m/nofp/libc.a(lib_a-mprec.o)
                                         0x6f (size before relaxing)
 *fill*         0x000000000000af6b        0x5 ff
 .rodata.__mprec_bigtens
                0x000000000000af70       0x28 /Applications/MCUXpressoIDE_11.6.1_8255/ide/plugins/com.nxp.mcuxpresso.tools.macosx_11.6.1.202207200623/tools/bin/../lib/gcc/arm-none-eabi/10.3.1/../../../../arm-none-eabi/lib/thumb/v7-m/nofp/libc.a(lib_a-mprec.o)
                0x000000000000af70                __mprec_bigtens
 .rodata.__mprec_tens
                0x000000000000af98       0xc8 /Applications/MCUXpressoIDE_11.6.1_8255/ide/plugins/com.nxp.mcuxpresso.tools.macosx_11.6.1.202207200623/tools/bin/../lib/gcc/arm-none-eabi/10.3.1/../../../../arm-none-eabi/lib/thumb/v7-m/nofp/libc.a(lib_a-mprec.o)
                0x000000000000af98                __mprec_tens
 .rodata.p05.0  0x000000000000b060        0xc /Applications/MCUXpressoIDE_11.6.1_8255/ide/plugins/com.nxp.mcuxpresso.tools.macosx_11.6.1.202207200623/tools/bin/../lib/gcc/arm-none-eabi/10.3.1/../../../../arm-none-eabi/lib/thumb/v7-m/nofp/libc.a(lib_a-mprec.o)
 .rodata.__assert_func.str1.4
                0x000000000000b06c       0x3f /Applications/MCUXpressoIDE_11.6.1_8255/ide/plugins/com.nxp.mcuxpresso.tools.macosx_11.6.1.202207200623/tools/bin/../lib/gcc/arm-none-eabi/10.3.1/../../../../arm-none-eabi/lib/thumb/v7-m/nofp/libc.a(lib_a-assert.o)
                                         0x43 (size before relaxing)
 *fill*         0x000000000000b0ab        0x1 ff
 .rodata._setlocale_r.str1.4
                0x000000000000b0ac        0xa /Applications/MCUXpressoIDE_11.6.1_8255/ide/plugins/com.nxp.mcuxpresso.tools.macosx_11.6.1.202207200623/tools/bin/../lib/gcc/arm-none-eabi/10.3.1/../../../../arm-none-eabi/lib/thumb/v7-m/nofp/libc.a(lib_a-locale.o)
                                          0xd (size before relaxing)
 *fill*         0x000000000000b0b6        0x2 ff
 .rodata.str1.4
                0x000000000000b0b8        0x2 /Applications/MCUXpressoIDE_11.6.1_8255/ide/plugins/com.nxp.mcuxpresso.tools.macosx_11.6.1.202207200623/tools/bin/../lib/gcc/arm-none-eabi/10.3.1/../../../../arm-none-eabi/lib/thumb/v7-m/nofp/libc.a(lib_a-locale.o)
 .rodata._vfiprintf_r.str1.4
                0x000000000000b0ba       0x2f /Applications/MCUXpressoIDE_11.6.1_8255/ide/plugins/com.nxp.mcuxpresso.tools.macosx_11.6.1.202207200623/tools/bin/../lib/gcc/arm-none-eabi/10.3.1/../../../../arm-none-eabi/lib/thumb/v7-m/nofp/libc.a(lib_a-vfiprintf.o)
 *fill*         0x000000000000b0ba        0x2 ff
 .rodata.blanks.1
                0x000000000000b0bc       0x10 /Applications/MCUXpressoIDE_11.6.1_8255/ide/plugins/com.nxp.mcuxpresso.tools.macosx_11.6.1.202207200623/tools/bin/../lib/gcc/arm-none-eabi/10.3.1/../../../../arm-none-eabi/lib/thumb/v7-m/nofp/libc.a(lib_a-vfiprintf.o)
 .rodata.zeroes.0
                0x000000000000b0cc       0x10 /Applications/MCUXpressoIDE_11.6.1_8255/ide/plugins/com.nxp.mcuxpresso.tools.macosx_11.6.1.202207200623/tools/bin/../lib/gcc/arm-none-eabi/10.3.1/../../../../arm-none-eabi/lib/thumb/v7-m/nofp/libc.a(lib_a-vfiprintf.o)
 .rodata._ctype_
                0x000000000000b0dc      0x101 /Applications/MCUXpressoIDE_11.6.1_8255/ide/plugins/com.nxp.mcuxpresso.tools.macosx_11.6.1.202207200623/tools/bin/../lib/gcc/arm-none-eabi/10.3.1/../../../../arm-none-eabi/lib/thumb/v7-m/nofp/libc.a(lib_a-ctype_.o)
                0x000000000000b0dc                _ctype_
                0x000000000000b1e0                . = ALIGN (0x4)
 *fill*         0x000000000000b1dd        0x3 ff
                0x000000000000b1e0                . = ALIGN (0x4)
 *(.init)
 .init          0x000000000000b1e0        0x4 /Applications/MCUXpressoIDE_11.6.1_8255/ide/plugins/com.nxp.mcuxpresso.tools.macosx_11.6.1.202207200623/tools/bin/../lib/gcc/arm-none-eabi/10.3.1/thumb/v7-m/nofp/crti.o
                0x000000000000b1e0                _init
 .init          0x000000000000b1e4        0x8 /Applications/MCUXpressoIDE_11.6.1_8255/ide/plugins/com.nxp.mcuxpresso.tools.macosx_11.6.1.202207200623/tools/bin/../lib/gcc/arm-none-eabi/10.3.1/thumb/v7-m/nofp/crtn.o
                0x000000000000b1ec                . = ALIGN (0x4)
                0x000000000000b1ec                __preinit_array_start = .
 *(.preinit_array)
                0x000000000000b1ec                __preinit_array_end = .
                0x000000000000b1ec                . = ALIGN (0x4)
                0x000000000000b1ec                __init_array_start = .
 *(SORT_BY_NAME(.init_array.*))
 *(.init_array)
 .init_array    0x000000000000b1ec        0x4 ./src/lab2_01.o
 .init_array    0x000000000000b1f0        0x4 /Applications/MCUXpressoIDE_11.6.1_8255/ide/plugins/com.nxp.mcuxpresso.tools.macosx_11.6.1.202207200623/tools/bin/../lib/gcc/arm-none-eabi/10.3.1/thumb/v7-m/nofp/crtbegin.o
                0x000000000000b1f4                __init_array_end = .
 *(.fini)
 .fini          0x000000000000b1f4        0x4 /Applications/MCUXpressoIDE_11.6.1_8255/ide/plugins/com.nxp.mcuxpresso.tools.macosx_11.6.1.202207200623/tools/bin/../lib/gcc/arm-none-eabi/10.3.1/thumb/v7-m/nofp/crti.o
                0x000000000000b1f4                _fini
 .fini          0x000000000000b1f8        0x8 /Applications/MCUXpressoIDE_11.6.1_8255/ide/plugins/com.nxp.mcuxpresso.tools.macosx_11.6.1.202207200623/tools/bin/../lib/gcc/arm-none-eabi/10.3.1/thumb/v7-m/nofp/crtn.o
                0x000000000000b200                . = ALIGN (0x4)
 *crtbegin.o(.ctors)
 *(EXCLUDE_FILE(*crtend.o) .ctors)
 *(SORT_BY_NAME(.ctors.*))
 *crtend.o(.ctors)
                0x000000000000b200                . = ALIGN (0x4)
 *crtbegin.o(.dtors)
 *(EXCLUDE_FILE(*crtend.o) .dtors)
 *(SORT_BY_NAME(.dtors.*))
 *crtend.o(.dtors)
                0x000000000000b200                . = ALIGN (0x4)

.glue_7         0x000000000000b200        0x0
 .glue_7        0x000000000000b200        0x0 linker stubs

.glue_7t        0x000000000000b200        0x0
 .glue_7t       0x000000000000b200        0x0 linker stubs

.vfp11_veneer   0x000000000000b200        0x0
 .vfp11_veneer  0x000000000000b200        0x0 linker stubs

.v4_bx          0x000000000000b200        0x0
 .v4_bx         0x000000000000b200        0x0 linker stubs

.iplt           0x000000000000b200        0x0
 .iplt          0x000000000000b200        0x0 ./src/DigitalIoPin.o

.ARM.extab
 *(.ARM.extab* .gnu.linkonce.armextab.*)

.ARM.exidx      0x000000000000b200        0x8
                0x000000000000b200                __exidx_start = .
 *(.ARM.exidx* .gnu.linkonce.armexidx.*)
 .ARM.exidx     0x000000000000b200        0x8 /Applications/MCUXpressoIDE_11.6.1_8255/ide/plugins/com.nxp.mcuxpresso.tools.macosx_11.6.1.202207200623/tools/bin/../lib/gcc/arm-none-eabi/10.3.1/thumb/v7-m/nofp/libgcc.a(_udivmoddi4.o)
                0x000000000000b208                __exidx_end = .
                0x000000000000b208                _etext = .

.rel.dyn        0x000000000000b208        0x0
 .rel.iplt      0x000000000000b208        0x0 ./src/DigitalIoPin.o

.eh_frame       0x000000000000b208        0x0
 .eh_frame      0x000000000000b208        0x0 /Applications/MCUXpressoIDE_11.6.1_8255/ide/plugins/com.nxp.mcuxpresso.tools.macosx_11.6.1.202207200623/tools/bin/../lib/gcc/arm-none-eabi/10.3.1/thumb/v7-m/nofp/crtbegin.o

.data_RAM2      0x0000000002008000        0x0 load address 0x000000000000b208
 FILL mask 0xff
                [!provide]                        PROVIDE (__start_data_RAM2 = .)
                [!provide]                        PROVIDE (__start_data_Ram2_4 = .)
 *(.ramfunc.$RAM2)