Archive member included to satisfy reference by file (symbol)

/Users/DBY/Metro_SemesterV-VI/ARM-FREERTOS/Worshop/lpc_board_nxp_lpcxpresso_1549/Debug/liblpc_board_nxp_lpcxpresso_1549.a(board.o)
                              ./src/lab1_03.o (Board_LED_Set)
/Users/DBY/Metro_SemesterV-VI/ARM-FREERTOS/Worshop/lpc_board_nxp_lpcxpresso_1549/Debug/liblpc_board_nxp_lpcxpresso_1549.a(board_sysinit.o)
                              ./src/sysinit.o (Board_SystemInit)
/Users/DBY/Metro_SemesterV-VI/ARM-FREERTOS/Worshop/lpc_chip_15xx/Debug/liblpc_chip_15xx.a(chip_15xx.o)
                              ./src/lab1_03.o (SystemCoreClockUpdate)
/Users/DBY/Metro_SemesterV-VI/ARM-FREERTOS/Worshop/lpc_chip_15xx/Debug/liblpc_chip_15xx.a(clock_15xx.o)
                              /Users/DBY/Metro_SemesterV-VI/ARM-FREERTOS/Worshop/lpc_board_nxp_lpcxpresso_1549/Debug/liblpc_board_nxp_lpcxpresso_1549.a(board.o) (Chip_Clock_GetMainClockRate)
/Users/DBY/Metro_SemesterV-VI/ARM-FREERTOS/Worshop/lpc_chip_15xx/Debug/liblpc_chip_15xx.a(gpio_15xx.o)
                              /Users/DBY/Metro_SemesterV-VI/ARM-FREERTOS/Worshop/lpc_board_nxp_lpcxpresso_1549/Debug/liblpc_board_nxp_lpcxpresso_1549.a(board.o) (Chip_GPIO_Init)
/Users/DBY/Metro_SemesterV-VI/ARM-FREERTOS/Worshop/lpc_chip_15xx/Debug/liblpc_chip_15xx.a(iocon_15xx.o)
                              /Users/DBY/Metro_SemesterV-VI/ARM-FREERTOS/Worshop/lpc_board_nxp_lpcxpresso_1549/Debug/liblpc_board_nxp_lpcxpresso_1549.a(board_sysinit.o) (Chip_IOCON_SetPinMuxing)
/Users/DBY/Metro_SemesterV-VI/ARM-FREERTOS/Worshop/lpc_chip_15xx/Debug/liblpc_chip_15xx.a(sct_15xx.o)
                              ./src/lab1_03.o (Chip_SCT_Init)
/Users/DBY/Metro_SemesterV-VI/ARM-FREERTOS/Worshop/lpc_chip_15xx/Debug/liblpc_chip_15xx.a(swm_15xx.o)
                              /Users/DBY/Metro_SemesterV-VI/ARM-FREERTOS/Worshop/lpc_board_nxp_lpcxpresso_1549/Debug/liblpc_board_nxp_lpcxpresso_1549.a(board.o) (Chip_SWM_MovablePinAssign)
/Users/DBY/Metro_SemesterV-VI/ARM-FREERTOS/Worshop/lpc_chip_15xx/Debug/liblpc_chip_15xx.a(sysctl_15xx.o)
                              /Users/DBY/Metro_SemesterV-VI/ARM-FREERTOS/Worshop/lpc_board_nxp_lpcxpresso_1549/Debug/liblpc_board_nxp_lpcxpresso_1549.a(board_sysinit.o) (Chip_SYSCTL_AssertPeriphReset)
/Users/DBY/Metro_SemesterV-VI/ARM-FREERTOS/Worshop/lpc_chip_15xx/Debug/liblpc_chip_15xx.a(sysinit_15xx.o)
                              /Users/DBY/Metro_SemesterV-VI/ARM-FREERTOS/Worshop/lpc_board_nxp_lpcxpresso_1549/Debug/liblpc_board_nxp_lpcxpresso_1549.a(board_sysinit.o) (Chip_SetupXtalClocking)
/Users/DBY/Metro_SemesterV-VI/ARM-FREERTOS/Worshop/lpc_chip_15xx/Debug/liblpc_chip_15xx.a(uart_15xx.o)
                              /Users/DBY/Metro_SemesterV-VI/ARM-FREERTOS/Worshop/lpc_board_nxp_lpcxpresso_1549/Debug/liblpc_board_nxp_lpcxpresso_1549.a(board.o) (Chip_UART_Init)
/Users/DBY/Metro_SemesterV-VI/ARM-FREERTOS/Worshop/lpc_chip_15xx/Debug/liblpc_chip_15xx.a(ring_buffer.o)
                              /Users/DBY/Metro_SemesterV-VI/ARM-FREERTOS/Worshop/lpc_chip_15xx/Debug/liblpc_chip_15xx.a(uart_15xx.o) (RingBuffer_Insert)
/Users/DBY/Metro_SemesterV-VI/ARM-FREERTOS/Worshop/FreeRTOS/Debug/libFreeRTOS.a(tasks.o)
                              ./src/lab1_03.o (xTaskCreate)
/Users/DBY/Metro_SemesterV-VI/ARM-FREERTOS/Worshop/FreeRTOS/Debug/libFreeRTOS.a(heap_3.o)
                              /Users/DBY/Metro_SemesterV-VI/ARM-FREERTOS/Worshop/FreeRTOS/Debug/libFreeRTOS.a(tasks.o) (pvPortMalloc)
/Users/DBY/Metro_SemesterV-VI/ARM-FREERTOS/Worshop/FreeRTOS/Debug/libFreeRTOS.a(port.o)
                              /Users/DBY/Metro_SemesterV-VI/ARM-FREERTOS/Worshop/FreeRTOS/Debug/libFreeRTOS.a(tasks.o) (pxPortInitialiseStack)
/Users/DBY/Metro_SemesterV-VI/ARM-FREERTOS/Worshop/FreeRTOS/Debug/libFreeRTOS.a(FreeRTOSCommonHooks.o)
                              /Users/DBY/Metro_SemesterV-VI/ARM-FREERTOS/Worshop/FreeRTOS/Debug/libFreeRTOS.a(heap_3.o) (vApplicationMallocFailedHook)
/Users/DBY/Metro_SemesterV-VI/ARM-FREERTOS/Worshop/FreeRTOS/Debug/libFreeRTOS.a(list.o)
                              /Users/DBY/Metro_SemesterV-VI/ARM-FREERTOS/Worshop/FreeRTOS/Debug/libFreeRTOS.a(tasks.o) (vListInitialise)
/Applications/MCUXpressoIDE_11.6.1_8255/ide/plugins/com.nxp.mcuxpresso.tools.macosx_11.6.1.202207200623/tools/bin/../lib/gcc/arm-none-eabi/10.3.1/thumb/v7-m/nofp/libgcc.a(_arm_muldf3.o)
                              ./src/heap_lock_monitor.o (__aeabi_dmul)
/Applications/MCUXpressoIDE_11.6.1_8255/ide/plugins/com.nxp.mcuxpresso.tools.macosx_11.6.1.202207200623/tools/bin/../lib/gcc/arm-none-eabi/10.3.1/thumb/v7-m/nofp/libgcc.a(_arm_addsubdf3.o)
                              ./src/heap_lock_monitor.o (__aeabi_ui2d)
/Applications/MCUXpressoIDE_11.6.1_8255/ide/plugins/com.nxp.mcuxpresso.tools.macosx_11.6.1.202207200623/tools/bin/../lib/gcc/arm-none-eabi/10.3.1/thumb/v7-m/nofp/libgcc.a(_arm_muldivdf3.o)
                              ./src/heap_lock_monitor.o (__aeabi_ddiv)
[...]
Memory Configuration

Name             Origin             Length             Attributes
MFlash256        0x0000000000000000 0x0000000000040000 xr
Ram0_16_32       0x0000000002000000 0x0000000000008000 xrw
Ram2_4           0x0000000002008000 0x0000000000001000 xrw
*default*        0x0000000000000000 0xffffffffffffffff

Linker script and memory map

LOAD ./src/DigitalIoPin.o
LOAD ./src/cr_cpp_config.o
LOAD ./src/cr_startup_lpc15xx.o
LOAD ./src/crp.o
LOAD ./src/heap_lock_monitor.o
LOAD ./src/lab1_03.o
LOAD ./src/sysinit.o
LOAD /Users/DBY/Metro_SemesterV-VI/ARM-FREERTOS/Worshop/lpc_board_nxp_lpcxpresso_1549/Debug/liblpc_board_nxp_lpcxpresso_1549.a
LOAD /Users/DBY/Metro_SemesterV-VI/ARM-FREERTOS/Worshop/lpc_chip_15xx/Debug/liblpc_chip_15xx.a
LOAD /Users/DBY/Metro_SemesterV-VI/ARM-FREERTOS/Worshop/FreeRTOS/Debug/libFreeRTOS.a
START GROUP
LOAD /Applications/MCUXpressoIDE_11.6.1_8255/ide/plugins/com.nxp.mcuxpresso.tools.macosx_11.6.1.202207200623/tools/bin/../lib/gcc/arm-none-eabi/10.3.1/thumb/v7-m/nofp/libgcc.a
LOAD /Applications/MCUXpressoIDE_11.6.1_8255/ide/plugins/com.nxp.mcuxpresso.tools.macosx_11.6.1.202207200623/tools/bin/../lib/gcc/arm-none-eabi/10.3.1/../../../../arm-none-eabi/lib/thumb/v7-m/nofp/libc.a
LOAD /Applications/MCUXpressoIDE_11.6.1_8255/ide/plugins/com.nxp.mcuxpresso.tools.macosx_11.6.1.202207200623/tools/bin/../lib/gcc/arm-none-eabi/10.3.1/../../../../arm-none-eabi/lib/thumb/v7-m/nofp/libstdc++.a
LOAD /Applications/MCUXpressoIDE_11.6.1_8255/ide/plugins/com.nxp.mcuxpresso.tools.macosx_11.6.1.202207200623/tools/bin/../lib/gcc/arm-none-eabi/10.3.1/../../../../arm-none-eabi/lib/thumb/v7-m/nofp/libm.a
LOAD /Applications/MCUXpressoIDE_11.6.1_8255/ide/plugins/com.nxp.mcuxpresso.tools.macosx_11.6.1.202207200623/tools/bin/../lib/gcc/arm-none-eabi/10.3.1/../../../../arm-none-eabi/lib/thumb/v7-m/nofp/libcr_newlib_nohost.a
LOAD /Applications/MCUXpressoIDE_11.6.1_8255/ide/plugins/com.nxp.mcuxpresso.tools.macosx_11.6.1.202207200623/tools/bin/../lib/gcc/arm-none-eabi/10.3.1/thumb/v7-m/nofp/crti.o
LOAD /Applications/MCUXpressoIDE_11.6.1_8255/ide/plugins/com.nxp.mcuxpresso.tools.macosx_11.6.1.202207200623/tools/bin/../lib/gcc/arm-none-eabi/10.3.1/thumb/v7-m/nofp/crtn.o
LOAD /Applications/MCUXpressoIDE_11.6.1_8255/ide/plugins/com.nxp.mcuxpresso.tools.macosx_11.6.1.202207200623/tools/bin/../lib/gcc/arm-none-eabi/10.3.1/thumb/v7-m/nofp/crtbegin.o
LOAD /Applications/MCUXpressoIDE_11.6.1_8255/ide/plugins/com.nxp.mcuxpresso.tools.macosx_11.6.1.202207200623/tools/bin/../lib/gcc/arm-none-eabi/10.3.1/thumb/v7-m/nofp/crtend.o
END GROUP
                0x0000000000000000                __base_MFlash256 = 0x0
                0x0000000000000000                __base_Flash = 0x0
                0x0000000000040000                __top_MFlash256 = 0x40000
                0x0000000000040000                __top_Flash = 0x40000
                0x0000000002000000                __base_Ram0_16_32 = 0x2000000
                0x0000000002000000                __base_RAM = 0x2000000
                0x0000000002008000                __top_Ram0_16_32 = 0x2008000
                0x0000000002008000                __top_RAM = 0x2008000
                0x0000000002008000                __base_Ram2_4 = 0x2008000
                0x0000000002008000                __base_RAM2 = 0x2008000
                0x0000000002009000                __top_Ram2_4 = 0x2009000
                0x0000000002009000                __top_RAM2 = 0x2009000

.text           0x0000000000000000     0x9778
 FILL mask 0xff
                0x0000000000000000                __vectors_start__ = ABSOLUTE (.)
 *(.isr_vector)
 .isr_vector    0x0000000000000000       0xfc ./src/cr_startup_lpc15xx.o
                0x0000000000000000                g_pfnVectors
                0x00000000000000fc                . = ALIGN (0x4)
                0x00000000000000fc                __section_table_start = .
                0x00000000000000fc                __data_section_table = .
                0x00000000000000fc        0x4 LONG 0x9780 LOADADDR (.data)
                0x0000000000000100        0x4 LONG 0x2000000 ADDR (.data)
                0x0000000000000104        0x4 LONG 0x9b0 SIZEOF (.data)
                0x0000000000000108        0x4 LONG 0x9780 LOADADDR (.data_RAM2)
                0x000000000000010c        0x4 LONG 0x2008000 ADDR (.data_RAM2)
                0x0000000000000110        0x4 LONG 0x0 SIZEOF (.data_RAM2)
                0x0000000000000114                __data_section_table_end = .
                0x0000000000000114                __bss_section_table = .
                0x0000000000000114        0x4 LONG 0x20009b0 ADDR (.bss)
                0x0000000000000118        0x4 LONG 0x1c0 SIZEOF (.bss)
                0x000000000000011c        0x4 LONG 0x2008000 ADDR (.bss_RAM2)
                0x0000000000000120        0x4 LONG 0x0 SIZEOF (.bss_RAM2)
                0x0000000000000124                __bss_section_table_end = .
                0x0000000000000124                __section_table_end = .
 *(.after_vectors*)
 .after_vectors
                0x0000000000000124      0x140 ./src/cr_startup_lpc15xx.o
                0x0000000000000124                data_init(unsigned int, unsigned int, unsigned int)
                0x0000000000000166                bss_init(unsigned int, unsigned int)
                0x000000000000019c                ResetISR
                0x0000000000000228                NMI_Handler
                0x000000000000022e                HardFault_Handler
                0x0000000000000234                MemManage_Handler
                0x000000000000023a                BusFault_Handler
                0x0000000000000240                UsageFault_Handler
                0x000000000000024c                DebugMon_Handler
                0x000000000000025e                UART0_IRQHandler
                0x000000000000025e                SPI1_IRQHandler
                0x000000000000025e                PIN_INT6_IRQHandler
                0x000000000000025e                IntDefaultHandler
                0x000000000000025e                PIN_INT4_IRQHandler
                0x000000000000025e                CAN_IRQHandler
                0x000000000000025e                RTC_ALARM_IRQHandler
                0x000000000000025e                ADC1B_IRQHandler
                0x000000000000025e                ADC1_OVR_IRQHandler
                0x000000000000025e                USBWakeup_IRQHandler
                0x000000000000025e                UART2_IRQHandler
                0x000000000000025e                PIN_INT5_IRQHandler
                0x000000000000025e                SCT1_IRQHandler
                0x000000000000025e                PIN_INT2_IRQHandler
                0x000000000000025e                USB_FIQHandler
                0x000000000000025e                SCT3_IRQHandler
                0x000000000000025e                PIN_INT7_IRQHandler
                0x000000000000025e                PIN_INT1_IRQHandler
                0x000000000000025e                USB_IRQHandler
                0x000000000000025e                BOD_IRQHandler
                0x000000000000025e                ADC0B_IRQHandler
                0x000000000000025e                ACMP0_IRQHandler
                0x000000000000025e                WDT_IRQHandler
                0x000000000000025e                PIN_INT0_IRQHandler
                0x000000000000025e                QEI_IRQHandler
                0x000000000000025e                ACMP3_IRQHandler
                0x000000000000025e                GINT0_IRQHandler
                0x000000000000025e                DAC_IRQHandler
                0x000000000000025e                SPI0_IRQHandler
                0x000000000000025e                EEPROM_IRQHandler
                0x000000000000025e                ACMP2_IRQHandler
                0x000000000000025e                ADC1A_IRQHandler
                0x000000000000025e                DMA_IRQHandler
                0x000000000000025e                PIN_INT3_IRQHandler
                0x000000000000025e                ACMP1_IRQHandler
                0x000000000000025e                ADC0A_IRQHandler
                0x000000000000025e                FMC_IRQHandler
                0x000000000000025e                GINT1_IRQHandler
                0x000000000000025e                SCT0_IRQHandler
                0x000000000000025e                ADC0_THCMP_IRQHandler
                0x000000000000025e                RIT_IRQHandler
                0x000000000000025e                I2C0_IRQHandler
                0x000000000000025e                ADC0_OVR_IRQHandler
                0x000000000000025e                ADC1_THCMP_IRQHandler
                0x000000000000025e                SCT2_IRQHandler
                0x000000000000025e                MRT_IRQHandler
                0x000000000000025e                UART1_IRQHandler
                0x000000000000025e                RTC_WAKE_IRQHandler
 *(.text*)
 .text.Chip_IOCON_PinMuxSet
                0x0000000000000264       0x2c ./src/DigitalIoPin.o
 .text.Chip_GPIO_GetPinState
                0x0000000000000290       0x34 ./src/DigitalIoPin.o
 .text.Chip_GPIO_SetPinDIROutput
                0x00000000000002c4       0x3c ./src/DigitalIoPin.o
 .text.Chip_GPIO_SetPinDIRInput
                0x0000000000000300       0x3e ./src/DigitalIoPin.o
 *fill*         0x000000000000033e        0x2 ff
 .text._ZN12DigitalIoPinC2EiiNS_7pinModeEb
                0x0000000000000340       0xc8 ./src/DigitalIoPin.o
                0x0000000000000340                DigitalIoPin::DigitalIoPin(int, int, DigitalIoPin::pinMode, bool)
                0x0000000000000340                DigitalIoPin::DigitalIoPin(int, int, DigitalIoPin::pinMode, bool)
 .text._ZN12DigitalIoPinD2Ev
                0x0000000000000408       0x20 ./src/DigitalIoPin.o
                0x0000000000000408                DigitalIoPin::~DigitalIoPin()
                0x0000000000000408                DigitalIoPin::~DigitalIoPin()
 .text._ZN12DigitalIoPinD0Ev
                0x0000000000000428       0x1e ./src/DigitalIoPin.o
                0x0000000000000428                DigitalIoPin::~DigitalIoPin()
 .text._ZN12DigitalIoPin4readEv
                0x0000000000000446       0x28 ./src/DigitalIoPin.o
                0x0000000000000446                DigitalIoPin::read()
 .text._ZdlPv   0x000000000000046e       0x16 ./src/cr_cpp_config.o
                0x000000000000046e                operator delete(void*)
 .text.__aeabi_atexit
                0x0000000000000484       0x18 ./src/cr_cpp_config.o
                0x0000000000000484                __aeabi_atexit
 .text.heap_monitor_setup
                0x000000000000049c       0x50 ./src/heap_lock_monitor.o
                0x000000000000049c                heap_monitor_setup
 .text.heap_monitor_update
                0x00000000000004ec       0x74 ./src/heap_lock_monitor.o
                0x00000000000004ec                heap_monitor_update
 .text.__malloc_lock
                0x0000000000000560       0x14 ./src/heap_lock_monitor.o
                0x0000000000000560                __malloc_lock
 .text.__malloc_unlock
                0x0000000000000574       0x18 ./src/heap_lock_monitor.o
                0x0000000000000574                __malloc_unlock
 .text._ZL16prvSetupHardwarev
                0x000000000000058c       0x18 ./src/lab1_03.o
 .text._ZL9vLEDTask1Pv
                0x00000000000005a4       0x26 ./src/lab1_03.o
 .text._ZL9vLEDTask2Pv
                0x00000000000005ca       0x26 ./src/lab1_03.o
 .text._ZL9vUARTTaskPv
                0x00000000000005f0       0x5c ./src/lab1_03.o
 .text.main     0x000000000000064c       0x70 ./src/lab1_03.o
                0x000000000000064c                main
 .text._Z41__static_initialization_and_destruction_0ii
                0x00000000000006bc       0x48 ./src/lab1_03.o
 .text._GLOBAL__sub_I_Sw1
                0x0000000000000704       0x10 ./src/lab1_03.o
 .text.SystemInit
                0x0000000000000714        0xc ./src/sysinit.o
                0x0000000000000714                SystemInit
 .text.Chip_IOCON_PinMuxSet
                0x0000000000000720       0x2c /Users/DBY/Metro_SemesterV-VI/ARM-FREERTOS/Worshop/lpc_board_nxp_lpcxpresso_1549/Debug/liblpc_board_nxp_lpcxpresso_1549.a(board.o)
 .text.Chip_SWM_MovablePortPinAssign
                0x000000000000074c       0x30 /Users/DBY/Metro_SemesterV-VI/ARM-FREERTOS/Worshop/lpc_board_nxp_lpcxpresso_1549/Debug/liblpc_board_nxp_lpcxpresso_1549.a(board.o)
 .text.Chip_GPIO_SetPinState
                0x000000000000077c       0x36 /Users/DBY/Metro_SemesterV-VI/ARM-FREERTOS/Worshop/lpc_board_nxp_lpcxpresso_1549/Debug/liblpc_board_nxp_lpcxpresso_1549.a(board.o)
 .text.Chip_GPIO_SetPinDIROutput
                0x00000000000007b2       0x3c /Users/DBY/Metro_SemesterV-VI/ARM-FREERTOS/Worshop/lpc_board_nxp_lpcxpresso_1549/Debug/liblpc_board_nxp_lpcxpresso_1549.a(board.o)
 .text.Chip_UART_Enable
                0x00000000000007ee       0x1e /Users/DBY/Metro_SemesterV-VI/ARM-FREERTOS/Worshop/lpc_board_nxp_lpcxpresso_1549/Debug/liblpc_board_nxp_lpcxpresso_1549.a(board.o)
 .text.Chip_UART_TXEnable
                0x000000000000080c       0x1e /Users/DBY/Metro_SemesterV-VI/ARM-FREERTOS/Worshop/lpc_board_nxp_lpcxpresso_1549/Debug/liblpc_board_nxp_lpcxpresso_1549.a(board.o)
 .text.Chip_UART_ConfigData
                0x000000000000082a       0x28 /Users/DBY/Metro_SemesterV-VI/ARM-FREERTOS/Worshop/lpc_board_nxp_lpcxpresso_1549/Debug/liblpc_board_nxp_lpcxpresso_1549.a(board.o)
 .text._write   0x0000000000000852       0x38 /Users/DBY/Metro_SemesterV-VI/ARM-FREERTOS/Worshop/lpc_board_nxp_lpcxpresso_1549/Debug/liblpc_board_nxp_lpcxpresso_1549.a(board.o)
                0x0000000000000852                _write
 .text._read    0x000000000000088a       0x48 /Users/DBY/Metro_SemesterV-VI/ARM-FREERTOS/Worshop/lpc_board_nxp_lpcxpresso_1549/Debug/liblpc_board_nxp_lpcxpresso_1549.a(board.o)
                0x000000000000088a                _read
 *fill*         0x00000000000008d2        0x2 ff
 .text.Board_UARTPutChar
                0x00000000000008d4       0x24 /Users/DBY/Metro_SemesterV-VI/ARM-FREERTOS/Worshop/lpc_board_nxp_lpcxpresso_1549/Debug/liblpc_board_nxp_lpcxpresso_1549.a(board.o)
                0x00000000000008d4                Board_UARTPutChar
 .text.Board_UARTGetChar
                0x00000000000008f8       0x2c /Users/DBY/Metro_SemesterV-VI/ARM-FREERTOS/Worshop/lpc_board_nxp_lpcxpresso_1549/Debug/liblpc_board_nxp_lpcxpresso_1549.a(board.o)
                0x00000000000008f8                Board_UARTGetChar
 .text.Board_Debug_Init
                0x0000000000000924       0x70 /Users/DBY/Metro_SemesterV-VI/ARM-FREERTOS/Worshop/lpc_board_nxp_lpcxpresso_1549/Debug/liblpc_board_nxp_lpcxpresso_1549.a(board.o)
                0x0000000000000924                Board_Debug_Init
 .text.Board_LED_Init
                0x0000000000000994       0x60 /Users/DBY/Metro_SemesterV-VI/ARM-FREERTOS/Worshop/lpc_board_nxp_lpcxpresso_1549/Debug/liblpc_board_nxp_lpcxpresso_1549.a(board.o)
 .text.Board_LED_Set
                0x00000000000009f4       0x54 /Users/DBY/Metro_SemesterV-VI/ARM-FREERTOS/Worshop/lpc_board_nxp_lpcxpresso_1549/Debug/liblpc_board_nxp_lpcxpresso_1549.a(board.o)
                0x00000000000009f4                Board_LED_Set
 .text.Board_Init
                0x0000000000000a48       0x18 /Users/DBY/Metro_SemesterV-VI/ARM-FREERTOS/Worshop/lpc_board_nxp_lpcxpresso_1549/Debug/liblpc_board_nxp_lpcxpresso_1549.a(board.o)
                0x0000000000000a48                Board_Init
 .text.Chip_SYSCTL_PeriphReset
                0x0000000000000a60       0x22 /Users/DBY/Metro_SemesterV-VI/ARM-FREERTOS/Worshop/lpc_board_nxp_lpcxpresso_1549/Debug/liblpc_board_nxp_lpcxpresso_1549.a(board_sysinit.o)
 *fill*         0x0000000000000a82        0x2 ff
 .text.Chip_Clock_SetUSBPLLSource
                0x0000000000000a84       0x20 /Users/DBY/Metro_SemesterV-VI/ARM-FREERTOS/Worshop/lpc_board_nxp_lpcxpresso_1549/Debug/liblpc_board_nxp_lpcxpresso_1549.a(board_sysinit.o)
 .text.Chip_Clock_SetupUSBPLL
                0x0000000000000aa4       0x34 /Users/DBY/Metro_SemesterV-VI/ARM-FREERTOS/Worshop/lpc_board_nxp_lpcxpresso_1549/Debug/liblpc_board_nxp_lpcxpresso_1549.a(board_sysinit.o)
 .text.Chip_Clock_IsUSBPLLLocked
                0x0000000000000ad8       0x24 /Users/DBY/Metro_SemesterV-VI/ARM-FREERTOS/Worshop/lpc_board_nxp_lpcxpresso_1549/Debug/liblpc_board_nxp_lpcxpresso_1549.a(board_sysinit.o)
 .text.Chip_Clock_SetSysTickClockDiv
                0x0000000000000afc       0x20 /Users/DBY/Metro_SemesterV-VI/ARM-FREERTOS/Worshop/lpc_board_nxp_lpcxpresso_1549/Debug/liblpc_board_nxp_lpcxpresso_1549.a(board_sysinit.o)
 .text.Chip_SWM_MovablePortPinAssign
                0x0000000000000b1c       0x30 /Users/DBY/Metro_SemesterV-VI/ARM-FREERTOS/Worshop/lpc_board_nxp_lpcxpresso_1549/Debug/liblpc_board_nxp_lpcxpresso_1549.a(board_sysinit.o)
 .text.Board_SetupMuxing
                0x0000000000000b4c       0x84 /Users/DBY/Metro_SemesterV-VI/ARM-FREERTOS/Worshop/lpc_board_nxp_lpcxpresso_1549/Debug/liblpc_board_nxp_lpcxpresso_1549.a(board_sysinit.o)
                0x0000000000000b4c                Board_SetupMuxing
 .text.Board_SetupClocking
                0x0000000000000bd0       0x3a /Users/DBY/Metro_SemesterV-VI/ARM-FREERTOS/Worshop/lpc_board_nxp_lpcxpresso_1549/Debug/liblpc_board_nxp_lpcxpresso_1549.a(board_sysinit.o)
                0x0000000000000bd0                Board_SetupClocking
 *fill*         0x0000000000000c0a        0x2 ff
 .text.Board_SystemInit
                0x0000000000000c0c       0x1c /Users/DBY/Metro_SemesterV-VI/ARM-FREERTOS/Worshop/lpc_board_nxp_lpcxpresso_1549/Debug/liblpc_board_nxp_lpcxpresso_1549.a(board_sysinit.o)
                0x0000000000000c0c                Board_SystemInit
 .text.SystemCoreClockUpdate
                0x0000000000000c28       0x18 /Users/DBY/Metro_SemesterV-VI/ARM-FREERTOS/Worshop/lpc_chip_15xx/Debug/liblpc_chip_15xx.a(chip_15xx.o)
                0x0000000000000c28                SystemCoreClockUpdate
 .text.Chip_Clock_SetMain_A_ClockSource
                0x0000000000000c40       0x20 /Users/DBY/Metro_SemesterV-VI/ARM-FREERTOS/Worshop/lpc_chip_15xx/Debug/liblpc_chip_15xx.a(clock_15xx.o)
 .text.Chip_Clock_GetMain_A_ClockSource
                0x0000000000000c60       0x18 /Users/DBY/Metro_SemesterV-VI/ARM-FREERTOS/Worshop/lpc_chip_15xx/Debug/liblpc_chip_15xx.a(clock_15xx.o)
 .text.Chip_Clock_SetMain_B_ClockSource
                0x0000000000000c78       0x20 /Users/DBY/Metro_SemesterV-VI/ARM-FREERTOS/Worshop/lpc_chip_15xx/Debug/liblpc_chip_15xx.a(clock_15xx.o)
 .text.Chip_Clock_GetMain_B_ClockSource
                0x0000000000000c98       0x18 /Users/DBY/Metro_SemesterV-VI/ARM-FREERTOS/Worshop/lpc_chip_15xx/Debug/liblpc_chip_15xx.a(clock_15xx.o)
 .text.Chip_Clock_SetUARTFRGDivider
                0x0000000000000cb0       0x20 /Users/DBY/Metro_SemesterV-VI/ARM-FREERTOS/Worshop/lpc_chip_15xx/Debug/liblpc_chip_15xx.a(clock_15xx.o)
 .text.Chip_Clock_GetUARTFRGDivider
                0x0000000000000cd0       0x18 /Users/DBY/Metro_SemesterV-VI/ARM-FREERTOS/Worshop/lpc_chip_15xx/Debug/liblpc_chip_15xx.a(clock_15xx.o)
 .text.Chip_Clock_GetMainOscRate
                0x0000000000000ce8       0x14 /Users/DBY/Metro_SemesterV-VI/ARM-FREERTOS/Worshop/lpc_chip_15xx/Debug/liblpc_chip_15xx.a(clock_15xx.o)
 .text.Chip_Clock_GetIntOscRate
                0x0000000000000cfc       0x14 /Users/DBY/Metro_SemesterV-VI/ARM-FREERTOS/Worshop/lpc_chip_15xx/Debug/liblpc_chip_15xx.a(clock_15xx.o)
 .text.Chip_Clock_GetRTCOscRate
                0x0000000000000d10       0x14 /Users/DBY/Metro_SemesterV-VI/ARM-FREERTOS/Worshop/lpc_chip_15xx/Debug/liblpc_chip_15xx.a(clock_15xx.o)
 .text.Chip_Clock_GetWDTOSCRate
                0x0000000000000d24       0x14 /Users/DBY/Metro_SemesterV-VI/ARM-FREERTOS/Worshop/lpc_chip_15xx/Debug/liblpc_chip_15xx.a(clock_15xx.o)
 .text.Chip_Clock_GetPLLFreq
                0x0000000000000d38       0x26 /Users/DBY/Metro_SemesterV-VI/ARM-FREERTOS/Worshop/lpc_chip_15xx/Debug/liblpc_chip_15xx.a(clock_15xx.o)
 .text.Chip_Clock_GetPLLInClockRate
                0x0000000000000d5e       0x38 /Users/DBY/Metro_SemesterV-VI/ARM-FREERTOS/Worshop/lpc_chip_15xx/Debug/liblpc_chip_15xx.a(clock_15xx.o)
 *fill*         0x0000000000000d96        0x2 ff
 .text.Chip_Clock_GetSystemPLLInClockRate
                0x0000000000000d98       0x1c /Users/DBY/Metro_SemesterV-VI/ARM-FREERTOS/Worshop/lpc_chip_15xx/Debug/liblpc_chip_15xx.a(clock_15xx.o)
                0x0000000000000d98                Chip_Clock_GetSystemPLLInClockRate
 .text.Chip_Clock_GetSystemPLLOutClockRate
                0x0000000000000db4       0x24 /Users/DBY/Metro_SemesterV-VI/ARM-FREERTOS/Worshop/lpc_chip_15xx/Debug/liblpc_chip_15xx.a(clock_15xx.o)
                0x0000000000000db4                Chip_Clock_GetSystemPLLOutClockRate
 .text.Chip_Clock_GetMain_A_ClockRate
                0x0000000000000dd8       0x4a /Users/DBY/Metro_SemesterV-VI/ARM-FREERTOS/Worshop/lpc_chip_15xx/Debug/liblpc_chip_15xx.a(clock_15xx.o)
                0x0000000000000dd8                Chip_Clock_GetMain_A_ClockRate
 *fill*         0x0000000000000e22        0x2 ff
 .text.Chip_Clock_GetMain_B_ClockRate
                0x0000000000000e24       0x58 /Users/DBY/Metro_SemesterV-VI/ARM-FREERTOS/Worshop/lpc_chip_15xx/Debug/liblpc_chip_15xx.a(clock_15xx.o)
                0x0000000000000e24                Chip_Clock_GetMain_B_ClockRate
 .text.Chip_Clock_SetMainClockSource
                0x0000000000000e7c       0x3c /Users/DBY/Metro_SemesterV-VI/ARM-FREERTOS/Worshop/lpc_chip_15xx/Debug/liblpc_chip_15xx.a(clock_15xx.o)
                0x0000000000000e7c                Chip_Clock_SetMainClockSource
 .text.Chip_Clock_GetMainClockRate
                0x0000000000000eb8       0x28 /Users/DBY/Metro_SemesterV-VI/ARM-FREERTOS/Worshop/lpc_chip_15xx/Debug/liblpc_chip_15xx.a(clock_15xx.o)
                0x0000000000000eb8                Chip_Clock_GetMainClockRate
 .text.Chip_Clock_EnablePeriphClock
                0x0000000000000ee0       0x58 /Users/DBY/Metro_SemesterV-VI/ARM-FREERTOS/Worshop/lpc_chip_15xx/Debug/liblpc_chip_15xx.a(clock_15xx.o)
                0x0000000000000ee0                Chip_Clock_EnablePeriphClock
 .text.Chip_Clock_GetUARTBaseClockRate
                0x0000000000000f38       0x94 /Users/DBY/Metro_SemesterV-VI/ARM-FREERTOS/Worshop/lpc_chip_15xx/Debug/liblpc_chip_15xx.a(clock_15xx.o)
                0x0000000000000f38                Chip_Clock_GetUARTBaseClockRate
 .text.Chip_Clock_SetUARTBaseClockRate
                0x0000000000000fcc       0xac /Users/DBY/Metro_SemesterV-VI/ARM-FREERTOS/Worshop/lpc_chip_15xx/Debug/liblpc_chip_15xx.a(clock_15xx.o)
                0x0000000000000fcc                Chip_Clock_SetUARTBaseClockRate
 .text.Chip_Clock_GetSystemClockRate
                0x0000000000001078       0x1c /Users/DBY/Metro_SemesterV-VI/ARM-FREERTOS/Worshop/lpc_chip_15xx/Debug/liblpc_chip_15xx.a(clock_15xx.o)
                0x0000000000001078                Chip_Clock_GetSystemClockRate
 .text.Chip_SYSCTL_PeriphReset
                0x0000000000001094       0x22 /Users/DBY/Metro_SemesterV-VI/ARM-FREERTOS/Worshop/lpc_chip_15xx/Debug/liblpc_chip_15xx.a(gpio_15xx.o)
 .text.Chip_GPIO_Init
                0x00000000000010b6       0x2e /Users/DBY/Metro_SemesterV-VI/ARM-FREERTOS/Worshop/lpc_chip_15xx/Debug/liblpc_chip_15xx.a(gpio_15xx.o)
                0x00000000000010b6                Chip_GPIO_Init
 .text.Chip_IOCON_PinMuxSet
                0x00000000000010e4       0x2c /Users/DBY/Metro_SemesterV-VI/ARM-FREERTOS/Worshop/lpc_chip_15xx/Debug/liblpc_chip_15xx.a(iocon_15xx.o)
 .text.Chip_IOCON_SetPinMuxing
                0x0000000000001110       0x50 /Users/DBY/Metro_SemesterV-VI/ARM-FREERTOS/Worshop/lpc_chip_15xx/Debug/liblpc_chip_15xx.a(iocon_15xx.o)
                0x0000000000001110                Chip_IOCON_SetPinMuxing
 .text.Chip_SWM_MovablePinAssign
                0x0000000000001160       0x5c /Users/DBY/Metro_SemesterV-VI/ARM-FREERTOS/Worshop/lpc_chip_15xx/Debug/liblpc_chip_15xx.a(swm_15xx.o)
                0x0000000000001160                Chip_SWM_MovablePinAssign
 .text.Chip_SYSCTL_AssertPeriphReset
                0x00000000000011bc       0x4c /Users/DBY/Metro_SemesterV-VI/ARM-FREERTOS/Worshop/lpc_chip_15xx/Debug/liblpc_chip_15xx.a(sysctl_15xx.o)
                0x00000000000011bc                Chip_SYSCTL_AssertPeriphReset
 .text.Chip_SYSCTL_DeassertPeriphReset
                0x0000000000001208       0x50 /Users/DBY/Metro_SemesterV-VI/ARM-FREERTOS/Worshop/lpc_chip_15xx/Debug/liblpc_chip_15xx.a(sysctl_15xx.o)
                0x0000000000001208                Chip_SYSCTL_DeassertPeriphReset
 .text.Chip_SYSCTL_PowerDown
                0x0000000000001258       0x40 /Users/DBY/Metro_SemesterV-VI/ARM-FREERTOS/Worshop/lpc_chip_15xx/Debug/liblpc_chip_15xx.a(sysctl_15xx.o)
                0x0000000000001258                Chip_SYSCTL_PowerDown
 .text.Chip_SYSCTL_PowerUp
                0x0000000000001298       0x40 /Users/DBY/Metro_SemesterV-VI/ARM-FREERTOS/Worshop/lpc_chip_15xx/Debug/liblpc_chip_15xx.a(sysctl_15xx.o)
                0x0000000000001298                Chip_SYSCTL_PowerUp
 .text.Chip_FMC_SetFLASHAccess
                0x00000000000012d8       0x38 /Users/DBY/Metro_SemesterV-VI/ARM-FREERTOS/Worshop/lpc_chip_15xx/Debug/liblpc_chip_15xx.a(sysinit_15xx.o)
 .text.Chip_Clock_SetSystemPLLSource
                0x0000000000001310       0x20 /Users/DBY/Metro_SemesterV-VI/ARM-FREERTOS/Worshop/lpc_chip_15xx/Debug/liblpc_chip_15xx.a(sysinit_15xx.o)
 .text.Chip_Clock_SetupSystemPLL
                0x0000000000001330       0x34 /Users/DBY/Metro_SemesterV-VI/ARM-FREERTOS/Worshop/lpc_chip_15xx/Debug/liblpc_chip_15xx.a(sysinit_15xx.o)
 .text.Chip_Clock_IsSystemPLLLocked
                0x0000000000001364       0x24 /Users/DBY/Metro_SemesterV-VI/ARM-FREERTOS/Worshop/lpc_chip_15xx/Debug/liblpc_chip_15xx.a(sysinit_15xx.o)
 .text.Chip_Clock_SetSysClockDiv
                0x0000000000001388       0x20 /Users/DBY/Metro_SemesterV-VI/ARM-FREERTOS/Worshop/lpc_chip_15xx/Debug/liblpc_chip_15xx.a(sysinit_15xx.o)
 .text.Chip_SetupXtalClocking
                0x00000000000013a8       0x6c /Users/DBY/Metro_SemesterV-VI/ARM-FREERTOS/Worshop/lpc_chip_15xx/Debug/liblpc_chip_15xx.a(sysinit_15xx.o)
                0x00000000000013a8                Chip_SetupXtalClocking
 .text.Chip_SYSCTL_PeriphReset
                0x0000000000001414       0x22 /Users/DBY/Metro_SemesterV-VI/ARM-FREERTOS/Worshop/lpc_chip_15xx/Debug/liblpc_chip_15xx.a(uart_15xx.o)
 .text.Chip_UART_SendByte
                0x0000000000001436       0x1c /Users/DBY/Metro_SemesterV-VI/ARM-FREERTOS/Worshop/lpc_chip_15xx/Debug/liblpc_chip_15xx.a(uart_15xx.o)
 .text.Chip_UART_ReadByte
                0x0000000000001452       0x1a /Users/DBY/Metro_SemesterV-VI/ARM-FREERTOS/Worshop/lpc_chip_15xx/Debug/liblpc_chip_15xx.a(uart_15xx.o)
 .text.Chip_UART_GetStatus
                0x000000000000146c       0x16 /Users/DBY/Metro_SemesterV-VI/ARM-FREERTOS/Worshop/lpc_chip_15xx/Debug/liblpc_chip_15xx.a(uart_15xx.o)
 *fill*         0x0000000000001482        0x2 ff
 .text.getUARTClockID
                0x0000000000001484       0x34 /Users/DBY/Metro_SemesterV-VI/ARM-FREERTOS/Worshop/lpc_chip_15xx/Debug/liblpc_chip_15xx.a(uart_15xx.o)
 .text.Chip_UART_Init
                0x00000000000014b8       0x4c /Users/DBY/Metro_SemesterV-VI/ARM-FREERTOS/Worshop/lpc_chip_15xx/Debug/liblpc_chip_15xx.a(uart_15xx.o)
                0x00000000000014b8                Chip_UART_Init
 .text.Chip_UART_Send
                0x0000000000001504       0x50 /Users/DBY/Metro_SemesterV-VI/ARM-FREERTOS/Worshop/lpc_chip_15xx/Debug/liblpc_chip_15xx.a(uart_15xx.o)
                0x0000000000001504                Chip_UART_Send
 .text.Chip_UART_SendBlocking
                0x0000000000001554       0x4a /Users/DBY/Metro_SemesterV-VI/ARM-FREERTOS/Worshop/lpc_chip_15xx/Debug/liblpc_chip_15xx.a(uart_15xx.o)
                0x0000000000001554                Chip_UART_SendBlocking
 .text.Chip_UART_Read
                0x000000000000159e       0x52 /Users/DBY/Metro_SemesterV-VI/ARM-FREERTOS/Worshop/lpc_chip_15xx/Debug/liblpc_chip_15xx.a(uart_15xx.o)
                0x000000000000159e                Chip_UART_Read
 .text.Chip_UART_SetBaud
                0x00000000000015f0       0x2a /Users/DBY/Metro_SemesterV-VI/ARM-FREERTOS/Worshop/lpc_chip_15xx/Debug/liblpc_chip_15xx.a(uart_15xx.o)
                0x00000000000015f0                Chip_UART_SetBaud
 .text.xTaskCreate
                0x000000000000161a       0x84 /Users/DBY/Metro_SemesterV-VI/ARM-FREERTOS/Worshop/FreeRTOS/Debug/libFreeRTOS.a(tasks.o)
                0x000000000000161a                xTaskCreate
 .text.prvInitialiseNewTask
                0x000000000000169e      0x184 /Users/DBY/Metro_SemesterV-VI/ARM-FREERTOS/Worshop/FreeRTOS/Debug/libFreeRTOS.a(tasks.o)
 *fill*         0x0000000000001822        0x2 ff
 .text.prvAddNewTaskToReadyList
                0x0000000000001824       0xdc /Users/DBY/Metro_SemesterV-VI/ARM-FREERTOS/Worshop/FreeRTOS/Debug/libFreeRTOS.a(tasks.o)
 .text.vTaskDelay
                0x0000000000001900       0x48 /Users/DBY/Metro_SemesterV-VI/ARM-FREERTOS/Worshop/FreeRTOS/Debug/libFreeRTOS.a(tasks.o)
                0x0000000000001900                vTaskDelay
 .text.vTaskStartScheduler
                0x0000000000001948       0xa0 /Users/DBY/Metro_SemesterV-VI/ARM-FREERTOS/Worshop/FreeRTOS/Debug/libFreeRTOS.a(tasks.o)
                0x0000000000001948                vTaskStartScheduler
 .text.vTaskSuspendAll
                0x00000000000019e8       0x1c /Users/DBY/Metro_SemesterV-VI/ARM-FREERTOS/Worshop/FreeRTOS/Debug/libFreeRTOS.a(tasks.o)
                0x00000000000019e8                vTaskSuspendAll
 .text.xTaskResumeAll
                0x0000000000001a04      0x11c /Users/DBY/Metro_SemesterV-VI/ARM-FREERTOS/Worshop/FreeRTOS/Debug/libFreeRTOS.a(tasks.o)
                0x0000000000001a04                xTaskResumeAll
 .text.xTaskIncrementTick
                0x0000000000001b20      0x150 /Users/DBY/Metro_SemesterV-VI/ARM-FREERTOS/Worshop/FreeRTOS/Debug/libFreeRTOS.a(tasks.o)
                0x0000000000001b20                xTaskIncrementTick
 .text.vTaskSwitchContext
                0x0000000000001c70       0xe4 /Users/DBY/Metro_SemesterV-VI/ARM-FREERTOS/Worshop/FreeRTOS/Debug/libFreeRTOS.a(tasks.o)
                0x0000000000001c70                vTaskSwitchContext
 .text.prvIdleTask
                0x0000000000001d54        0xe /Users/DBY/Metro_SemesterV-VI/ARM-FREERTOS/Worshop/FreeRTOS/Debug/libFreeRTOS.a(tasks.o)
 *fill*         0x0000000000001d62        0x2 ff
 .text.prvInitialiseTaskLists
                0x0000000000001d64       0x80 /Users/DBY/Metro_SemesterV-VI/ARM-FREERTOS/Worshop/FreeRTOS/Debug/libFreeRTOS.a(tasks.o)
 .text.prvCheckTasksWaitingTermination
                0x0000000000001de4       0x5c /Users/DBY/Metro_SemesterV-VI/ARM-FREERTOS/Worshop/FreeRTOS/Debug/libFreeRTOS.a(tasks.o)
 .text.prvDeleteTCB
                0x0000000000001e40       0x2a /Users/DBY/Metro_SemesterV-VI/ARM-FREERTOS/Worshop/FreeRTOS/Debug/libFreeRTOS.a(tasks.o)
 *fill*         0x0000000000001e6a        0x2 ff
 .text.prvResetNextTaskUnblockTime
                0x0000000000001e6c       0x40 /Users/DBY/Metro_SemesterV-VI/ARM-FREERTOS/Worshop/FreeRTOS/Debug/libFreeRTOS.a(tasks.o)
 .text.prvAddCurrentTaskToDelayedList
                0x0000000000001eac       0xcc /Users/DBY/Metro_SemesterV-VI/ARM-FREERTOS/Worshop/FreeRTOS/Debug/libFreeRTOS.a(tasks.o)
 .text.pvPortMalloc
                0x0000000000001f78       0x2e /Users/DBY/Metro_SemesterV-VI/ARM-FREERTOS/Worshop/FreeRTOS/Debug/libFreeRTOS.a(heap_3.o)
                0x0000000000001f78                pvPortMalloc
 .text.vPortFree
                0x0000000000001fa6       0x24 /Users/DBY/Metro_SemesterV-VI/ARM-FREERTOS/Worshop/FreeRTOS/Debug/libFreeRTOS.a(heap_3.o)
                0x0000000000001fa6                vPortFree
 *fill*         0x0000000000001fca        0x2 ff
 .text.pxPortInitialiseStack
                0x0000000000001fcc       0x58 /Users/DBY/Metro_SemesterV-VI/ARM-FREERTOS/Worshop/FreeRTOS/Debug/libFreeRTOS.a(port.o)
                0x0000000000001fcc                pxPortInitialiseStack
 .text.prvTaskExitError
                0x0000000000002024       0x32 /Users/DBY/Metro_SemesterV-VI/ARM-FREERTOS/Worshop/FreeRTOS/Debug/libFreeRTOS.a(port.o)
 *fill*         0x0000000000002056        0xa ff
 .text.SVC_Handler
                0x0000000000002060       0x28 /Users/DBY/Metro_SemesterV-VI/ARM-FREERTOS/Worshop/FreeRTOS/Debug/libFreeRTOS.a(port.o)
                0x0000000000002060                SVC_Handler
 .text.prvPortStartFirstTask
                0x0000000000002088       0x20 /Users/DBY/Metro_SemesterV-VI/ARM-FREERTOS/Worshop/FreeRTOS/Debug/libFreeRTOS.a(port.o)
 .text.xPortStartScheduler
                0x00000000000020a8       0x40 /Users/DBY/Metro_SemesterV-VI/ARM-FREERTOS/Worshop/FreeRTOS/Debug/libFreeRTOS.a(port.o)
                0x00000000000020a8                xPortStartScheduler
 .text.vPortEnterCritical
                0x00000000000020e8       0x34 /Users/DBY/Metro_SemesterV-VI/ARM-FREERTOS/Worshop/FreeRTOS/Debug/libFreeRTOS.a(port.o)
                0x00000000000020e8                vPortEnterCritical
 .text.vPortExitCritical
                0x000000000000211c       0x34 /Users/DBY/Metro_SemesterV-VI/ARM-FREERTOS/Worshop/FreeRTOS/Debug/libFreeRTOS.a(port.o)
                0x000000000000211c                vPortExitCritical
 .text.PendSV_Handler
                0x0000000000002150       0x48 /Users/DBY/Metro_SemesterV-VI/ARM-FREERTOS/Worshop/FreeRTOS/Debug/libFreeRTOS.a(port.o)
                0x0000000000002150                PendSV_Handler
 .text.SysTick_Handler
                0x0000000000002198       0x44 /Users/DBY/Metro_SemesterV-VI/ARM-FREERTOS/Worshop/FreeRTOS/Debug/libFreeRTOS.a(port.o)
                0x0000000000002198                SysTick_Handler
 .text.vPortSetupTimerInterrupt
                0x00000000000021dc       0x44 /Users/DBY/Metro_SemesterV-VI/ARM-FREERTOS/Worshop/FreeRTOS/Debug/libFreeRTOS.a(port.o)
                0x00000000000021dc                vPortSetupTimerInterrupt
 .text.vApplicationMallocFailedHook
                0x0000000000002220       0x1e /Users/DBY/Metro_SemesterV-VI/ARM-FREERTOS/Worshop/FreeRTOS/Debug/libFreeRTOS.a(FreeRTOSCommonHooks.o)
                0x0000000000002220                vApplicationMallocFailedHook
 .text.vApplicationStackOverflowHook
                0x000000000000223e       0x22 /Users/DBY/Metro_SemesterV-VI/ARM-FREERTOS/Worshop/FreeRTOS/Debug/libFreeRTOS.a(FreeRTOSCommonHooks.o)
                0x000000000000223e                vApplicationStackOverflowHook
 .text.vListInitialise
                0x0000000000002260       0x3e /Users/DBY/Metro_SemesterV-VI/ARM-FREERTOS/Worshop/FreeRTOS/Debug/libFreeRTOS.a(list.o)
                0x0000000000002260                vListInitialise
 .text.vListInitialiseItem
                0x000000000000229e       0x18 /Users/DBY/Metro_SemesterV-VI/ARM-FREERTOS/Worshop/FreeRTOS/Debug/libFreeRTOS.a(list.o)
                0x000000000000229e                vListInitialiseItem
 .text.vListInsertEnd
                0x00000000000022b6       0x46 /Users/DBY/Metro_SemesterV-VI/ARM-FREERTOS/Worshop/FreeRTOS/Debug/libFreeRTOS.a(list.o)
                0x00000000000022b6                vListInsertEnd
 .text.vListInsert
                0x00000000000022fc       0x70 /Users/DBY/Metro_SemesterV-VI/ARM-FREERTOS/Worshop/FreeRTOS/Debug/libFreeRTOS.a(list.o)
                0x00000000000022fc                vListInsert
 .text.uxListRemove
                0x000000000000236c       0x52 /Users/DBY/Metro_SemesterV-VI/ARM-FREERTOS/Worshop/FreeRTOS/Debug/libFreeRTOS.a(list.o)
                0x000000000000236c                uxListRemove
 *fill*         0x00000000000023be        0x2 ff
 .text          0x00000000000023c0      0x378 /Applications/MCUXpressoIDE_11.6.1_8255/ide/plugins/com.nxp.mcuxpresso.tools.macosx_11.6.1.202207200623/tools/bin/../lib/gcc/arm-none-eabi/10.3.1/thumb/v7-m/nofp/libgcc.a(_arm_addsubdf3.o)
                0x00000000000023c0                __aeabi_drsub
                0x00000000000023c8                __subdf3
                0x00000000000023c8                __aeabi_dsub
                0x00000000000023cc                __aeabi_dadd
                0x00000000000023cc                __adddf3
                0x0000000000002644                __aeabi_ui2d
                0x0000000000002644                __floatunsidf
                0x0000000000002664                __floatsidf
                0x0000000000002664                __aeabi_i2d
                0x0000000000002688                __extendsfdf2
                0x0000000000002688                __aeabi_f2d
                0x00000000000026cc                __aeabi_ul2d
                0x00000000000026cc                __floatundidf
                0x00000000000026dc                __aeabi_l2d
                0x00000000000026dc                __floatdidf
 .text          0x0000000000002738      0x424 /Applications/MCUXpressoIDE_11.6.1_8255/ide/plugins/com.nxp.mcuxpresso.tools.macosx_11.6.1.202207200623/tools/bin/../lib/gcc/arm-none-eabi/10.3.1/thumb/v7-m/nofp/libgcc.a(_arm_muldivdf3.o)
                0x0000000000002738                __aeabi_dmul
                0x0000000000002738                __muldf3
                0x000000000000298c                __aeabi_ddiv
                0x000000000000298c                __divdf3
 .text          0x0000000000002b5c       0xa0 /Applications/MCUXpressoIDE_11.6.1_8255/ide/plugins/com.nxp.mcuxpresso.tools.macosx_11.6.1.202207200623/tools/bin/../lib/gcc/arm-none-eabi/10.3.1/thumb/v7-m/nofp/libgcc.a(_arm_truncdfsf2.o)
                0x0000000000002b5c                __aeabi_d2f
                0x0000000000002b5c                __truncdfsf2
 .text          0x0000000000002bfc       0x30 /Applications/MCUXpressoIDE_11.6.1_8255/ide/plugins/com.nxp.mcuxpresso.tools.macosx_11.6.1.202207200623/tools/bin/../lib/gcc/arm-none-eabi/10.3.1/thumb/v7-m/nofp/libgcc.a(_aeabi_uldivmod.o)
                0x0000000000002bfc                __aeabi_uldivmod
 .text          0x0000000000002c2c      0x2d4 /Applications/MCUXpressoIDE_11.6.1_8255/ide/plugins/com.nxp.mcuxpresso.tools.macosx_11.6.1.202207200623/tools/bin/../lib/gcc/arm-none-eabi/10.3.1/thumb/v7-m/nofp/libgcc.a(_udivmoddi4.o)
                0x0000000000002c2c                __udivmoddi4
 .text          0x0000000000002f00        0x4 /Applications/MCUXpressoIDE_11.6.1_8255/ide/plugins/com.nxp.mcuxpresso.tools.macosx_11.6.1.202207200623/tools/bin/../lib/gcc/arm-none-eabi/10.3.1/thumb/v7-m/nofp/libgcc.a(_dvmd_tls.o)
                0x0000000000002f00                __aeabi_ldiv0
                0x0000000000002f00                __aeabi_idiv0
 .text.__libc_init_array
                0x0000000000002f04       0x48 /Applications/MCUXpressoIDE_11.6.1_8255/ide/plugins/com.nxp.mcuxpresso.tools.macosx_11.6.1.202207200623/tools/bin/../lib/gcc/arm-none-eabi/10.3.1/../../../../arm-none-eabi/lib/thumb/v7-m/nofp/libc.a(lib_a-init.o)
                0x0000000000002f04                __libc_init_array
 .text.malloc   0x0000000000002f4c       0x10 /Applications/MCUXpressoIDE_11.6.1_8255/ide/plugins/com.nxp.mcuxpresso.tools.macosx_11.6.1.202207200623/tools/bin/../lib/gcc/arm-none-eabi/10.3.1/../../../../arm-none-eabi/lib/thumb/v7-m/nofp/libc.a(lib_a-malloc.o)
                0x0000000000002f4c                malloc
 .text.free     0x0000000000002f5c       0x10 /Applications/MCUXpressoIDE_11.6.1_8255/ide/plugins/com.nxp.mcuxpresso.tools.macosx_11.6.1.202207200623/tools/bin/../lib/gcc/arm-none-eabi/10.3.1/../../../../arm-none-eabi/lib/thumb/v7-m/nofp/libc.a(lib_a-malloc.o)
                0x0000000000002f5c                free
 .text._malloc_r
                0x0000000000002f6c      0x558 /Applications/MCUXpressoIDE_11.6.1_8255/ide/plugins/com.nxp.mcuxpresso.tools.macosx_11.6.1.202207200623/tools/bin/../lib/gcc/arm-none-eabi/10.3.1/../../../../arm-none-eabi/lib/thumb/v7-m/nofp/libc.a(lib_a-mallocr.o)
                0x0000000000002f6c                _malloc_r
 .text          0x00000000000034c4       0xec /Applications/MCUXpressoIDE_11.6.1_8255/ide/plugins/com.nxp.mcuxpresso.tools.macosx_11.6.1.202207200623/tools/bin/../lib/gcc/arm-none-eabi/10.3.1/../../../../arm-none-eabi/lib/thumb/v7-m/nofp/libc.a(lib_a-memcpy.o)
                0x00000000000034c4                memcpy
 .text.memset   0x00000000000035b0       0xa4 /Applications/MCUXpressoIDE_11.6.1_8255/ide/plugins/com.nxp.mcuxpresso.tools.macosx_11.6.1.202207200623/tools/bin/../lib/gcc/arm-none-eabi/10.3.1/../../../../arm-none-eabi/lib/thumb/v7-m/nofp/libc.a(lib_a-memset.o)
                0x00000000000035b0                memset
 .text.printf   0x0000000000003654       0x28 /Applications/MCUXpressoIDE_11.6.1_8255/ide/plugins/com.nxp.mcuxpresso.tools.macosx_11.6.1.202207200623/tools/bin/../lib/gcc/arm-none-eabi/10.3.1/../../../../arm-none-eabi/lib/thumb/v7-m/nofp/libc.a(lib_a-printf.o)
                0x0000000000003654                printf
 .text.cleanup_glue
                0x000000000000367c       0x48 /Applications/MCUXpressoIDE_11.6.1_8255/ide/plugins/com.nxp.mcuxpresso.tools.macosx_11.6.1.202207200623/tools/bin/../lib/gcc/arm-none-eabi/10.3.1/../../../../arm-none-eabi/lib/thumb/v7-m/nofp/libc.a(lib_a-reent.o)
                0x000000000000367c                cleanup_glue
 .text._reclaim_reent
                0x00000000000036c4       0x90 /Applications/MCUXpressoIDE_11.6.1_8255/ide/plugins/com.nxp.mcuxpresso.tools.macosx_11.6.1.202207200623/tools/bin/../lib/gcc/arm-none-eabi/10.3.1/../../../../arm-none-eabi/lib/thumb/v7-m/nofp/libc.a(lib_a-reent.o)
                0x00000000000036c4                _reclaim_reent
 .text._sbrk_r  0x0000000000003754       0x24 /Applications/MCUXpressoIDE_11.6.1_8255/ide/plugins/com.nxp.mcuxpresso.tools.macosx_11.6.1.202207200623/tools/bin/../lib/gcc/arm-none-eabi/10.3.1/../../../../arm-none-eabi/lib/thumb/v7-m/nofp/libc.a(lib_a-sbrkr.o)
                0x0000000000003754                _sbrk_r
 .text.strlen   0x0000000000003778       0x5c /Applications/MCUXpressoIDE_11.6.1_8255/ide/plugins/com.nxp.mcuxpresso.tools.macosx_11.6.1.202207200623/tools/bin/../lib/gcc/arm-none-eabi/10.3.1/../../../../arm-none-eabi/lib/thumb/v7-m/nofp/libc.a(lib_a-strlen-stub.o)
                0x0000000000003778                strlen
 .text._vfprintf_r
                0x00000000000037d4     0x1b58 /Applications/MCUXpressoIDE_11.6.1_8255/ide/plugins/com.nxp.mcuxpresso.tools.macosx_11.6.1.202207200623/tools/bin/../lib/gcc/arm-none-eabi/10.3.1/../../../../arm-none-eabi/lib/thumb/v7-m/nofp/libc.a(lib_a-vfprintf.o)
                0x00000000000037d4                _vfprintf_r
 .text.__sbprintf
                0x000000000000532c       0x84 /Applications/MCUXpressoIDE_11.6.1_8255/ide/plugins/com.nxp.mcuxpresso.tools.macosx_11.6.1.202207200623/tools/bin/../lib/gcc/arm-none-eabi/10.3.1/../../../../arm-none-eabi/lib/thumb/v7-m/nofp/libc.a(lib_a-vfprintf.o)
 .text.__swsetup_r
                0x00000000000053b0       0xd4 /Applications/MCUXpressoIDE_11.6.1_8255/ide/plugins/com.nxp.mcuxpresso.tools.macosx_11.6.1.202207200623/tools/bin/../lib/gcc/arm-none-eabi/10.3.1/../../../../arm-none-eabi/lib/thumb/v7-m/nofp/libc.a(lib_a-wsetup.o)
                0x00000000000053b0                __swsetup_r
 .text.quorem   0x0000000000005484      0x12c /Applications/MCUXpressoIDE_11.6.1_8255/ide/plugins/com.nxp.mcuxpresso.tools.macosx_11.6.1.202207200623/tools/bin/../lib/gcc/arm-none-eabi/10.3.1/../../../../arm-none-eabi/lib/thumb/v7-m/nofp/libc.a(lib_a-dtoa.o)
 .text._dtoa_r  0x00000000000055b0      0xecc /Applications/MCUXpressoIDE_11.6.1_8255/ide/plugins/com.nxp.mcuxpresso.tools.macosx_11.6.1.202207200623/tools/bin/../lib/gcc/arm-none-eabi/10.3.1/../../../../arm-none-eabi/lib/thumb/v7-m/nofp/libc.a(lib_a-dtoa.o)
                0x00000000000055b0                _dtoa_r
 .text.__sflush_r
                0x000000000000647c      0x124 /Applications/MCUXpressoIDE_11.6.1_8255/ide/plugins/com.nxp.mcuxpresso.tools.macosx_11.6.1.202207200623/tools/bin/../lib/gcc/arm-none-eabi/10.3.1/../../../../arm-none-eabi/lib/thumb/v7-m/nofp/libc.a(lib_a-fflush.o)
                0x000000000000647c                __sflush_r
 .text._fflush_r
                0x00000000000065a0       0x5c /Applications/MCUXpressoIDE_11.6.1_8255/ide/plugins/com.nxp.mcuxpresso.tools.macosx_11.6.1.202207200623/tools/bin/../lib/gcc/arm-none-eabi/10.3.1/../../../../arm-none-eabi/lib/thumb/v7-m/nofp/libc.a(lib_a-fflush.o)
                0x00000000000065a0                _fflush_r
 .text._cleanup_r
                0x00000000000065fc        0xc /Applications/MCUXpressoIDE_11.6.1_8255/ide/plugins/com.nxp.mcuxpresso.tools.macosx_11.6.1.202207200623/tools/bin/../lib/gcc/arm-none-eabi/10.3.1/../../../../arm-none-eabi/lib/thumb/v7-m/nofp/libc.a(lib_a-findfp.o)
                0x00000000000065fc                _cleanup_r
 .text.__sinit  0x0000000000006608      0x10c /Applications/MCUXpressoIDE_11.6.1_8255/ide/plugins/com.nxp.mcuxpresso.tools.macosx_11.6.1.202207200623/tools/bin/../lib/gcc/arm-none-eabi/10.3.1/../../../../arm-none-eabi/lib/thumb/v7-m/nofp/libc.a(lib_a-findfp.o)
                0x0000000000006608                __sinit
 .text.__sfp_lock_acquire
                0x0000000000006714        0xc /Applications/MCUXpressoIDE_11.6.1_8255/ide/plugins/com.nxp.mcuxpresso.tools.macosx_11.6.1.202207200623/tools/bin/../lib/gcc/arm-none-eabi/10.3.1/../../../../arm-none-eabi/lib/thumb/v7-m/nofp/libc.a(lib_a-findfp.o)
                0x0000000000006714                __sfp_lock_acquire
 .text.__sfp_lock_release
                0x0000000000006720        0xc /Applications/MCUXpressoIDE_11.6.1_8255/ide/plugins/com.nxp.mcuxpresso.tools.macosx_11.6.1.202207200623/tools/bin/../lib/gcc/arm-none-eabi/10.3.1/../../../../arm-none-eabi/lib/thumb/v7-m/nofp/libc.a(lib_a-findfp.o)
                0x0000000000006720                __sfp_lock_release
 .text._malloc_trim_r
                0x000000000000672c       0xa0 /Applications/MCUXpressoIDE_11.6.1_8255/ide/plugins/com.nxp.mcuxpresso.tools.macosx_11.6.1.202207200623/tools/bin/../lib/gcc/arm-none-eabi/10.3.1/../../../../arm-none-eabi/lib/thumb/v7-m/nofp/libc.a(lib_a-freer.o)
                0x000000000000672c                _malloc_trim_r
 .text._free_r  0x00000000000067cc      0x200 /Applications/MCUXpressoIDE_11.6.1_8255/ide/plugins/com.nxp.mcuxpresso.tools.macosx_11.6.1.202207200623/tools/bin/../lib/gcc/arm-none-eabi/10.3.1/../../../../arm-none-eabi/lib/thumb/v7-m/nofp/libc.a(lib_a-freer.o)
                0x00000000000067cc                _free_r
 .text._fwalk_reent
                0x00000000000069cc       0x48 /Applications/MCUXpressoIDE_11.6.1_8255/ide/plugins/com.nxp.mcuxpresso.tools.macosx_11.6.1.202207200623/tools/bin/../lib/gcc/arm-none-eabi/10.3.1/../../../../arm-none-eabi/lib/thumb/v7-m/nofp/libc.a(lib_a-fwalk.o)
                0x00000000000069cc                _fwalk_reent
 .text._localeconv_r
                0x0000000000006a14        0x8 /Applications/MCUXpressoIDE_11.6.1_8255/ide/plugins/com.nxp.mcuxpresso.tools.macosx_11.6.1.202207200623/tools/bin/../lib/gcc/arm-none-eabi/10.3.1/../../../../arm-none-eabi/lib/thumb/v7-m/nofp/libc.a(lib_a-localeconv.o)
                0x0000000000006a14                _localeconv_r
 .text.__retarget_lock_init_recursive
                0x0000000000006a1c        0x4 /Applications/MCUXpressoIDE_11.6.1_8255/ide/plugins/com.nxp.mcuxpresso.tools.macosx_11.6.1.202207200623/tools/bin/../lib/gcc/arm-none-eabi/10.3.1/../../../../arm-none-eabi/lib/thumb/v7-m/nofp/libc.a(lib_a-lock.o)
                0x0000000000006a1c                __retarget_lock_init_recursive
 .text.__retarget_lock_close_recursive
                0x0000000000006a20        0x4 /Applications/MCUXpressoIDE_11.6.1_8255/ide/plugins/com.nxp.mcuxpresso.tools.macosx_11.6.1.202207200623/tools/bin/../lib/gcc/arm-none-eabi/10.3.1/../../../../arm-none-eabi/lib/thumb/v7-m/nofp/libc.a(lib_a-lock.o)
                0x0000000000006a20                __retarget_lock_close_recursive
 .text.__retarget_lock_acquire_recursive
                0x0000000000006a24        0x4 /Applications/MCUXpressoIDE_11.6.1_8255/ide/plugins/com.nxp.mcuxpresso.tools.macosx_11.6.1.202207200623/tools/bin/../lib/gcc/arm-none-eabi/10.3.1/../../../../arm-none-eabi/lib/thumb/v7-m/nofp/libc.a(lib_a-lock.o)
                0x0000000000006a24                __retarget_lock_acquire_recursive
 .text.__retarget_lock_release_recursive
                0x0000000000006a28        0x4 /Applications/MCUXpressoIDE_11.6.1_8255/ide/plugins/com.nxp.mcuxpresso.tools.macosx_11.6.1.202207200623/tools/bin/../lib/gcc/arm-none-eabi/10.3.1/../../../../arm-none-eabi/lib/thumb/v7-m/nofp/libc.a(lib_a-lock.o)
                0x0000000000006a28                __retarget_lock_release_recursive
 .text.__smakebuf_r
                0x0000000000006a2c       0xe0 /Applications/MCUXpressoIDE_11.6.1_8255/ide/plugins/com.nxp.mcuxpresso.tools.macosx_11.6.1.202207200623/tools/bin/../lib/gcc/arm-none-eabi/10.3.1/../../../../arm-none-eabi/lib/thumb/v7-m/nofp/libc.a(lib_a-makebuf.o)
                0x0000000000006a2c                __smakebuf_r
 .text.memchr   0x0000000000006b0c       0x90 /Applications/MCUXpressoIDE_11.6.1_8255/ide/plugins/com.nxp.mcuxpresso.tools.macosx_11.6.1.202207200623/tools/bin/../lib/gcc/arm-none-eabi/10.3.1/../../../../arm-none-eabi/lib/thumb/v7-m/nofp/libc.a(lib_a-memchr-stub.o)
                0x0000000000006b0c                memchr
 .text._Balloc  0x0000000000006b9c       0x4c /Applications/MCUXpressoIDE_11.6.1_8255/ide/plugins/com.nxp.mcuxpresso.tools.macosx_11.6.1.202207200623/tools/bin/../lib/gcc/arm-none-eabi/10.3.1/../../../../arm-none-eabi/lib/thumb/v7-m/nofp/libc.a(lib_a-mprec.o)
                0x0000000000006b9c                _Balloc
 .text._Bfree   0x0000000000006be8       0x14 /Applications/MCUXpressoIDE_11.6.1_8255/ide/plugins/com.nxp.mcuxpresso.tools.macosx_11.6.1.202207200623/tools/bin/../lib/gcc/arm-none-eabi/10.3.1/../../../../arm-none-eabi/lib/thumb/v7-m/nofp/libc.a(lib_a-mprec.o)
                0x0000000000006be8                _Bfree
 .text.__multadd
                0x0000000000006bfc       0xa4 /Applications/MCUXpressoIDE_11.6.1_8255/ide/plugins/com.nxp.mcuxpresso.tools.macosx_11.6.1.202207200623/tools/bin/../lib/gcc/arm-none-eabi/10.3.1/../../../../arm-none-eabi/lib/thumb/v7-m/nofp/libc.a(lib_a-mprec.o)
                0x0000000000006bfc                __multadd
 .text.__hi0bits
                0x0000000000006ca0       0x40 /Applications/MCUXpressoIDE_11.6.1_8255/ide/plugins/com.nxp.mcuxpresso.tools.macosx_11.6.1.202207200623/tools/bin/../lib/gcc/arm-none-eabi/10.3.1/../../../../arm-none-eabi/lib/thumb/v7-m/nofp/libc.a(lib_a-mprec.o)
                0x0000000000006ca0                __hi0bits
 .text.__lo0bits
                0x0000000000006ce0       0x58 /Applications/MCUXpressoIDE_11.6.1_8255/ide/plugins/com.nxp.mcuxpresso.tools.macosx_11.6.1.202207200623/tools/bin/../lib/gcc/arm-none-eabi/10.3.1/../../../../arm-none-eabi/lib/thumb/v7-m/nofp/libc.a(lib_a-mprec.o)
                0x0000000000006ce0                __lo0bits
 .text.__i2b    0x0000000000006d38       0x5c /Applications/MCUXpressoIDE_11.6.1_8255/ide/plugins/com.nxp.mcuxpresso.tools.macosx_11.6.1.202207200623/tools/bin/../lib/gcc/arm-none-eabi/10.3.1/../../../../arm-none-eabi/lib/thumb/v7-m/nofp/libc.a(lib_a-mprec.o)
                0x0000000000006d38                __i2b
 .text.__multiply
                0x0000000000006d94      0x15c /Applications/MCUXpressoIDE_11.6.1_8255/ide/plugins/com.nxp.mcuxpresso.tools.macosx_11.6.1.202207200623/tools/bin/../lib/gcc/arm-none-eabi/10.3.1/../../../../arm-none-eabi/lib/thumb/v7-m/nofp/libc.a(lib_a-mprec.o)
                0x0000000000006d94                __multiply
 .text.__pow5mult
                0x0000000000006ef0       0xb8 /Applications/MCUXpressoIDE_11.6.1_8255/ide/plugins/com.nxp.mcuxpresso.tools.macosx_11.6.1.202207200623/tools/bin/../lib/gcc/arm-none-eabi/10.3.1/../../../../arm-none-eabi/lib/thumb/v7-m/nofp/libc.a(lib_a-mprec.o)
                0x0000000000006ef0                __pow5mult
 .text.__lshift
                0x0000000000006fa8       0xec /Applications/MCUXpressoIDE_11.6.1_8255/ide/plugins/com.nxp.mcuxpresso.tools.macosx_11.6.1.202207200623/tools/bin/../lib/gcc/arm-none-eabi/10.3.1/../../../../arm-none-eabi/lib/thumb/v7-m/nofp/libc.a(lib_a-mprec.o)
                0x0000000000006fa8                __lshift
 .text.__mcmp   0x0000000000007094       0x40 /Applications/MCUXpressoIDE_11.6.1_8255/ide/plugins/com.nxp.mcuxpresso.tools.macosx_11.6.1.202207200623/tools/bin/../lib/gcc/arm-none-eabi/10.3.1/../../../../arm-none-eabi/lib/thumb/v7-m/nofp/libc.a(lib_a-mprec.o)
                0x0000000000007094                __mcmp
 .text.__mdiff  0x00000000000070d4      0x14c /Applications/MCUXpressoIDE_11.6.1_8255/ide/plugins/com.nxp.mcuxpresso.tools.macosx_11.6.1.202207200623/tools/bin/../lib/gcc/arm-none-eabi/10.3.1/../../../../arm-none-eabi/lib/thumb/v7-m/nofp/libc.a(lib_a-mprec.o)
                0x00000000000070d4                __mdiff
 .text.__d2b    0x0000000000007220       0xc4 /Applications/MCUXpressoIDE_11.6.1_8255/ide/plugins/com.nxp.mcuxpresso.tools.macosx_11.6.1.202207200623/tools/bin/../lib/gcc/arm-none-eabi/10.3.1/../../../../arm-none-eabi/lib/thumb/v7-m/nofp/libc.a(lib_a-mprec.o)
                0x0000000000007220                __d2b
 .text.frexp    0x00000000000072e4       0x70 /Applications/MCUXpressoIDE_11.6.1_8255/ide/plugins/com.nxp.mcuxpresso.tools.macosx_11.6.1.202207200623/tools/bin/../lib/gcc/arm-none-eabi/10.3.1/../../../../arm-none-eabi/lib/thumb/v7-m/nofp/libc.a(lib_a-s_frexp.o)
                0x00000000000072e4                frexp
 .text.__sread  0x0000000000007354       0x24 /Applications/MCUXpressoIDE_11.6.1_8255/ide/plugins/com.nxp.mcuxpresso.tools.macosx_11.6.1.202207200623/tools/bin/../lib/gcc/arm-none-eabi/10.3.1/../../../../arm-none-eabi/lib/thumb/v7-m/nofp/libc.a(lib_a-stdio.o)
                0x0000000000007354                __sread
 .text.__swrite
                0x0000000000007378       0x40 /Applications/MCUXpressoIDE_11.6.1_8255/ide/plugins/com.nxp.mcuxpresso.tools.macosx_11.6.1.202207200623/tools/bin/../lib/gcc/arm-none-eabi/10.3.1/../../../../arm-none-eabi/lib/thumb/v7-m/nofp/libc.a(lib_a-stdio.o)
                0x0000000000007378                __swrite
 .text.__sseek  0x00000000000073b8       0x20 /Applications/MCUXpressoIDE_11.6.1_8255/ide/plugins/com.nxp.mcuxpresso.tools.macosx_11.6.1.202207200623/tools/bin/../lib/gcc/arm-none-eabi/10.3.1/../../../../arm-none-eabi/lib/thumb/v7-m/nofp/libc.a(lib_a-stdio.o)
                0x00000000000073b8                __sseek
 .text.__sclose
                0x00000000000073d8        0x8 /Applications/MCUXpressoIDE_11.6.1_8255/ide/plugins/com.nxp.mcuxpresso.tools.macosx_11.6.1.202207200623/tools/bin/../lib/gcc/arm-none-eabi/10.3.1/../../../../arm-none-eabi/lib/thumb/v7-m/nofp/libc.a(lib_a-stdio.o)
                0x00000000000073d8                __sclose
 .text.strncpy  0x00000000000073e0       0x68 /Applications/MCUXpressoIDE_11.6.1_8255/ide/plugins/com.nxp.mcuxpresso.tools.macosx_11.6.1.202207200623/tools/bin/../lib/gcc/arm-none-eabi/10.3.1/../../../../arm-none-eabi/lib/thumb/v7-m/nofp/libc.a(lib_a-strncpy.o)
                0x00000000000073e0                strncpy
 .text.__sprint_r.part.0
                0x0000000000007448       0x78 /Applications/MCUXpressoIDE_11.6.1_8255/ide/plugins/com.nxp.mcuxpresso.tools.macosx_11.6.1.202207200623/tools/bin/../lib/gcc/arm-none-eabi/10.3.1/../../../../arm-none-eabi/lib/thumb/v7-m/nofp/libc.a(lib_a-vfiprintf.o)
 .text.__sprint_r
                0x00000000000074c0       0x14 /Applications/MCUXpressoIDE_11.6.1_8255/ide/plugins/com.nxp.mcuxpresso.tools.macosx_11.6.1.202207200623/tools/bin/../lib/gcc/arm-none-eabi/10.3.1/../../../../arm-none-eabi/lib/thumb/v7-m/nofp/libc.a(lib_a-vfiprintf.o)
                0x00000000000074c0                __sprint_r
 .text._vfiprintf_r
                0x00000000000074d4      0xd98 /Applications/MCUXpressoIDE_11.6.1_8255/ide/plugins/com.nxp.mcuxpresso.tools.macosx_11.6.1.202207200623/tools/bin/../lib/gcc/arm-none-eabi/10.3.1/../../../../arm-none-eabi/lib/thumb/v7-m/nofp/libc.a(lib_a-vfiprintf.o)
                0x00000000000074d4                _vfiprintf_r
 .text.__sbprintf
                0x000000000000826c       0x84 /Applications/MCUXpressoIDE_11.6.1_8255/ide/plugins/com.nxp.mcuxpresso.tools.macosx_11.6.1.202207200623/tools/bin/../lib/gcc/arm-none-eabi/10.3.1/../../../../arm-none-eabi/lib/thumb/v7-m/nofp/libc.a(lib_a-vfiprintf.o)
 .text._write_r
                0x00000000000082f0       0x2c /Applications/MCUXpressoIDE_11.6.1_8255/ide/plugins/com.nxp.mcuxpresso.tools.macosx_11.6.1.202207200623/tools/bin/../lib/gcc/arm-none-eabi/10.3.1/../../../../arm-none-eabi/lib/thumb/v7-m/nofp/libc.a(lib_a-writer.o)
                0x00000000000082f0                _write_r
 .text.__assert_func
                0x000000000000831c       0x40 /Applications/MCUXpressoIDE_11.6.1_8255/ide/plugins/com.nxp.mcuxpresso.tools.macosx_11.6.1.202207200623/tools/bin/../lib/gcc/arm-none-eabi/10.3.1/../../../../arm-none-eabi/lib/thumb/v7-m/nofp/libc.a(lib_a-assert.o)
                0x000000000000831c                __assert_func
 .text._calloc_r
                0x000000000000835c       0x78 /Applications/MCUXpressoIDE_11.6.1_8255/ide/plugins/com.nxp.mcuxpresso.tools.macosx_11.6.1.202207200623/tools/bin/../lib/gcc/arm-none-eabi/10.3.1/../../../../arm-none-eabi/lib/thumb/v7-m/nofp/libc.a(lib_a-callocr.o)
                0x000000000000835c                _calloc_r
 .text._close_r
                0x00000000000083d4       0x24 /Applications/MCUXpressoIDE_11.6.1_8255/ide/plugins/com.nxp.mcuxpresso.tools.macosx_11.6.1.202207200623/tools/bin/../lib/gcc/arm-none-eabi/10.3.1/../../../../arm-none-eabi/lib/thumb/v7-m/nofp/libc.a(lib_a-closer.o)
                0x00000000000083d4                _close_r
 .text.__errno  0x00000000000083f8        0xc /Applications/MCUXpressoIDE_11.6.1_8255/ide/plugins/com.nxp.mcuxpresso.tools.macosx_11.6.1.202207200623/tools/bin/../lib/gcc/arm-none-eabi/10.3.1/../../../../arm-none-eabi/lib/thumb/v7-m/nofp/libc.a(lib_a-errno.o)
                0x00000000000083f8                __errno
 .text._fclose_r
                0x0000000000008404       0xcc /Applications/MCUXpressoIDE_11.6.1_8255/ide/plugins/com.nxp.mcuxpresso.tools.macosx_11.6.1.202207200623/tools/bin/../lib/gcc/arm-none-eabi/10.3.1/../../../../arm-none-eabi/lib/thumb/v7-m/nofp/libc.a(lib_a-fclose.o)
                0x0000000000008404                _fclose_r
 .text.fiprintf
                0x00000000000084d0       0x28 /Applications/MCUXpressoIDE_11.6.1_8255/ide/plugins/com.nxp.mcuxpresso.tools.macosx_11.6.1.202207200623/tools/bin/../lib/gcc/arm-none-eabi/10.3.1/../../../../arm-none-eabi/lib/thumb/v7-m/nofp/libc.a(lib_a-fiprintf.o)
                0x00000000000084d0                fiprintf
 .text.__fputwc
                0x00000000000084f8       0xa0 /Applications/MCUXpressoIDE_11.6.1_8255/ide/plugins/com.nxp.mcuxpresso.tools.macosx_11.6.1.202207200623/tools/bin/../lib/gcc/arm-none-eabi/10.3.1/../../../../arm-none-eabi/lib/thumb/v7-m/nofp/libc.a(lib_a-fputwc.o)
                0x00000000000084f8                __fputwc
 .text._fputwc_r
                0x0000000000008598       0x68 /Applications/MCUXpressoIDE_11.6.1_8255/ide/plugins/com.nxp.mcuxpresso.tools.macosx_11.6.1.202207200623/tools/bin/../lib/gcc/arm-none-eabi/10.3.1/../../../../arm-none-eabi/lib/thumb/v7-m/nofp/libc.a(lib_a-fputwc.o)
                0x0000000000008598                _fputwc_r
 .text._fstat_r
                0x0000000000008600       0x28 /Applications/MCUXpressoIDE_11.6.1_8255/ide/plugins/com.nxp.mcuxpresso.tools.macosx_11.6.1.202207200623/tools/bin/../lib/gcc/arm-none-eabi/10.3.1/../../../../arm-none-eabi/lib/thumb/v7-m/nofp/libc.a(lib_a-fstatr.o)
                0x0000000000008600                _fstat_r
 .text.__sfvwrite_r
                0x0000000000008628      0x2f0 /Applications/MCUXpressoIDE_11.6.1_8255/ide/plugins/com.nxp.mcuxpresso.tools.macosx_11.6.1.202207200623/tools/bin/../lib/gcc/arm-none-eabi/10.3.1/../../../../arm-none-eabi/lib/thumb/v7-m/nofp/libc.a(lib_a-fvwrite.o)
                0x0000000000008628                __sfvwrite_r
 .text._isatty_r
                0x0000000000008918       0x24 /Applications/MCUXpressoIDE_11.6.1_8255/ide/plugins/com.nxp.mcuxpresso.tools.macosx_11.6.1.202207200623/tools/bin/../lib/gcc/arm-none-eabi/10.3.1/../../../../arm-none-eabi/lib/thumb/v7-m/nofp/libc.a(lib_a-isattyr.o)
                0x0000000000008918                _isatty_r
 .text.__locale_mb_cur_max
                0x000000000000893c        0xc /Applications/MCUXpressoIDE_11.6.1_8255/ide/plugins/com.nxp.mcuxpresso.tools.macosx_11.6.1.202207200623/tools/bin/../lib/gcc/arm-none-eabi/10.3.1/../../../../arm-none-eabi/lib/thumb/v7-m/nofp/libc.a(lib_a-locale.o)
                0x000000000000893c                __locale_mb_cur_max
 .text._lseek_r
                0x0000000000008948       0x2c /Applications/MCUXpressoIDE_11.6.1_8255/ide/plugins/com.nxp.mcuxpresso.tools.macosx_11.6.1.202207200623/tools/bin/../lib/gcc/arm-none-eabi/10.3.1/../../../../arm-none-eabi/lib/thumb/v7-m/nofp/libc.a(lib_a-lseekr.o)
                0x0000000000008948                _lseek_r
 .text.__ascii_mbtowc
                0x0000000000008974       0x2c /Applications/MCUXpressoIDE_11.6.1_8255/ide/plugins/com.nxp.mcuxpresso.tools.macosx_11.6.1.202207200623/tools/bin/../lib/gcc/arm-none-eabi/10.3.1/../../../../arm-none-eabi/lib/thumb/v7-m/nofp/libc.a(lib_a-mbtowc_r.o)
                0x0000000000008974                __ascii_mbtowc
 .text.memmove  0x00000000000089a0       0xf8 /Applications/MCUXpressoIDE_11.6.1_8255/ide/plugins/com.nxp.mcuxpresso.tools.macosx_11.6.1.202207200623/tools/bin/../lib/gcc/arm-none-eabi/10.3.1/../../../../arm-none-eabi/lib/thumb/v7-m/nofp/libc.a(lib_a-memmove.o)
                0x00000000000089a0                memmove
 .text._read_r  0x0000000000008a98       0x2c /Applications/MCUXpressoIDE_11.6.1_8255/ide/plugins/com.nxp.mcuxpresso.tools.macosx_11.6.1.202207200623/tools/bin/../lib/gcc/arm-none-eabi/10.3.1/../../../../arm-none-eabi/lib/thumb/v7-m/nofp/libc.a(lib_a-readr.o)
                0x0000000000008a98                _read_r
 .text._realloc_r
                0x0000000000008ac4      0x3dc /Applications/MCUXpressoIDE_11.6.1_8255/ide/plugins/com.nxp.mcuxpresso.tools.macosx_11.6.1.202207200623/tools/bin/../lib/gcc/arm-none-eabi/10.3.1/../../../../arm-none-eabi/lib/thumb/v7-m/nofp/libc.a(lib_a-reallocr.o)
                0x0000000000008ac4                _realloc_r
 .text.__swbuf_r
                0x0000000000008ea0       0xb0 /Applications/MCUXpressoIDE_11.6.1_8255/ide/plugins/com.nxp.mcuxpresso.tools.macosx_11.6.1.202207200623/tools/bin/../lib/gcc/arm-none-eabi/10.3.1/../../../../arm-none-eabi/lib/thumb/v7-m/nofp/libc.a(lib_a-wbuf.o)
                0x0000000000008ea0                __swbuf_r
 .text._wcrtomb_r
                0x0000000000008f50       0x3c /Applications/MCUXpressoIDE_11.6.1_8255/ide/plugins/com.nxp.mcuxpresso.tools.macosx_11.6.1.202207200623/tools/bin/../lib/gcc/arm-none-eabi/10.3.1/../../../../arm-none-eabi/lib/thumb/v7-m/nofp/libc.a(lib_a-wcrtomb.o)
                0x0000000000008f50                _wcrtomb_r
 .text.__ascii_wctomb
                0x0000000000008f8c       0x1c /Applications/MCUXpressoIDE_11.6.1_8255/ide/plugins/com.nxp.mcuxpresso.tools.macosx_11.6.1.202207200623/tools/bin/../lib/gcc/arm-none-eabi/10.3.1/../../../../arm-none-eabi/lib/thumb/v7-m/nofp/libc.a(lib_a-wctomb_r.o)
                0x0000000000008f8c                __ascii_wctomb
 .text.abort    0x0000000000008fa8       0x10 /Applications/MCUXpressoIDE_11.6.1_8255/ide/plugins/com.nxp.mcuxpresso.tools.macosx_11.6.1.202207200623/tools/bin/../lib/gcc/arm-none-eabi/10.3.1/../../../../arm-none-eabi/lib/thumb/v7-m/nofp/libc.a(lib_a-abort.o)
                0x0000000000008fa8                abort
 .text.raise    0x0000000000008fb8       0x5c /Applications/MCUXpressoIDE_11.6.1_8255/ide/plugins/com.nxp.mcuxpresso.tools.macosx_11.6.1.202207200623/tools/bin/../lib/gcc/arm-none-eabi/10.3.1/../../../../arm-none-eabi/lib/thumb/v7-m/nofp/libc.a(lib_a-signal.o)
                0x0000000000008fb8                raise
 .text._kill_r  0x0000000000009014       0x28 /Applications/MCUXpressoIDE_11.6.1_8255/ide/plugins/com.nxp.mcuxpresso.tools.macosx_11.6.1.202207200623/tools/bin/../lib/gcc/arm-none-eabi/10.3.1/../../../../arm-none-eabi/lib/thumb/v7-m/nofp/libc.a(lib_a-signalr.o)
                0x0000000000009014                _kill_r
 .text._getpid_r
                0x000000000000903c        0x4 /Applications/MCUXpressoIDE_11.6.1_8255/ide/plugins/com.nxp.mcuxpresso.tools.macosx_11.6.1.202207200623/tools/bin/../lib/gcc/arm-none-eabi/10.3.1/../../../../arm-none-eabi/lib/thumb/v7-m/nofp/libc.a(lib_a-signalr.o)
                0x000000000000903c                _getpid_r
 .text._sbrk    0x0000000000009040       0x3c /Applications/MCUXpressoIDE_11.6.1_8255/ide/plugins/com.nxp.mcuxpresso.tools.macosx_11.6.1.202207200623/tools/bin/../lib/gcc/arm-none-eabi/10.3.1/../../../../arm-none-eabi/lib/thumb/v7-m/nofp/libcr_newlib_nohost.a(_cr_sbrk.o)
                0x0000000000009040                _sbrk
 .text._exit    0x000000000000907c        0x2 /Applications/MCUXpressoIDE_11.6.1_8255/ide/plugins/com.nxp.mcuxpresso.tools.macosx_11.6.1.202207200623/tools/bin/../lib/gcc/arm-none-eabi/10.3.1/../../../../arm-none-eabi/lib/thumb/v7-m/nofp/libcr_newlib_nohost.a(_exit.o)
                0x000000000000907c                _exit
 *fill*         0x000000000000907e        0x2 ff
 .text._close   0x0000000000009080       0x10 /Applications/MCUXpressoIDE_11.6.1_8255/ide/plugins/com.nxp.mcuxpresso.tools.macosx_11.6.1.202207200623/tools/bin/../lib/gcc/arm-none-eabi/10.3.1/../../../../arm-none-eabi/lib/thumb/v7-m/nofp/libcr_newlib_nohost.a(close.o)
                0x0000000000009080                _close
 .text._fstat   0x0000000000009090       0x10 /Applications/MCUXpressoIDE_11.6.1_8255/ide/plugins/com.nxp.mcuxpresso.tools.macosx_11.6.1.202207200623/tools/bin/../lib/gcc/arm-none-eabi/10.3.1/../../../../arm-none-eabi/lib/thumb/v7-m/nofp/libcr_newlib_nohost.a(fstat.o)
                0x0000000000009090                _fstat
 .text._getpid  0x00000000000090a0       0x10 /Applications/MCUXpressoIDE_11.6.1_8255/ide/plugins/com.nxp.mcuxpresso.tools.macosx_11.6.1.202207200623/tools/bin/../lib/gcc/arm-none-eabi/10.3.1/../../../../arm-none-eabi/lib/thumb/v7-m/nofp/libcr_newlib_nohost.a(getpid.o)
                0x00000000000090a0                _getpid
 .text._isatty  0x00000000000090b0       0x10 /Applications/MCUXpressoIDE_11.6.1_8255/ide/plugins/com.nxp.mcuxpresso.tools.macosx_11.6.1.202207200623/tools/bin/../lib/gcc/arm-none-eabi/10.3.1/../../../../arm-none-eabi/lib/thumb/v7-m/nofp/libcr_newlib_nohost.a(isatty.o)
                0x00000000000090b0                _isatty
 .text._kill    0x00000000000090c0       0x10 /Applications/MCUXpressoIDE_11.6.1_8255/ide/plugins/com.nxp.mcuxpresso.tools.macosx_11.6.1.202207200623/tools/bin/../lib/gcc/arm-none-eabi/10.3.1/../../../../arm-none-eabi/lib/thumb/v7-m/nofp/libcr_newlib_nohost.a(kill.o)
                0x00000000000090c0                _kill
 .text._lseek   0x00000000000090d0       0x10 /Applications/MCUXpressoIDE_11.6.1_8255/ide/plugins/com.nxp.mcuxpresso.tools.macosx_11.6.1.202207200623/tools/bin/../lib/gcc/arm-none-eabi/10.3.1/../../../../arm-none-eabi/lib/thumb/v7-m/nofp/libcr_newlib_nohost.a(lseek.o)
                0x00000000000090d0                _lseek
 .text.__check_heap_overflow
                0x00000000000090e0       0x14 /Applications/MCUXpressoIDE_11.6.1_8255/ide/plugins/com.nxp.mcuxpresso.tools.macosx_11.6.1.202207200623/tools/bin/../lib/gcc/arm-none-eabi/10.3.1/../../../../arm-none-eabi/lib/thumb/v7-m/nofp/libcr_newlib_nohost.a(_cr_check_heap.o)
                0x00000000000090e0                __check_heap_overflow
 .text          0x00000000000090f4       0x40 /Applications/MCUXpressoIDE_11.6.1_8255/ide/plugins/com.nxp.mcuxpresso.tools.macosx_11.6.1.202207200623/tools/bin/../lib/gcc/arm-none-eabi/10.3.1/thumb/v7-m/nofp/crtbegin.o
 .text          0x0000000000009134      0x110 /Applications/MCUXpressoIDE_11.6.1_8255/ide/plugins/com.nxp.mcuxpresso.tools.macosx_11.6.1.202207200623/tools/bin/../lib/gcc/arm-none-eabi/10.3.1/thumb/v7-m/nofp/libgcc.a(_arm_cmpdf2.o)
                0x0000000000009134                __gedf2
                0x0000000000009134                __gtdf2
                0x000000000000913c                __ledf2
                0x000000000000913c                __ltdf2
                0x0000000000009144                __cmpdf2
                0x0000000000009144                __eqdf2
                0x0000000000009144                __nedf2
                0x00000000000091c0                __aeabi_cdrcmple
                0x00000000000091d0                __aeabi_cdcmple
                0x00000000000091d0                __aeabi_cdcmpeq
                0x00000000000091e0                __aeabi_dcmpeq
                0x00000000000091f4                __aeabi_dcmplt
                0x0000000000009208                __aeabi_dcmple
                0x000000000000921c                __aeabi_dcmpge
                0x0000000000009230                __aeabi_dcmpgt
 .text          0x0000000000009244       0x2c /Applications/MCUXpressoIDE_11.6.1_8255/ide/plugins/com.nxp.mcuxpresso.tools.macosx_11.6.1.202207200623/tools/bin/../lib/gcc/arm-none-eabi/10.3.1/thumb/v7-m/nofp/libgcc.a(_arm_unorddf2.o)
                0x0000000000009244                __aeabi_dcmpun
                0x0000000000009244                __unorddf2
 .text          0x0000000000009270       0x50 /Applications/MCUXpressoIDE_11.6.1_8255/ide/plugins/com.nxp.mcuxpresso.tools.macosx_11.6.1.202207200623/tools/bin/../lib/gcc/arm-none-eabi/10.3.1/thumb/v7-m/nofp/libgcc.a(_arm_fixdfsi.o)
                0x0000000000009270                __fixdfsi
                0x0000000000009270                __aeabi_d2iz
 *(.rodata .rodata.* .constdata .constdata.*)
 .rodata._ZTV12DigitalIoPin
                0x00000000000092c0       0x14 ./src/DigitalIoPin.o
                0x00000000000092c0                vtable for DigitalIoPin
 .rodata._ZL9vUARTTaskPv.str1.4
                0x00000000000092d4        0xc ./src/lab1_03.o
 .rodata.main.str1.4
                0x00000000000092e0       0x22 ./src/lab1_03.o
 *fill*         0x0000000000009302        0x2 ff
 .rodata.OscRateIn
                0x0000000000009304        0x4 /Users/DBY/Metro_SemesterV-VI/ARM-FREERTOS/Worshop/lpc_board_nxp_lpcxpresso_1549/Debug/liblpc_board_nxp_lpcxpresso_1549.a(board.o)
                0x0000000000009304                OscRateIn
 .rodata.RTCOscRateIn
                0x0000000000009308        0x4 /Users/DBY/Metro_SemesterV-VI/ARM-FREERTOS/Worshop/lpc_board_nxp_lpcxpresso_1549/Debug/liblpc_board_nxp_lpcxpresso_1549.a(board.o)
                0x0000000000009308                RTCOscRateIn
 .rodata.ledpins
                0x000000000000930c        0x3 /Users/DBY/Metro_SemesterV-VI/ARM-FREERTOS/Worshop/lpc_board_nxp_lpcxpresso_1549/Debug/liblpc_board_nxp_lpcxpresso_1549.a(board.o)
 *fill*         0x000000000000930f        0x1 ff
 .rodata.ledports
                0x0000000000009310        0x3 /Users/DBY/Metro_SemesterV-VI/ARM-FREERTOS/Worshop/lpc_board_nxp_lpcxpresso_1549/Debug/liblpc_board_nxp_lpcxpresso_1549.a(board.o)
 *fill*         0x0000000000009313        0x1 ff
 .rodata.ioconSetup
                0x0000000000009314       0x74 /Users/DBY/Metro_SemesterV-VI/ARM-FREERTOS/Worshop/lpc_board_nxp_lpcxpresso_1549/Debug/liblpc_board_nxp_lpcxpresso_1549.a(board_sysinit.o)
 .rodata.swmSetup
                0x0000000000009388        0x6 /Users/DBY/Metro_SemesterV-VI/ARM-FREERTOS/Worshop/lpc_board_nxp_lpcxpresso_1549/Debug/liblpc_board_nxp_lpcxpresso_1549.a(board_sysinit.o)
 *fill*         0x000000000000938e        0x2 ff
 .rodata.vTaskStartScheduler.str1.4
                0x0000000000009390        0x5 /Users/DBY/Metro_SemesterV-VI/ARM-FREERTOS/Worshop/FreeRTOS/Debug/libFreeRTOS.a(tasks.o)
 *fill*         0x0000000000009395        0x3 ff
 .rodata        0x0000000000009398       0x10 /Users/DBY/Metro_SemesterV-VI/ARM-FREERTOS/Worshop/FreeRTOS/Debug/libFreeRTOS.a(tasks.o)
                0x0000000000009398                FreeRTOSDebugConfig
 .rodata._vfprintf_r.str1.4
                0x00000000000093a8       0x42 /Applications/MCUXpressoIDE_11.6.1_8255/ide/plugins/com.nxp.mcuxpresso.tools.macosx_11.6.1.202207200623/tools/bin/../lib/gcc/arm-none-eabi/10.3.1/../../../../arm-none-eabi/lib/thumb/v7-m/nofp/libc.a(lib_a-vfprintf.o)
 *fill*         0x00000000000093ea        0x2 ff
 .rodata.blanks.1
                0x00000000000093ec       0x10 /Applications/MCUXpressoIDE_11.6.1_8255/ide/plugins/com.nxp.mcuxpresso.tools.macosx_11.6.1.202207200623/tools/bin/../lib/gcc/arm-none-eabi/10.3.1/../../../../arm-none-eabi/lib/thumb/v7-m/nofp/libc.a(lib_a-vfprintf.o)
 .rodata.zeroes.0
                0x00000000000093fc       0x10 /Applications/MCUXpressoIDE_11.6.1_8255/ide/plugins/com.nxp.mcuxpresso.tools.macosx_11.6.1.202207200623/tools/bin/../lib/gcc/arm-none-eabi/10.3.1/../../../../arm-none-eabi/lib/thumb/v7-m/nofp/libc.a(lib_a-vfprintf.o)
 .rodata._dtoa_r.str1.4
                0x000000000000940c       0x7e /Applications/MCUXpressoIDE_11.6.1_8255/ide/plugins/com.nxp.mcuxpresso.tools.macosx_11.6.1.202207200623/tools/bin/../lib/gcc/arm-none-eabi/10.3.1/../../../../arm-none-eabi/lib/thumb/v7-m/nofp/libc.a(lib_a-dtoa.o)
                                         0x82 (size before relaxing)
 *fill*         0x000000000000948a        0x2 ff
 .rodata.__multadd.str1.4
                0x000000000000948c       0x5b /Applications/MCUXpressoIDE_11.6.1_8255/ide/plugins/com.nxp.mcuxpresso.tools.macosx_11.6.1.202207200623/tools/bin/../lib/gcc/arm-none-eabi/10.3.1/../../../../arm-none-eabi/lib/thumb/v7-m/nofp/libc.a(lib_a-mprec.o)
                                         0x6f (size before relaxing)
 *fill*         0x00000000000094e7        0x1 ff
 .rodata.__mprec_bigtens
                0x00000000000094e8       0x28 /Applications/MCUXpressoIDE_11.6.1_8255/ide/plugins/com.nxp.mcuxpresso.tools.macosx_11.6.1.202207200623/tools/bin/../lib/gcc/arm-none-eabi/10.3.1/../../../../arm-none-eabi/lib/thumb/v7-m/nofp/libc.a(lib_a-mprec.o)
                0x00000000000094e8                __mprec_bigtens
 .rodata.__mprec_tens
                0x0000000000009510       0xc8 /Applications/MCUXpressoIDE_11.6.1_8255/ide/plugins/com.nxp.mcuxpresso.tools.macosx_11.6.1.202207200623/tools/bin/../lib/gcc/arm-none-eabi/10.3.1/../../../../arm-none-eabi/lib/thumb/v7-m/nofp/libc.a(lib_a-mprec.o)
                0x0000000000009510                __mprec_tens
 .rodata.p05.0  0x00000000000095d8        0xc /Applications/MCUXpressoIDE_11.6.1_8255/ide/plugins/com.nxp.mcuxpresso.tools.macosx_11.6.1.202207200623/tools/bin/../lib/gcc/arm-none-eabi/10.3.1/../../../../arm-none-eabi/lib/thumb/v7-m/nofp/libc.a(lib_a-mprec.o)
 .rodata._vfiprintf_r.str1.4
                0x00000000000095e4       0x2f /Applications/MCUXpressoIDE_11.6.1_8255/ide/plugins/com.nxp.mcuxpresso.tools.macosx_11.6.1.202207200623/tools/bin/../lib/gcc/arm-none-eabi/10.3.1/../../../../arm-none-eabi/lib/thumb/v7-m/nofp/libc.a(lib_a-vfiprintf.o)
 .rodata.blanks.1
                0x00000000000095e4       0x10 /Applications/MCUXpressoIDE_11.6.1_8255/ide/plugins/com.nxp.mcuxpresso.tools.macosx_11.6.1.202207200623/tools/bin/../lib/gcc/arm-none-eabi/10.3.1/../../../../arm-none-eabi/lib/thumb/v7-m/nofp/libc.a(lib_a-vfiprintf.o)
 .rodata.zeroes.0
                0x00000000000095f4       0x10 /Applications/MCUXpressoIDE_11.6.1_8255/ide/plugins/com.nxp.mcuxpresso.tools.macosx_11.6.1.202207200623/tools/bin/../lib/gcc/arm-none-eabi/10.3.1/../../../../arm-none-eabi/lib/thumb/v7-m/nofp/libc.a(lib_a-vfiprintf.o)
 .rodata.__assert_func.str1.4
                0x0000000000009604       0x3f /Applications/MCUXpressoIDE_11.6.1_8255/ide/plugins/com.nxp.mcuxpresso.tools.macosx_11.6.1.202207200623/tools/bin/../lib/gcc/arm-none-eabi/10.3.1/../../../../arm-none-eabi/lib/thumb/v7-m/nofp/libc.a(lib_a-assert.o)
                                         0x43 (size before relaxing)
 *fill*         0x0000000000009643        0x1 ff
 .rodata._setlocale_r.str1.4
                0x0000000000009644        0xa /Applications/MCUXpressoIDE_11.6.1_8255/ide/plugins/com.nxp.mcuxpresso.tools.macosx_11.6.1.202207200623/tools/bin/../lib/gcc/arm-none-eabi/10.3.1/../../../../arm-none-eabi/lib/thumb/v7-m/nofp/libc.a(lib_a-locale.o)
                                          0xd (size before relaxing)
 *fill*         0x000000000000964e        0x2 ff
 .rodata.str1.4
                0x0000000000009650        0x2 /Applications/MCUXpressoIDE_11.6.1_8255/ide/plugins/com.nxp.mcuxpresso.tools.macosx_11.6.1.202207200623/tools/bin/../lib/gcc/arm-none-eabi/10.3.1/../../../../arm-none-eabi/lib/thumb/v7-m/nofp/libc.a(lib_a-locale.o)
 *fill*         0x0000000000009652        0x2 ff
 .rodata._ctype_
                0x0000000000009654      0x101 /Applications/MCUXpressoIDE_11.6.1_8255/ide/plugins/com.nxp.mcuxpresso.tools.macosx_11.6.1.202207200623/tools/bin/../lib/gcc/arm-none-eabi/10.3.1/../../../../arm-none-eabi/lib/thumb/v7-m/nofp/libc.a(lib_a-ctype_.o)
                0x0000000000009654                _ctype_
                0x0000000000009758                . = ALIGN (0x4)
 *fill*         0x0000000000009755        0x3 ff
                0x0000000000009758                . = ALIGN (0x4)
 *(.init)
 .init          0x0000000000009758        0x4 /Applications/MCUXpressoIDE_11.6.1_8255/ide/plugins/com.nxp.mcuxpresso.tools.macosx_11.6.1.202207200623/tools/bin/../lib/gcc/arm-none-eabi/10.3.1/thumb/v7-m/nofp/crti.o
                0x0000000000009758                _init
 .init          0x000000000000975c        0x8 /Applications/MCUXpressoIDE_11.6.1_8255/ide/plugins/com.nxp.mcuxpresso.tools.macosx_11.6.1.202207200623/tools/bin/../lib/gcc/arm-none-eabi/10.3.1/thumb/v7-m/nofp/crtn.o
                0x0000000000009764                . = ALIGN (0x4)
                0x0000000000009764                __preinit_array_start = .
 *(.preinit_array)
                0x0000000000009764                __preinit_array_end = .
                0x0000000000009764                . = ALIGN (0x4)
                0x0000000000009764                __init_array_start = .
 *(SORT_BY_NAME(.init_array.*))
 *(.init_array)
 .init_array    0x0000000000009764        0x4 ./src/lab1_03.o
 .init_array    0x0000000000009768        0x4 /Applications/MCUXpressoIDE_11.6.1_8255/ide/plugins/com.nxp.mcuxpresso.tools.macosx_11.6.1.202207200623/tools/bin/../lib/gcc/arm-none-eabi/10.3.1/thumb/v7-m/nofp/crtbegin.o
                0x000000000000976c                __init_array_end = .
 *(.fini)
 .fini          0x000000000000976c        0x4 /Applications/MCUXpressoIDE_11.6.1_8255/ide/plugins/com.nxp.mcuxpresso.tools.macosx_11.6.1.202207200623/tools/bin/../lib/gcc/arm-none-eabi/10.3.1/thumb/v7-m/nofp/crti.o
                0x000000000000976c                _fini
 .fini          0x0000000000009770        0x8 /Applications/MCUXpressoIDE_11.6.1_8255/ide/plugins/com.nxp.mcuxpresso.tools.macosx_11.6.1.202207200623/tools/bin/../lib/gcc/arm-none-eabi/10.3.1/thumb/v7-m/nofp/crtn.o
                0x0000000000009778                . = ALIGN (0x4)
 *crtbegin.o(.ctors)
 *(EXCLUDE_FILE(*crtend.o) .ctors)
 *(SORT_BY_NAME(.ctors.*))
 *crtend.o(.ctors)
                0x0000000000009778                . = ALIGN (0x4)
 *crtbegin.o(.dtors)
 *(EXCLUDE_FILE(*crtend.o) .dtors)
 *(SORT_BY_NAME(.dtors.*))
 *crtend.o(.dtors)
                0x0000000000009778                . = ALIGN (0x4)

.glue_7         0x0000000000009778        0x0
 .glue_7        0x0000000000009778        0x0 linker stubs

.glue_7t        0x0000000000009778        0x0
 .glue_7t       0x0000000000009778        0x0 linker stubs

.vfp11_veneer   0x0000000000009778        0x0
 .vfp11_veneer  0x0000000000009778        0x0 linker stubs

.v4_bx          0x0000000000009778        0x0
 .v4_bx         0x0000000000009778        0x0 linker stubs

.iplt           0x0000000000009778        0x0
 .iplt          0x0000000000009778        0x0 ./src/DigitalIoPin.o

.ARM.extab
 *(.ARM.extab* .gnu.linkonce.armextab.*)

.ARM.exidx      0x0000000000009778        0x8
                0x0000000000009778                __exidx_start = .
 *(.ARM.exidx* .gnu.linkonce.armexidx.*)
 .ARM.exidx     0x0000000000009778        0x8 /Applications/MCUXpressoIDE_11.6.1_8255/ide/plugins/com.nxp.mcuxpresso.tools.macosx_11.6.1.202207200623/tools/bin/../lib/gcc/arm-none-eabi/10.3.1/thumb/v7-m/nofp/libgcc.a(_udivmoddi4.o)
                0x0000000000009780                __exidx_end = .
                0x0000000000009780                _etext = .

.rel.dyn        0x0000000000009780        0x0
 .rel.iplt      0x0000000000009780        0x0 ./src/DigitalIoPin.o

.eh_frame       0x0000000000009780        0x0
 .eh_frame      0x0000000000009780        0x0 /Applications/MCUXpressoIDE_11.6.1_8255/ide/plugins/com.nxp.mcuxpresso.tools.macosx_11.6.1.202207200623/tools/bin/../lib/gcc/arm-none-eabi/10.3.1/thumb/v7-m/nofp/crtbegin.o

.data_RAM2      0x0000000002008000        0x0 load address 0x0000000000009780
 FILL mask 0xff
                [!provide]                        PROVIDE (__start_data_RAM2 = .)
                [!provide]                        PROVIDE (__start_data_Ram2_4 = .)
 *(.ramfunc.$RAM2)
 *(.ramfunc.$Ram2_4)
 *(.data.$RAM2)
 *(.data.$Ram2_4)
 *(.data.$RAM2.*)
 *(.data.$Ram2_4.*)
                0x0000000002008000                . = ALIGN (0x4)
                [!provide]                        PROVIDE (__end_data_RAM2 = .)
                [!provide]                        PROVIDE (__end_data_Ram2_4 = .)

.uninit_RESERVED
                0x0000000002000000        0x0
                0x0000000002000000                _start_uninit_RESERVED = .
 *(.bss.$RESERVED*)
                0x0000000002000000                . = ALIGN (0x4)
                0x0000000002000000                _end_uninit_RESERVED = .

.data           0x0000000002000000      0x9b0 load address 0x0000000000009780
 FILL mask 0xff
                0x0000000002000000                _data = .
                [!provide]                        PROVIDE (__start_data_RAM = .)
                [!provide]                        PROVIDE (__start_data_Ram0_16_32 = .)
 *(vtable)
 *(.ramfunc*)
 *(CodeQuickAccess)
 *(DataQuickAccess)
 *(RamFunction)
 *(.data*)
 .data.uxCriticalNesting
                0x0000000002000000        0x4 /Users/DBY/Metro_SemesterV-VI/ARM-FREERTOS/Worshop/FreeRTOS/Debug/libFreeRTOS.a(port.o)
 .data._impure_ptr
                0x0000000002000004        0x4 /Applications/MCUXpressoIDE_11.6.1_8255/ide/plugins/com.nxp.mcuxpresso.tools.macosx_11.6.1.202207200623/tools/bin/../lib/gcc/arm-none-eabi/10.3.1/../../../../arm-none-eabi/lib/thumb/v7-m/nofp/libc.a(lib_a-impure.o)
                0x0000000002000004                _impure_ptr
 .data.impure_data
                0x0000000002000008      0x428 /Applications/MCUXpressoIDE_11.6.1_8255/ide/plugins/com.nxp.mcuxpresso.tools.macosx_11.6.1.202207200623/tools/bin/../lib/gcc/arm-none-eabi/10.3.1/../../../../arm-none-eabi/lib/thumb/v7-m/nofp/libc.a(lib_a-impure.o)
 .data.__malloc_av_
                0x0000000002000430      0x408 /Applications/MCUXpressoIDE_11.6.1_8255/ide/plugins/com.nxp.mcuxpresso.tools.macosx_11.6.1.202207200623/tools/bin/../lib/gcc/arm-none-eabi/10.3.1/../../../../arm-none-eabi/lib/thumb/v7-m/nofp/libc.a(lib_a-mallocr.o)
                0x0000000002000430                __malloc_av_
 .data.__malloc_sbrk_base
                0x0000000002000838        0x4 /Applications/MCUXpressoIDE_11.6.1_8255/ide/plugins/com.nxp.mcuxpresso.tools.macosx_11.6.1.202207200623/tools/bin/../lib/gcc/arm-none-eabi/10.3.1/../../../../arm-none-eabi/lib/thumb/v7-m/nofp/libc.a(lib_a-mallocr.o)
                0x0000000002000838                __malloc_sbrk_base
 .data.__malloc_trim_threshold
                0x000000000200083c        0x4 /Applications/MCUXpressoIDE_11.6.1_8255/ide/plugins/com.nxp.mcuxpresso.tools.macosx_11.6.1.202207200623/tools/bin/../lib/gcc/arm-none-eabi/10.3.1/../../../../arm-none-eabi/lib/thumb/v7-m/nofp/libc.a(lib_a-mallocr.o)
                0x000000000200083c                __malloc_trim_threshold
 .data.__global_locale
                0x0000000002000840      0x16c /Applications/MCUXpressoIDE_11.6.1_8255/ide/plugins/com.nxp.mcuxpresso.tools.macosx_11.6.1.202207200623/tools/bin/../lib/gcc/arm-none-eabi/10.3.1/../../../../arm-none-eabi/lib/thumb/v7-m/nofp/libc.a(lib_a-locale.o)
                0x0000000002000840                __global_locale
 .data          0x00000000020009ac        0x4 /Applications/MCUXpressoIDE_11.6.1_8255/ide/plugins/com.nxp.mcuxpresso.tools.macosx_11.6.1.202207200623/tools/bin/../lib/gcc/arm-none-eabi/10.3.1/thumb/v7-m/nofp/crtbegin.o
                0x00000000020009ac                __dso_handle
                0x00000000020009b0                . = ALIGN (0x4)
                0x00000000020009b0                _edata = .
                [!provide]                        PROVIDE (__end_data_RAM = .)
                [!provide]                        PROVIDE (__end_data_Ram0_16_32 = .)

.igot.plt       0x00000000020009b0        0x0 load address 0x000000000000a130
 .igot.plt      0x00000000020009b0        0x0 ./src/DigitalIoPin.o

.bss_RAM2       0x0000000002008000        0x0
                [!provide]                        PROVIDE (__start_bss_RAM2 = .)
                [!provide]                        PROVIDE (__start_bss_Ram2_4 = .)
 *(.bss.$RAM2)
 *(.bss.$Ram2_4)
 *(.bss.$RAM2.*)
 *(.bss.$Ram2_4.*)
                0x0000000002008000                . = ALIGN ((. != 0x0)?0x4:0x1)
                [!provide]                        PROVIDE (__end_bss_RAM2 = .)
                [!provide]                        PROVIDE (__end_bss_Ram2_4 = .)

.bss            0x00000000020009b0      0x1c0
                0x00000000020009b0                _bss = .
                [!provide]                        PROVIDE (__start_bss_RAM = .)
                [!provide]                        PROVIDE (__start_bss_Ram0_16_32 = .)
 *(.bss*)
 .bss.heapTotalSize_
                0x00000000020009b0        0x4 ./src/heap_lock_monitor.o
                0x00000000020009b0                heapTotalSize_
 .bss.heapAmountUsed_
                0x00000000020009b4        0x4 ./src/heap_lock_monitor.o
                0x00000000020009b4                heapAmountUsed_
 .bss.heapPercentageUsed_
                0x00000000020009b8        0x4 ./src/heap_lock_monitor.o
                0x00000000020009b8                heapPercentageUsed_
 .bss.Sw1       0x00000000020009bc       0x10 ./src/lab1_03.o
                0x00000000020009bc                Sw1
 .bss.SystemCoreClock
                0x00000000020009cc        0x4 /Users/DBY/Metro_SemesterV-VI/ARM-FREERTOS/Worshop/lpc_chip_15xx/Debug/liblpc_chip_15xx.a(chip_15xx.o)
                0x00000000020009cc                SystemCoreClock
 .bss.pxCurrentTCB
                0x00000000020009d0        0x4 /Users/DBY/Metro_SemesterV-VI/ARM-FREERTOS/Worshop/FreeRTOS/Debug/libFreeRTOS.a(tasks.o)
                0x00000000020009d0                pxCurrentTCB
 .bss.pxReadyTasksLists
                0x00000000020009d4       0xa0 /Users/DBY/Metro_SemesterV-VI/ARM-FREERTOS/Worshop/FreeRTOS/Debug/libFreeRTOS.a(tasks.o)
 .bss.xDelayedTaskList1
                0x0000000002000a74       0x14 /Users/DBY/Metro_SemesterV-VI/ARM-FREERTOS/Worshop/FreeRTOS/Debug/libFreeRTOS.a(tasks.o)
 .bss.xDelayedTaskList2
                0x0000000002000a88       0x14 /Users/DBY/Metro_SemesterV-VI/ARM-FREERTOS/Worshop/FreeRTOS/Debug/libFreeRTOS.a(tasks.o)
 .bss.pxDelayedTaskList
                0x0000000002000a9c        0x4 /Users/DBY/Metro_SemesterV-VI/ARM-FREERTOS/Worshop/FreeRTOS/Debug/libFreeRTOS.a(tasks.o)
 .bss.pxOverflowDelayedTaskList
                0x0000000002000aa0        0x4 /Users/DBY/Metro_SemesterV-VI/ARM-FREERTOS/Worshop/FreeRTOS/Debug/libFreeRTOS.a(tasks.o)
 .bss.xPendingReadyList
                0x0000000002000aa4       0x14 /Users/DBY/Metro_SemesterV-VI/ARM-FREERTOS/Worshop/FreeRTOS/Debug/libFreeRTOS.a(tasks.o)
 .bss.xTasksWaitingTermination
                0x0000000002000ab8       0x14 /Users/DBY/Metro_SemesterV-VI/ARM-FREERTOS/Worshop/FreeRTOS/Debug/libFreeRTOS.a(tasks.o)
 .bss.uxDeletedTasksWaitingCleanUp
                0x0000000002000acc        0x4 /Users/DBY/Metro_SemesterV-VI/ARM-FREERTOS/Worshop/FreeRTOS/Debug/libFreeRTOS.a(tasks.o)
 .bss.xSuspendedTaskList
                0x0000000002000ad0       0x14 /Users/DBY/Metro_SemesterV-VI/ARM-FREERTOS/Worshop/FreeRTOS/Debug/libFreeRTOS.a(tasks.o)
 .bss.uxCurrentNumberOfTasks
                0x0000000002000ae4        0x4 /Users/DBY/Metro_SemesterV-VI/ARM-FREERTOS/Worshop/FreeRTOS/Debug/libFreeRTOS.a(tasks.o)
 .bss.xTickCount
                0x0000000002000ae8        0x4 /Users/DBY/Metro_SemesterV-VI/ARM-FREERTOS/Worshop/FreeRTOS/Debug/libFreeRTOS.a(tasks.o)
 .bss.uxTopReadyPriority
                0x0000000002000aec        0x4 /Users/DBY/Metro_SemesterV-VI/ARM-FREERTOS/Worshop/FreeRTOS/Debug/libFreeRTOS.a(tasks.o)
 .bss.xSchedulerRunning
                0x0000000002000af0        0x4 /Users/DBY/Metro_SemesterV-VI/ARM-FREERTOS/Worshop/FreeRTOS/Debug/libFreeRTOS.a(tasks.o)
 .bss.uxPendedTicks
                0x0000000002000af4        0x4 /Users/DBY/Metro_SemesterV-VI/ARM-FREERTOS/Worshop/FreeRTOS/Debug/libFreeRTOS.a(tasks.o)
 .bss.xYieldPending
                0x0000000002000af8        0x4 /Users/DBY/Metro_SemesterV-VI/ARM-FREERTOS/Worshop/FreeRTOS/Debug/libFreeRTOS.a(tasks.o)
 .bss.xNumOfOverflows
                0x0000000002000afc        0x4 /Users/DBY/Metro_SemesterV-VI/ARM-FREERTOS/Worshop/FreeRTOS/Debug/libFreeRTOS.a(tasks.o)
 .bss.uxTaskNumber
                0x0000000002000b00        0x4 /Users/DBY/Metro_SemesterV-VI/ARM-FREERTOS/Worshop/FreeRTOS/Debug/libFreeRTOS.a(tasks.o)
 .bss.xNextTaskUnblockTime
                0x0000000002000b04        0x4 /Users/DBY/Metro_SemesterV-VI/ARM-FREERTOS/Worshop/FreeRTOS/Debug/libFreeRTOS.a(tasks.o)
 .bss.xIdleTaskHandle
                0x0000000002000b08        0x4 /Users/DBY/Metro_SemesterV-VI/ARM-FREERTOS/Worshop/FreeRTOS/Debug/libFreeRTOS.a(tasks.o)
 .bss.uxSchedulerSuspended
                0x0000000002000b0c        0x4 /Users/DBY/Metro_SemesterV-VI/ARM-FREERTOS/Worshop/FreeRTOS/Debug/libFreeRTOS.a(tasks.o)
 .bss.__malloc_current_mallinfo
                0x0000000002000b10       0x28 /Applications/MCUXpressoIDE_11.6.1_8255/ide/plugins/com.nxp.mcuxpresso.tools.macosx_11.6.1.202207200623/tools/bin/../lib/gcc/arm-none-eabi/10.3.1/../../../../arm-none-eabi/lib/thumb/v7-m/nofp/libc.a(lib_a-mallocr.o)
                0x0000000002000b10                __malloc_current_mallinfo
 .bss.__malloc_max_sbrked_mem
                0x0000000002000b38        0x4 /Applications/MCUXpressoIDE_11.6.1_8255/ide/plugins/com.nxp.mcuxpresso.tools.macosx_11.6.1.202207200623/tools/bin/../lib/gcc/arm-none-eabi/10.3.1/../../../../arm-none-eabi/lib/thumb/v7-m/nofp/libc.a(lib_a-mallocr.o)
                0x0000000002000b38                __malloc_max_sbrked_mem
 .bss.__malloc_max_total_mem
                0x0000000002000b3c        0x4 /Applications/MCUXpressoIDE_11.6.1_8255/ide/plugins/com.nxp.mcuxpresso.tools.macosx_11.6.1.202207200623/tools/bin/../lib/gcc/arm-none-eabi/10.3.1/../../../../arm-none-eabi/lib/thumb/v7-m/nofp/libc.a(lib_a-mallocr.o)
                0x0000000002000b3c                __malloc_max_total_mem
 .bss.__malloc_top_pad
                0x0000000002000b40        0x4 /Applications/MCUXpressoIDE_11.6.1_8255/ide/plugins/com.nxp.mcuxpresso.tools.macosx_11.6.1.202207200623/tools/bin/../lib/gcc/arm-none-eabi/10.3.1/../../../../arm-none-eabi/lib/thumb/v7-m/nofp/libc.a(lib_a-mallocr.o)
                0x0000000002000b40                __malloc_top_pad
 .bss.errno     0x0000000002000b44        0x4 /Applications/MCUXpressoIDE_11.6.1_8255/ide/plugins/com.nxp.mcuxpresso.tools.macosx_11.6.1.202207200623/tools/bin/../lib/gcc/arm-none-eabi/10.3.1/../../../../arm-none-eabi/lib/thumb/v7-m/nofp/libc.a(lib_a-reent.o)
                0x0000000002000b44                errno
 .bss.__lock___sfp_recursive_mutex
                0x0000000002000b48        0x1 /Applications/MCUXpressoIDE_11.6.1_8255/ide/plugins/com.nxp.mcuxpresso.tools.macosx_11.6.1.202207200623/tools/bin/../lib/gcc/arm-none-eabi/10.3.1/../../../../arm-none-eabi/lib/thumb/v7-m/nofp/libc.a(lib_a-lock.o)
                0x0000000002000b48                __lock___sfp_recursive_mutex
 *fill*         0x0000000002000b49        0x3 
 .bss.__lock___sinit_recursive_mutex
                0x0000000002000b4c        0x1 /Applications/MCUXpressoIDE_11.6.1_8255/ide/plugins/com.nxp.mcuxpresso.tools.macosx_11.6.1.202207200623/tools/bin/../lib/gcc/arm-none-eabi/10.3.1/../../../../arm-none-eabi/lib/thumb/v7-m/nofp/libc.a(lib_a-lock.o)
                0x0000000002000b4c                __lock___sinit_recursive_mutex
 *fill*         0x0000000002000b4d        0x3 
 .bss.__end_of_heap
                0x0000000002000b50        0x4 /Applications/MCUXpressoIDE_11.6.1_8255/ide/plugins/com.nxp.mcuxpresso.tools.macosx_11.6.1.202207200623/tools/bin/../lib/gcc/arm-none-eabi/10.3.1/../../../../arm-none-eabi/lib/thumb/v7-m/nofp/libcr_newlib_nohost.a(_cr_sbrk.o)
                0x0000000002000b50                __end_of_heap
 .bss           0x0000000002000b54       0x1c /Applications/MCUXpressoIDE_11.6.1_8255/ide/plugins/com.nxp.mcuxpresso.tools.macosx_11.6.1.202207200623/tools/bin/../lib/gcc/arm-none-eabi/10.3.1/thumb/v7-m/nofp/crtbegin.o
 *(COMMON)
                0x0000000002000b70                . = ALIGN (0x4)
                0x0000000002000b70                _ebss = .
                [!provide]                        PROVIDE (__end_bss_RAM = .)
                [!provide]                        PROVIDE (__end_bss_Ram0_16_32 = .)
                [!provide]                        PROVIDE (end = .)

.noinit_RAM2    0x0000000002008000        0x0
                [!provide]                        PROVIDE (__start_noinit_RAM2 = .)
                [!provide]                        PROVIDE (__start_noinit_Ram2_4 = .)
 *(.noinit.$RAM2)
 *(.noinit.$Ram2_4)
 *(.noinit.$RAM2.*)
 *(.noinit.$Ram2_4.*)
                0x0000000002008000                . = ALIGN (0x4)
                [!provide]                        PROVIDE (__end_noinit_RAM2 = .)
                [!provide]                        PROVIDE (__end_noinit_Ram2_4 = .)
