17:40:27 **** Incremental Build of configuration Debug for project lpc_board_nxp_lpcxpresso_1549 ****
make -r -j7 all 
make[1]: Nothing to be done for 'main-build'.
Performing post-build steps
arm-none-eabi-size "liblpc_board_nxp_lpcxpresso_1549.a" ; # arm-none-eabi-objdump -h -S "liblpc_board_nxp_lpcxpresso_1549.a" >"liblpc_board_nxp_lpcxpresso_1549.lss"
   text	   data	    bss	    dec	    hex	filename
   1363	      0	      0	   1363	    553	board.o (ex liblpc_board_nxp_lpcxpresso_1549.a)
    574	      0	      0	    574	    23e	board_sysinit.o (ex liblpc_board_nxp_lpcxpresso_1549.a)
 
17:40:27 **** Incremental Build of configuration Debug for project lpc_chip_15xx ****
make -r -j7 all 
make[1]: Nothing to be done for 'main-build'.
Performing post-build steps
arm-none-eabi-size "liblpc_chip_15xx.a" ; # arm-none-eabi-objdump -h -S "liblpc_chip_15xx.a" >"liblpc_chip_15xx.lss"
   text	   data	    bss	    dec	    hex	filename
    610	      0	      0	    610	    262	acmp_15xx.o (ex liblpc_chip_15xx.a)
    790	      0	      0	    790	    316	adc_15xx.o (ex liblpc_chip_15xx.a)
    298	      0	      4	    302	    12e	chip_15xx.o (ex liblpc_chip_15xx.a)
   1700	      0	      0	   1700	    6a4	clock_15xx.o (ex liblpc_chip_15xx.a)
    494	      0	      0	    494	    1ee	crc_15xx.o (ex liblpc_chip_15xx.a)
     60	      0	      0	     60	     3c	dac_15xx.o (ex liblpc_chip_15xx.a)
    294	      0	    288	    582	    246	dma_15xx.o (ex liblpc_chip_15xx.a)
    192	      0	      0	    192	     c0	eeprom.o (ex liblpc_chip_15xx.a)
    684	      0	      0	    684	    2ac	gpio_15xx.o (ex liblpc_chip_15xx.a)
     84	      0	      0	     84	     54	i2c_common_15xx.o (ex liblpc_chip_15xx.a)
    860	      0	      0	    860	    35c	i2cm_15xx.o (ex liblpc_chip_15xx.a)
    450	      0	      0	    450	    1c2	i2cs_15xx.o (ex liblpc_chip_15xx.a)
    598	      0	      0	    598	    256	iap.o (ex liblpc_chip_15xx.a)
    124	      0	      0	    124	     7c	iocon_15xx.o (ex liblpc_chip_15xx.a)
      0	      0	      0	      0	      0	pinint_15xx.o (ex liblpc_chip_15xx.a)
    300	      0	      0	    300	    12c	pmu_15xx.o (ex liblpc_chip_15xx.a)
    962	      0	      0	    962	    3c2	ring_buffer.o (ex liblpc_chip_15xx.a)
    692	      0	      0	    692	    2b4	ritimer_15xx.o (ex liblpc_chip_15xx.a)
      0	      0	      0	      0	      0	rtc_15xx.o (ex liblpc_chip_15xx.a)
    318	      0	      0	    318	    13e	sct_15xx.o (ex liblpc_chip_15xx.a)
    412	      0	      0	    412	    19c	sct_pwm_15xx.o (ex liblpc_chip_15xx.a)
    140	      0	      0	    140	     8c	sctipu_15xx.o (ex liblpc_chip_15xx.a)
   1766	      0	      0	   1766	    6e6	spi_15xx.o (ex liblpc_chip_15xx.a)
    328	      0	     12	    340	    154	stopwatch_15xx.o (ex liblpc_chip_15xx.a)
    356	      0	      0	    356	    164	swm_15xx.o (ex liblpc_chip_15xx.a)
    466	      0	      0	    466	    1d2	sysctl_15xx.o (ex liblpc_chip_15xx.a)
    420	      0	      0	    420	    1a4	sysinit_15xx.o (ex liblpc_chip_15xx.a)
   1116	      0	      0	   1116	    45c	uart_15xx.o (ex liblpc_chip_15xx.a)
    114	      0	      0	    114	     72	wwdt_15xx.o (ex liblpc_chip_15xx.a)
 
17:40:28 **** Incremental Build of configuration Debug for project FreeRTOS ****
make -r -j7 all 
make[1]: Nothing to be done for 'main-build'.
Performing post-build steps
arm-none-eabi-size "libFreeRTOS.a" ; # arm-none-eabi-objdump -h -S "libFreeRTOS.a" >"libFreeRTOS.lss"
   text	   data	    bss	    dec	    hex	filename
     82	      0	      0	     82	     52	heap_3.o (ex libFreeRTOS.a)
    598	      4	      0	    602	    25a	port.o (ex libFreeRTOS.a)
    128	      0	      0	    128	     80	FreeRTOSCommonHooks.o (ex libFreeRTOS.a)
      0	      0	      0	      0	      0	croutine.o (ex libFreeRTOS.a)
   1152	      0	      0	   1152	    480	event_groups.o (ex libFreeRTOS.a)
    350	      0	      0	    350	    15e	list.o (ex libFreeRTOS.a)
   3784	      0	     80	   3864	    f18	queue.o (ex libFreeRTOS.a)
   2304	      0	      0	   2304	    900	stream_buffer.o (ex libFreeRTOS.a)
   8302	      0	    320	   8622	   21ae	tasks.o (ex libFreeRTOS.a)
      0	      0	      0	      0	      0	timers.o (ex libFreeRTOS.a)
 
17:40:28 **** Incremental Build of configuration Debug for project lab3_01 ****
make -r -j7 all 
make[1]: Nothing to be done for 'main-build'.
Performing post-build steps
arm-none-eabi-size "lab3_01.axf"; # arm-none-eabi-objcopy -v -O binary "lab3_01.axf" "lab3_01.bin" ; # checksum -p LPC1549 -d "lab3_01.bin";
   text	   data	    bss	    dec	    hex	filename
  56824	   2492	    568	  59884	   e9ec	lab3_01.axf
 
17:40:34 **** Incremental Build of configuration Debug for project lpc_board_nxp_lpcxpresso_1549 ****
make -r -j7 all 
make[1]: Nothing to be done for 'main-build'.
Performing post-build steps
arm-none-eabi-size "liblpc_board_nxp_lpcxpresso_1549.a" ; # arm-none-eabi-objdump -h -S "liblpc_board_nxp_lpcxpresso_1549.a" >"liblpc_board_nxp_lpcxpresso_1549.lss"
   text	   data	    bss	    dec	    hex	filename
   1363	      0	      0	   1363	    553	board.o (ex liblpc_board_nxp_lpcxpresso_1549.a)
    574	      0	      0	    574	    23e	board_sysinit.o (ex liblpc_board_nxp_lpcxpresso_1549.a)
 
17:40:35 **** Incremental Build of configuration Debug for project lpc_chip_15xx ****
make -r -j7 all 
make[1]: Nothing to be done for 'main-build'.
Performing post-build steps
arm-none-eabi-size "liblpc_chip_15xx.a" ; # arm-none-eabi-objdump -h -S "liblpc_chip_15xx.a" >"liblpc_chip_15xx.lss"
   text	   data	    bss	    dec	    hex	filename
    610	      0	      0	    610	    262	acmp_15xx.o (ex liblpc_chip_15xx.a)
    790	      0	      0	    790	    316	adc_15xx.o (ex liblpc_chip_15xx.a)
    298	      0	      4	    302	    12e	chip_15xx.o (ex liblpc_chip_15xx.a)
   1700	      0	      0	   1700	    6a4	clock_15xx.o (ex liblpc_chip_15xx.a)
    494	      0	      0	    494	    1ee	crc_15xx.o (ex liblpc_chip_15xx.a)
     60	      0	      0	     60	     3c	dac_15xx.o (ex liblpc_chip_15xx.a)
    294	      0	    288	    582	    246	dma_15xx.o (ex liblpc_chip_15xx.a)
    192	      0	      0	    192	     c0	eeprom.o (ex liblpc_chip_15xx.a)
    684	      0	      0	    684	    2ac	gpio_15xx.o (ex liblpc_chip_15xx.a)
     84	      0	      0	     84	     54	i2c_common_15xx.o (ex liblpc_chip_15xx.a)
    860	      0	      0	    860	    35c	i2cm_15xx.o (ex liblpc_chip_15xx.a)
    450	      0	      0	    450	    1c2	i2cs_15xx.o (ex liblpc_chip_15xx.a)
    598	      0	      0	    598	    256	iap.o (ex liblpc_chip_15xx.a)
    124	      0	      0	    124	     7c	iocon_15xx.o (ex liblpc_chip_15xx.a)
      0	      0	      0	      0	      0	pinint_15xx.o (ex liblpc_chip_15xx.a)
    300	      0	      0	    300	    12c	pmu_15xx.o (ex liblpc_chip_15xx.a)
    962	      0	      0	    962	    3c2	ring_buffer.o (ex liblpc_chip_15xx.a)
    692	      0	      0	    692	    2b4	ritimer_15xx.o (ex liblpc_chip_15xx.a)
      0	      0	      0	      0	      0	rtc_15xx.o (ex liblpc_chip_15xx.a)
    318	      0	      0	    318	    13e	sct_15xx.o (ex liblpc_chip_15xx.a)
    412	      0	      0	    412	    19c	sct_pwm_15xx.o (ex liblpc_chip_15xx.a)
    140	      0	      0	    140	     8c	sctipu_15xx.o (ex liblpc_chip_15xx.a)
   1766	      0	      0	   1766	    6e6	spi_15xx.o (ex liblpc_chip_15xx.a)
    328	      0	     12	    340	    154	stopwatch_15xx.o (ex liblpc_chip_15xx.a)
    356	      0	      0	    356	    164	swm_15xx.o (ex liblpc_chip_15xx.a)
    466	      0	      0	    466	    1d2	sysctl_15xx.o (ex liblpc_chip_15xx.a)
    420	      0	      0	    420	    1a4	sysinit_15xx.o (ex liblpc_chip_15xx.a)
   1116	      0	      0	   1116	    45c	uart_15xx.o (ex liblpc_chip_15xx.a)
    114	      0	      0	    114	     72	wwdt_15xx.o (ex liblpc_chip_15xx.a)
 
17:40:35 **** Incremental Build of configuration Debug for project FreeRTOS ****
make -r -j7 all 
make[1]: Nothing to be done for 'main-build'.
Performing post-build steps
arm-none-eabi-size "libFreeRTOS.a" ; # arm-none-eabi-objdump -h -S "libFreeRTOS.a" >"libFreeRTOS.lss"
   text	   data	    bss	    dec	    hex	filename
     82	      0	      0	     82	     52	heap_3.o (ex libFreeRTOS.a)
    598	      4	      0	    602	    25a	port.o (ex libFreeRTOS.a)
    128	      0	      0	    128	     80	FreeRTOSCommonHooks.o (ex libFreeRTOS.a)
      0	      0	      0	      0	      0	croutine.o (ex libFreeRTOS.a)
   1152	      0	      0	   1152	    480	event_groups.o (ex libFreeRTOS.a)
    350	      0	      0	    350	    15e	list.o (ex libFreeRTOS.a)
   3784	      0	     80	   3864	    f18	queue.o (ex libFreeRTOS.a)
   2304	      0	      0	   2304	    900	stream_buffer.o (ex libFreeRTOS.a)
   8302	      0	    320	   8622	   21ae	tasks.o (ex libFreeRTOS.a)
      0	      0	      0	      0	      0	timers.o (ex libFreeRTOS.a)
 
17:40:35 **** Incremental Build of configuration Debug for project lab3_01 ****
make -r -j7 all 
make[1]: Nothing to be done for 'main-build'.
Performing post-build steps
arm-none-eabi-size "lab3_01.axf"; # arm-none-eabi-objcopy -v -O binary "lab3_01.axf" "lab3_01.bin" ; # checksum -p LPC1549 -d "lab3_01.bin";
   text	   data	    bss	    dec	    hex	filename
  56824	   2492	    568	  59884	   e9ec	lab3_01.axf
 
17:40:37 **** Incremental Build of configuration Debug for project lab3_01 ****
make -r -j7 all 
make[1]: Nothing to be done for 'main-build'.
Performing post-build steps
arm-none-eabi-size "lab3_01.axf"; # arm-none-eabi-objcopy -v -O binary "lab3_01.axf" "lab3_01.bin" ; # checksum -p LPC1549 -d "lab3_01.bin";
   text	   data	    bss	    dec	    hex	filename
  56824	   2492	    568	  59884	   e9ec	lab3_01.axf
 
17:41:22 **** Incremental Build of configuration Debug for project lpc_board_nxp_lpcxpresso_1549 ****
make -r -j7 all 
make[1]: Nothing to be done for 'main-build'.
Performing post-build steps
arm-none-eabi-size "liblpc_board_nxp_lpcxpresso_1549.a" ; # arm-none-eabi-objdump -h -S "liblpc_board_nxp_lpcxpresso_1549.a" >"liblpc_board_nxp_lpcxpresso_1549.lss"
   text	   data	    bss	    dec	    hex	filename
   1363	      0	      0	   1363	    553	board.o (ex liblpc_board_nxp_lpcxpresso_1549.a)
    574	      0	      0	    574	    23e	board_sysinit.o (ex liblpc_board_nxp_lpcxpresso_1549.a)
 
17:41:23 **** Incremental Build of configuration Debug for project lpc_chip_15xx ****
make -r -j7 all 
make[1]: Nothing to be done for 'main-build'.
Performing post-build steps
arm-none-eabi-size "liblpc_chip_15xx.a" ; # arm-none-eabi-objdump -h -S "liblpc_chip_15xx.a" >"liblpc_chip_15xx.lss"
   text	   data	    bss	    dec	    hex	filename
    610	      0	      0	    610	    262	acmp_15xx.o (ex liblpc_chip_15xx.a)
    790	      0	      0	    790	    316	adc_15xx.o (ex liblpc_chip_15xx.a)
    298	      0	      4	    302	    12e	chip_15xx.o (ex liblpc_chip_15xx.a)
   1700	      0	      0	   1700	    6a4	clock_15xx.o (ex liblpc_chip_15xx.a)
    494	      0	      0	    494	    1ee	crc_15xx.o (ex liblpc_chip_15xx.a)
     60	      0	      0	     60	     3c	dac_15xx.o (ex liblpc_chip_15xx.a)
    294	      0	    288	    582	    246	dma_15xx.o (ex liblpc_chip_15xx.a)
    192	      0	      0	    192	     c0	eeprom.o (ex liblpc_chip_15xx.a)
    684	      0	      0	    684	    2ac	gpio_15xx.o (ex liblpc_chip_15xx.a)
     84	      0	      0	     84	     54	i2c_common_15xx.o (ex liblpc_chip_15xx.a)
    860	      0	      0	    860	    35c	i2cm_15xx.o (ex liblpc_chip_15xx.a)
    450	      0	      0	    450	    1c2	i2cs_15xx.o (ex liblpc_chip_15xx.a)
    598	      0	      0	    598	    256	iap.o (ex liblpc_chip_15xx.a)
    124	      0	      0	    124	     7c	iocon_15xx.o (ex liblpc_chip_15xx.a)
      0	      0	      0	      0	      0	pinint_15xx.o (ex liblpc_chip_15xx.a)
    300	      0	      0	    300	    12c	pmu_15xx.o (ex liblpc_chip_15xx.a)
    962	      0	      0	    962	    3c2	ring_buffer.o (ex liblpc_chip_15xx.a)
    692	      0	      0	    692	    2b4	ritimer_15xx.o (ex liblpc_chip_15xx.a)
      0	      0	      0	      0	      0	rtc_15xx.o (ex liblpc_chip_15xx.a)
    318	      0	      0	    318	    13e	sct_15xx.o (ex liblpc_chip_15xx.a)
    412	      0	      0	    412	    19c	sct_pwm_15xx.o (ex liblpc_chip_15xx.a)
    140	      0	      0	    140	     8c	sctipu_15xx.o (ex liblpc_chip_15xx.a)
   1766	      0	      0	   1766	    6e6	spi_15xx.o (ex liblpc_chip_15xx.a)
    328	      0	     12	    340	    154	stopwatch_15xx.o (ex liblpc_chip_15xx.a)
    356	      0	      0	    356	    164	swm_15xx.o (ex liblpc_chip_15xx.a)
    466	      0	      0	    466	    1d2	sysctl_15xx.o (ex liblpc_chip_15xx.a)
    420	      0	      0	    420	    1a4	sysinit_15xx.o (ex liblpc_chip_15xx.a)
   1116	      0	      0	   1116	    45c	uart_15xx.o (ex liblpc_chip_15xx.a)
    114	      0	      0	    114	     72	wwdt_15xx.o (ex liblpc_chip_15xx.a)
 
17:41:23 **** Incremental Build of configuration Debug for project FreeRTOS ****
make -r -j7 all 
make[1]: Nothing to be done for 'main-build'.
Performing post-build steps
arm-none-eabi-size "libFreeRTOS.a" ; # arm-none-eabi-objdump -h -S "libFreeRTOS.a" >"libFreeRTOS.lss"
   text	   data	    bss	    dec	    hex	filename
     82	      0	      0	     82	     52	heap_3.o (ex libFreeRTOS.a)
    598	      4	      0	    602	    25a	port.o (ex libFreeRTOS.a)
    128	      0	      0	    128	     80	FreeRTOSCommonHooks.o (ex libFreeRTOS.a)
      0	      0	      0	      0	      0	croutine.o (ex libFreeRTOS.a)
   1152	      0	      0	   1152	    480	event_groups.o (ex libFreeRTOS.a)
    350	      0	      0	    350	    15e	list.o (ex libFreeRTOS.a)
   3784	      0	     80	   3864	    f18	queue.o (ex libFreeRTOS.a)
   2304	      0	      0	   2304	    900	stream_buffer.o (ex libFreeRTOS.a)
   8302	      0	    320	   8622	   21ae	tasks.o (ex libFreeRTOS.a)
      0	      0	      0	      0	      0	timers.o (ex libFreeRTOS.a)
 
17:41:23 **** Incremental Build of configuration Debug for project lab3_01 ****
make -r -j7 all 
Building file: ../src/lab3_01.cpp
Invoking: MCU C++ Compiler
arm-none-eabi-c++ -std=c++11 -DDEBUG -D__CODE_RED -D__NEWLIB__ -DCORE_M3 -D__USE_LPCOPEN -DCPP_USE_HEAP -D__LPC15XX__ -I"/Users/DBY/Metro_SemesterV-VI/ARM-FREERTOS/Worshop/lpc_board_nxp_lpcxpresso_1549/inc" -I"/Users/DBY/Metro_SemesterV-VI/ARM-FREERTOS/Worshop/lpc_chip_15xx/inc" -I"/Users/DBY/Metro_SemesterV-VI/ARM-FREERTOS/Worshop/FreeRTOS/inc" -I"/Users/DBY/Metro_SemesterV-VI/ARM-FREERTOS/Worshop/FreeRTOS/src/include" -I"/Users/DBY/Metro_SemesterV-VI/ARM-FREERTOS/Worshop/FreeRTOS/src/portable/GCC/ARM_CM3" -O0 -fno-common -g3 -Wall -c -fmessage-length=0 -fno-builtin -ffunction-sections -fdata-sections -fno-rtti -fno-exceptions -fmerge-constants -fmacro-prefix-map="../src/"= -mcpu=cortex-m3 -mthumb -fstack-usage -MMD -MP -MF"src/lab3_01.d" -MT"src/lab3_01.o" -MT"src/lab3_01.d" -o "src/lab3_01.o" "../src/lab3_01.cpp"
Finished building: ../src/lab3_01.cpp
 
Building target: lab3_01.axf
Invoking: MCU C++ Linker
arm-none-eabi-c++ -nostdlib -L"/Users/DBY/Metro_SemesterV-VI/ARM-FREERTOS/Worshop/lpc_board_nxp_lpcxpresso_1549/Debug" -L"/Users/DBY/Metro_SemesterV-VI/ARM-FREERTOS/Worshop/lpc_chip_15xx/Debug" -L"/Users/DBY/Metro_SemesterV-VI/ARM-FREERTOS/Worshop/FreeRTOS/Debug" -Xlinker -Map="lab3_01.map" -Xlinker --cref -Xlinker --gc-sections -Xlinker -print-memory-usage -mcpu=cortex-m3 -mthumb -T "lab3_01_Debug.ld" -o "lab3_01.axf"  ./src/DigitalIoPin.o ./src/Fmutex.o ./src/LpcUart.o ./src/cr_cpp_config.o ./src/cr_startup_lpc15xx.o ./src/crp.o ./src/heap_lock_monitor.o ./src/lab3_01.o ./src/sysinit.o   -llpc_board_nxp_lpcxpresso_1549 -llpc_chip_15xx -lFreeRTOS
Memory region         Used Size  Region Size  %age Used
       MFlash256:       59316 B       256 KB     22.63%
      Ram0_16_32:        3060 B        32 KB      9.34%
          Ram2_4:          0 GB         4 KB      0.00%
Finished building target: lab3_01.axf
 
Performing post-build steps
arm-none-eabi-size "lab3_01.axf"; # arm-none-eabi-objcopy -v -O binary "lab3_01.axf" "lab3_01.bin" ; # checksum -p LPC1549 -d "lab3_01.bin";
   text	   data	    bss	    dec	    hex	filename
  56824	   2492	    568	  59884	   e9ec	lab3_01.axf
 
17:41:25 **** Incremental Build of configuration Debug for project lab3_01 ****
make -r -j7 all 
make[1]: Nothing to be done for 'main-build'.
Performing post-build steps
arm-none-eabi-size "lab3_01.axf"; # arm-none-eabi-objcopy -v -O binary "lab3_01.axf" "lab3_01.bin" ; # checksum -p LPC1549 -d "lab3_01.bin";
   text	   data	    bss	    dec	    hex	filename
  56824	   2492	    568	  59884	   e9ec	lab3_01.axf
 
17:43:09 **** Incremental Build of configuration Debug for project lpc_board_nxp_lpcxpresso_1549 ****
make -r -j7 all 
make[1]: Nothing to be done for 'main-build'.
Performing post-build steps
arm-none-eabi-size "liblpc_board_nxp_lpcxpresso_1549.a" ; # arm-none-eabi-objdump -h -S "liblpc_board_nxp_lpcxpresso_1549.a" >"liblpc_board_nxp_lpcxpresso_1549.lss"
   text	   data	    bss	    dec	    hex	filename
   1363	      0	      0	   1363	    553	board.o (ex liblpc_board_nxp_lpcxpresso_1549.a)
    574	      0	      0	    574	    23e	board_sysinit.o (ex liblpc_board_nxp_lpcxpresso_1549.a)
 
17:43:09 **** Incremental Build of configuration Debug for project lpc_chip_15xx ****
make -r -j7 all 
make[1]: Nothing to be done for 'main-build'.
Performing post-build steps
arm-none-eabi-size "liblpc_chip_15xx.a" ; # arm-none-eabi-objdump -h -S "liblpc_chip_15xx.a" >"liblpc_chip_15xx.lss"
   text	   data	    bss	    dec	    hex	filename
    610	      0	      0	    610	    262	acmp_15xx.o (ex liblpc_chip_15xx.a)
    790	      0	      0	    790	    316	adc_15xx.o (ex liblpc_chip_15xx.a)
    298	      0	      4	    302	    12e	chip_15xx.o (ex liblpc_chip_15xx.a)
   1700	      0	      0	   1700	    6a4	clock_15xx.o (ex liblpc_chip_15xx.a)
    494	      0	      0	    494	    1ee	crc_15xx.o (ex liblpc_chip_15xx.a)
     60	      0	      0	     60	     3c	dac_15xx.o (ex liblpc_chip_15xx.a)
    294	      0	    288	    582	    246	dma_15xx.o (ex liblpc_chip_15xx.a)
    192	      0	      0	    192	     c0	eeprom.o (ex liblpc_chip_15xx.a)
    684	      0	      0	    684	    2ac	gpio_15xx.o (ex liblpc_chip_15xx.a)
     84	      0	      0	     84	     54	i2c_common_15xx.o (ex liblpc_chip_15xx.a)
    860	      0	      0	    860	    35c	i2cm_15xx.o (ex liblpc_chip_15xx.a)
    450	      0	      0	    450	    1c2	i2cs_15xx.o (ex liblpc_chip_15xx.a)
    598	      0	      0	    598	    256	iap.o (ex liblpc_chip_15xx.a)
    124	      0	      0	    124	     7c	iocon_15xx.o (ex liblpc_chip_15xx.a)
      0	      0	      0	      0	      0	pinint_15xx.o (ex liblpc_chip_15xx.a)
    300	      0	      0	    300	    12c	pmu_15xx.o (ex liblpc_chip_15xx.a)
    962	      0	      0	    962	    3c2	ring_buffer.o (ex liblpc_chip_15xx.a)
    692	      0	      0	    692	    2b4	ritimer_15xx.o (ex liblpc_chip_15xx.a)
      0	      0	      0	      0	      0	rtc_15xx.o (ex liblpc_chip_15xx.a)
    318	      0	      0	    318	    13e	sct_15xx.o (ex liblpc_chip_15xx.a)
    412	      0	      0	    412	    19c	sct_pwm_15xx.o (ex liblpc_chip_15xx.a)
    140	      0	      0	    140	     8c	sctipu_15xx.o (ex liblpc_chip_15xx.a)
   1766	      0	      0	   1766	    6e6	spi_15xx.o (ex liblpc_chip_15xx.a)
    328	      0	     12	    340	    154	stopwatch_15xx.o (ex liblpc_chip_15xx.a)
    356	      0	      0	    356	    164	swm_15xx.o (ex liblpc_chip_15xx.a)
    466	      0	      0	    466	    1d2	sysctl_15xx.o (ex liblpc_chip_15xx.a)
    420	      0	      0	    420	    1a4	sysinit_15xx.o (ex liblpc_chip_15xx.a)
   1116	      0	      0	   1116	    45c	uart_15xx.o (ex liblpc_chip_15xx.a)
    114	      0	      0	    114	     72	wwdt_15xx.o (ex liblpc_chip_15xx.a)
 
17:43:10 **** Incremental Build of configuration Debug for project FreeRTOS ****
make -r -j7 all 
make[1]: Nothing to be done for 'main-build'.
Performing post-build steps
arm-none-eabi-size "libFreeRTOS.a" ; # arm-none-eabi-objdump -h -S "libFreeRTOS.a" >"libFreeRTOS.lss"
   text	   data	    bss	    dec	    hex	filename
     82	      0	      0	     82	     52	heap_3.o (ex libFreeRTOS.a)
    598	      4	      0	    602	    25a	port.o (ex libFreeRTOS.a)
    128	      0	      0	    128	     80	FreeRTOSCommonHooks.o (ex libFreeRTOS.a)
      0	      0	      0	      0	      0	croutine.o (ex libFreeRTOS.a)
   1152	      0	      0	   1152	    480	event_groups.o (ex libFreeRTOS.a)
    350	      0	      0	    350	    15e	list.o (ex libFreeRTOS.a)
   3784	      0	     80	   3864	    f18	queue.o (ex libFreeRTOS.a)
   2304	      0	      0	   2304	    900	stream_buffer.o (ex libFreeRTOS.a)
   8302	      0	    320	   8622	   21ae	tasks.o (ex libFreeRTOS.a)
      0	      0	      0	      0	      0	timers.o (ex libFreeRTOS.a)
 
17:43:10 **** Incremental Build of configuration Debug for project lab3_01 ****
make -r -j7 all 
Building file: ../src/lab3_01.cpp
Invoking: MCU C++ Compiler
arm-none-eabi-c++ -std=c++11 -DDEBUG -D__CODE_RED -D__NEWLIB__ -DCORE_M3 -D__USE_LPCOPEN -DCPP_USE_HEAP -D__LPC15XX__ -I"/Users/DBY/Metro_SemesterV-VI/ARM-FREERTOS/Worshop/lpc_board_nxp_lpcxpresso_1549/inc" -I"/Users/DBY/Metro_SemesterV-VI/ARM-FREERTOS/Worshop/lpc_chip_15xx/inc" -I"/Users/DBY/Metro_SemesterV-VI/ARM-FREERTOS/Worshop/FreeRTOS/inc" -I"/Users/DBY/Metro_SemesterV-VI/ARM-FREERTOS/Worshop/FreeRTOS/src/include" -I"/Users/DBY/Metro_SemesterV-VI/ARM-FREERTOS/Worshop/FreeRTOS/src/portable/GCC/ARM_CM3" -O0 -fno-common -g3 -Wall -c -fmessage-length=0 -fno-builtin -ffunction-sections -fdata-sections -fno-rtti -fno-exceptions -fmerge-constants -fmacro-prefix-map="../src/"= -mcpu=cortex-m3 -mthumb -fstack-usage -MMD -MP -MF"src/lab3_01.d" -MT"src/lab3_01.o" -MT"src/lab3_01.d" -o "src/lab3_01.o" "../src/lab3_01.cpp"
Finished building: ../src/lab3_01.cpp
 
Building target: lab3_01.axf
Invoking: MCU C++ Linker
arm-none-eabi-c++ -nostdlib -L"/Users/DBY/Metro_SemesterV-VI/ARM-FREERTOS/Worshop/lpc_board_nxp_lpcxpresso_1549/Debug" -L"/Users/DBY/Metro_SemesterV-VI/ARM-FREERTOS/Worshop/lpc_chip_15xx/Debug" -L"/Users/DBY/Metro_SemesterV-VI/ARM-FREERTOS/Worshop/FreeRTOS/Debug" -Xlinker -Map="lab3_01.map" -Xlinker --cref -Xlinker --gc-sections -Xlinker -print-memory-usage -mcpu=cortex-m3 -mthumb -T "lab3_01_Debug.ld" -o "lab3_01.axf"  ./src/DigitalIoPin.o ./src/Fmutex.o ./src/LpcUart.o ./src/cr_cpp_config.o ./src/cr_startup_lpc15xx.o ./src/crp.o ./src/heap_lock_monitor.o ./src/lab3_01.o ./src/sysinit.o   -llpc_board_nxp_lpcxpresso_1549 -llpc_chip_15xx -lFreeRTOS
Memory region         Used Size  Region Size  %age Used
       MFlash256:       59316 B       256 KB     22.63%
      Ram0_16_32:        3060 B        32 KB      9.34%
          Ram2_4:          0 GB         4 KB      0.00%
Finished building target: lab3_01.axf
 
Performing post-build steps
arm-none-eabi-size "lab3_01.axf"; # arm-none-eabi-objcopy -v -O binary "lab3_01.axf" "lab3_01.bin" ; # checksum -p LPC1549 -d "lab3_01.bin";
   text	   data	    bss	    dec	    hex	filename
  56824	   2492	    568	  59884	   e9ec	lab3_01.axf
 
17:43:12 **** Incremental Build of configuration Debug for project lab3_01 ****
make -r -j7 all 
make[1]: Nothing to be done for 'main-build'.
Performing post-build steps
arm-none-eabi-size "lab3_01.axf"; # arm-none-eabi-objcopy -v -O binary "lab3_01.axf" "lab3_01.bin" ; # checksum -p LPC1549 -d "lab3_01.bin";
   text	   data	    bss	    dec	    hex	filename
  56824	   2492	    568	  59884	   e9ec	lab3_01.axf
 
17:46:53 **** Incremental Build of configuration Debug for project lpc_board_nxp_lpcxpresso_1549 ****
make -r -j7 all 
make[1]: Nothing to be done for 'main-build'.
Performing post-build steps
arm-none-eabi-size "liblpc_board_nxp_lpcxpresso_1549.a" ; # arm-none-eabi-objdump -h -S "liblpc_board_nxp_lpcxpresso_1549.a" >"liblpc_board_nxp_lpcxpresso_1549.lss"
   text	   data	    bss	    dec	    hex	filename
   1363	      0	      0	   1363	    553	board.o (ex liblpc_board_nxp_lpcxpresso_1549.a)
    574	      0	      0	    574	    23e	board_sysinit.o (ex liblpc_board_nxp_lpcxpresso_1549.a)
 
17:46:53 **** Incremental Build of configuration Debug for project lpc_chip_15xx ****
make -r -j7 all 
make[1]: Nothing to be done for 'main-build'.
Performing post-build steps
arm-none-eabi-size "liblpc_chip_15xx.a" ; # arm-none-eabi-objdump -h -S "liblpc_chip_15xx.a" >"liblpc_chip_15xx.lss"
   text	   data	    bss	    dec	    hex	filename
    610	      0	      0	    610	    262	acmp_15xx.o (ex liblpc_chip_15xx.a)
    790	      0	      0	    790	    316	adc_15xx.o (ex liblpc_chip_15xx.a)
    298	      0	      4	    302	    12e	chip_15xx.o (ex liblpc_chip_15xx.a)
   1700	      0	      0	   1700	    6a4	clock_15xx.o (ex liblpc_chip_15xx.a)
    494	      0	      0	    494	    1ee	crc_15xx.o (ex liblpc_chip_15xx.a)
     60	      0	      0	     60	     3c	dac_15xx.o (ex liblpc_chip_15xx.a)
    294	      0	    288	    582	    246	dma_15xx.o (ex liblpc_chip_15xx.a)
    192	      0	      0	    192	     c0	eeprom.o (ex liblpc_chip_15xx.a)
    684	      0	      0	    684	    2ac	gpio_15xx.o (ex liblpc_chip_15xx.a)
     84	      0	      0	     84	     54	i2c_common_15xx.o (ex liblpc_chip_15xx.a)
    860	      0	      0	    860	    35c	i2cm_15xx.o (ex liblpc_chip_15xx.a)
    450	      0	      0	    450	    1c2	i2cs_15xx.o (ex liblpc_chip_15xx.a)
    598	      0	      0	    598	    256	iap.o (ex liblpc_chip_15xx.a)
    124	      0	      0	    124	     7c	iocon_15xx.o (ex liblpc_chip_15xx.a)
      0	      0	      0	      0	      0	pinint_15xx.o (ex liblpc_chip_15xx.a)
    300	      0	      0	    300	    12c	pmu_15xx.o (ex liblpc_chip_15xx.a)
    962	      0	      0	    962	    3c2	ring_buffer.o (ex liblpc_chip_15xx.a)
    692	      0	      0	    692	    2b4	ritimer_15xx.o (ex liblpc_chip_15xx.a)
      0	      0	      0	      0	      0	rtc_15xx.o (ex liblpc_chip_15xx.a)
    318	      0	      0	    318	    13e	sct_15xx.o (ex liblpc_chip_15xx.a)
    412	      0	      0	    412	    19c	sct_pwm_15xx.o (ex liblpc_chip_15xx.a)
    140	      0	      0	    140	     8c	sctipu_15xx.o (ex liblpc_chip_15xx.a)
   1766	      0	      0	   1766	    6e6	spi_15xx.o (ex liblpc_chip_15xx.a)
    328	      0	     12	    340	    154	stopwatch_15xx.o (ex liblpc_chip_15xx.a)
    356	      0	      0	    356	    164	swm_15xx.o (ex liblpc_chip_15xx.a)
    466	      0	      0	    466	    1d2	sysctl_15xx.o (ex liblpc_chip_15xx.a)
    420	      0	      0	    420	    1a4	sysinit_15xx.o (ex liblpc_chip_15xx.a)
   1116	      0	      0	   1116	    45c	uart_15xx.o (ex liblpc_chip_15xx.a)
    114	      0	      0	    114	     72	wwdt_15xx.o (ex liblpc_chip_15xx.a)
 
17:46:53 **** Incremental Build of configuration Debug for project FreeRTOS ****
make -r -j7 all 
make[1]: Nothing to be done for 'main-build'.
Performing post-build steps
arm-none-eabi-size "libFreeRTOS.a" ; # arm-none-eabi-objdump -h -S "libFreeRTOS.a" >"libFreeRTOS.lss"
   text	   data	    bss	    dec	    hex	filename
     82	      0	      0	     82	     52	heap_3.o (ex libFreeRTOS.a)
    598	      4	      0	    602	    25a	port.o (ex libFreeRTOS.a)
    128	      0	      0	    128	     80	FreeRTOSCommonHooks.o (ex libFreeRTOS.a)
      0	      0	      0	      0	      0	croutine.o (ex libFreeRTOS.a)
   1152	      0	      0	   1152	    480	event_groups.o (ex libFreeRTOS.a)
    350	      0	      0	    350	    15e	list.o (ex libFreeRTOS.a)
   3784	      0	     80	   3864	    f18	queue.o (ex libFreeRTOS.a)
   2304	      0	      0	   2304	    900	stream_buffer.o (ex libFreeRTOS.a)
   8302	      0	    320	   8622	   21ae	tasks.o (ex libFreeRTOS.a)
      0	      0	      0	      0	      0	timers.o (ex libFreeRTOS.a)
 
17:46:54 **** Incremental Build of configuration Debug for project lab3_01 ****
make -r -j7 all 
Building file: ../src/lab3_01.cpp
Invoking: MCU C++ Compiler
arm-none-eabi-c++ -std=c++11 -DDEBUG -D__CODE_RED -D__NEWLIB__ -DCORE_M3 -D__USE_LPCOPEN -DCPP_USE_HEAP -D__LPC15XX__ -I"/Users/DBY/Metro_SemesterV-VI/ARM-FREERTOS/Worshop/lpc_board_nxp_lpcxpresso_1549/inc" -I"/Users/DBY/Metro_SemesterV-VI/ARM-FREERTOS/Worshop/lpc_chip_15xx/inc" -I"/Users/DBY/Metro_SemesterV-VI/ARM-FREERTOS/Worshop/FreeRTOS/inc" -I"/Users/DBY/Metro_SemesterV-VI/ARM-FREERTOS/Worshop/FreeRTOS/src/include" -I"/Users/DBY/Metro_SemesterV-VI/ARM-FREERTOS/Worshop/FreeRTOS/src/portable/GCC/ARM_CM3" -O0 -fno-common -g3 -Wall -c -fmessage-length=0 -fno-builtin -ffunction-sections -fdata-sections -fno-rtti -fno-exceptions -fmerge-constants -fmacro-prefix-map="../src/"= -mcpu=cortex-m3 -mthumb -fstack-usage -MMD -MP -MF"src/lab3_01.d" -MT"src/lab3_01.o" -MT"src/lab3_01.d" -o "src/lab3_01.o" "../src/lab3_01.cpp"
Finished building: ../src/lab3_01.cpp
 
Building target: lab3_01.axf
Invoking: MCU C++ Linker
arm-none-eabi-c++ -nostdlib -L"/Users/DBY/Metro_SemesterV-VI/ARM-FREERTOS/Worshop/lpc_board_nxp_lpcxpresso_1549/Debug" -L"/Users/DBY/Metro_SemesterV-VI/ARM-FREERTOS/Worshop/lpc_chip_15xx/Debug" -L"/Users/DBY/Metro_SemesterV-VI/ARM-FREERTOS/Worshop/FreeRTOS/Debug" -Xlinker -Map="lab3_01.map" -Xlinker --cref -Xlinker --gc-sections -Xlinker -print-memory-usage -mcpu=cortex-m3 -mthumb -T "lab3_01_Debug.ld" -o "lab3_01.axf"  ./src/DigitalIoPin.o ./src/Fmutex.o ./src/LpcUart.o ./src/cr_cpp_config.o ./src/cr_startup_lpc15xx.o ./src/crp.o ./src/heap_lock_monitor.o ./src/lab3_01.o ./src/sysinit.o   -llpc_board_nxp_lpcxpresso_1549 -llpc_chip_15xx -lFreeRTOS
Memory region         Used Size  Region Size  %age Used
       MFlash256:       59396 B       256 KB     22.66%
      Ram0_16_32:        3060 B        32 KB      9.34%
          Ram2_4:          0 GB         4 KB      0.00%
Finished building target: lab3_01.axf
 
Performing post-build steps
arm-none-eabi-size "lab3_01.axf"; # arm-none-eabi-objcopy -v -O binary "lab3_01.axf" "lab3_01.bin" ; # checksum -p LPC1549 -d "lab3_01.bin";
   text	   data	    bss	    dec	    hex	filename
  56904	   2492	    568	  59964	   ea3c	lab3_01.axf
 
17:46:55 **** Incremental Build of configuration Debug for project lab3_01 ****
make -r -j7 all 
make[1]: Nothing to be done for 'main-build'.
Performing post-build steps
arm-none-eabi-size "lab3_01.axf"; # arm-none-eabi-objcopy -v -O binary "lab3_01.axf" "lab3_01.bin" ; # checksum -p LPC1549 -d "lab3_01.bin";
   text	   data	    bss	    dec	    hex	filename
  56904	   2492	    568	  59964	   ea3c	lab3_01.axf
 
17:50:22 **** Incremental Build of configuration Debug for project lpc_board_nxp_lpcxpresso_1549 ****
make -r -j7 all 
make[1]: Nothing to be done for 'main-build'.
Performing post-build steps
arm-none-eabi-size "liblpc_board_nxp_lpcxpresso_1549.a" ; # arm-none-eabi-objdump -h -S "liblpc_board_nxp_lpcxpresso_1549.a" >"liblpc_board_nxp_lpcxpresso_1549.lss"
   text	   data	    bss	    dec	    hex	filename
   1363	      0	      0	   1363	    553	board.o (ex liblpc_board_nxp_lpcxpresso_1549.a)
    574	      0	      0	    574	    23e	board_sysinit.o (ex liblpc_board_nxp_lpcxpresso_1549.a)
 
17:50:22 **** Incremental Build of configuration Debug for project lpc_chip_15xx ****
make -r -j7 all 
make[1]: Nothing to be done for 'main-build'.
Performing post-build steps
arm-none-eabi-size "liblpc_chip_15xx.a" ; # arm-none-eabi-objdump -h -S "liblpc_chip_15xx.a" >"liblpc_chip_15xx.lss"
   text	   data	    bss	    dec	    hex	filename
    610	      0	      0	    610	    262	acmp_15xx.o (ex liblpc_chip_15xx.a)
    790	      0	      0	    790	    316	adc_15xx.o (ex liblpc_chip_15xx.a)
    298	      0	      4	    302	    12e	chip_15xx.o (ex liblpc_chip_15xx.a)
   1700	      0	      0	   1700	    6a4	clock_15xx.o (ex liblpc_chip_15xx.a)
    494	      0	      0	    494	    1ee	crc_15xx.o (ex liblpc_chip_15xx.a)
     60	      0	      0	     60	     3c	dac_15xx.o (ex liblpc_chip_15xx.a)
    294	      0	    288	    582	    246	dma_15xx.o (ex liblpc_chip_15xx.a)
    192	      0	      0	    192	     c0	eeprom.o (ex liblpc_chip_15xx.a)
    684	      0	      0	    684	    2ac	gpio_15xx.o (ex liblpc_chip_15xx.a)
     84	      0	      0	     84	     54	i2c_common_15xx.o (ex liblpc_chip_15xx.a)
    860	      0	      0	    860	    35c	i2cm_15xx.o (ex liblpc_chip_15xx.a)
    450	      0	      0	    450	    1c2	i2cs_15xx.o (ex liblpc_chip_15xx.a)
    598	      0	      0	    598	    256	iap.o (ex liblpc_chip_15xx.a)
    124	      0	      0	    124	     7c	iocon_15xx.o (ex liblpc_chip_15xx.a)
      0	      0	      0	      0	      0	pinint_15xx.o (ex liblpc_chip_15xx.a)
    300	      0	      0	    300	    12c	pmu_15xx.o (ex liblpc_chip_15xx.a)
    962	      0	      0	    962	    3c2	ring_buffer.o (ex liblpc_chip_15xx.a)
    692	      0	      0	    692	    2b4	ritimer_15xx.o (ex liblpc_chip_15xx.a)
      0	      0	      0	      0	      0	rtc_15xx.o (ex liblpc_chip_15xx.a)
    318	      0	      0	    318	    13e	sct_15xx.o (ex liblpc_chip_15xx.a)
    412	      0	      0	    412	    19c	sct_pwm_15xx.o (ex liblpc_chip_15xx.a)
    140	      0	      0	    140	     8c	sctipu_15xx.o (ex liblpc_chip_15xx.a)
   1766	      0	      0	   1766	    6e6	spi_15xx.o (ex liblpc_chip_15xx.a)
    328	      0	     12	    340	    154	stopwatch_15xx.o (ex liblpc_chip_15xx.a)
    356	      0	      0	    356	    164	swm_15xx.o (ex liblpc_chip_15xx.a)
    466	      0	      0	    466	    1d2	sysctl_15xx.o (ex liblpc_chip_15xx.a)
    420	      0	      0	    420	    1a4	sysinit_15xx.o (ex liblpc_chip_15xx.a)
   1116	      0	      0	   1116	    45c	uart_15xx.o (ex liblpc_chip_15xx.a)
    114	      0	      0	    114	     72	wwdt_15xx.o (ex liblpc_chip_15xx.a)
 
17:50:22 **** Incremental Build of configuration Debug for project FreeRTOS ****
make -r -j7 all 
make[1]: Nothing to be done for 'main-build'.
Performing post-build steps
arm-none-eabi-size "libFreeRTOS.a" ; # arm-none-eabi-objdump -h -S "libFreeRTOS.a" >"libFreeRTOS.lss"
   text	   data	    bss	    dec	    hex	filename
     82	      0	      0	     82	     52	heap_3.o (ex libFreeRTOS.a)
    598	      4	      0	    602	    25a	port.o (ex libFreeRTOS.a)
    128	      0	      0	    128	     80	FreeRTOSCommonHooks.o (ex libFreeRTOS.a)
      0	      0	      0	      0	      0	croutine.o (ex libFreeRTOS.a)
   1152	      0	      0	   1152	    480	event_groups.o (ex libFreeRTOS.a)
    350	      0	      0	    350	    15e	list.o (ex libFreeRTOS.a)
   3784	      0	     80	   3864	    f18	queue.o (ex libFreeRTOS.a)
   2304	      0	      0	   2304	    900	stream_buffer.o (ex libFreeRTOS.a)
   8302	      0	    320	   8622	   21ae	tasks.o (ex libFreeRTOS.a)
      0	      0	      0	      0	      0	timers.o (ex libFreeRTOS.a)
 
17:50:23 **** Incremental Build of configuration Debug for project lab3_01 ****
make -r -j7 all 
Building file: ../src/lab3_01.cpp
Invoking: MCU C++ Compiler
arm-none-eabi-c++ -std=c++11 -DDEBUG -D__CODE_RED -D__NEWLIB__ -DCORE_M3 -D__USE_LPCOPEN -DCPP_USE_HEAP -D__LPC15XX__ -I"/Users/DBY/Metro_SemesterV-VI/ARM-FREERTOS/Worshop/lpc_board_nxp_lpcxpresso_1549/inc" -I"/Users/DBY/Metro_SemesterV-VI/ARM-FREERTOS/Worshop/lpc_chip_15xx/inc" -I"/Users/DBY/Metro_SemesterV-VI/ARM-FREERTOS/Worshop/FreeRTOS/inc" -I"/Users/DBY/Metro_SemesterV-VI/ARM-FREERTOS/Worshop/FreeRTOS/src/include" -I"/Users/DBY/Metro_SemesterV-VI/ARM-FREERTOS/Worshop/FreeRTOS/src/portable/GCC/ARM_CM3" -O0 -fno-common -g3 -Wall -c -fmessage-length=0 -fno-builtin -ffunction-sections -fdata-sections -fno-rtti -fno-exceptions -fmerge-constants -fmacro-prefix-map="../src/"= -mcpu=cortex-m3 -mthumb -fstack-usage -MMD -MP -MF"src/lab3_01.d" -MT"src/lab3_01.o" -MT"src/lab3_01.d" -o "src/lab3_01.o" "../src/lab3_01.cpp"
Finished building: ../src/lab3_01.cpp
 
Building target: lab3_01.axf
Invoking: MCU C++ Linker
arm-none-eabi-c++ -nostdlib -L"/Users/DBY/Metro_SemesterV-VI/ARM-FREERTOS/Worshop/lpc_board_nxp_lpcxpresso_1549/Debug" -L"/Users/DBY/Metro_SemesterV-VI/ARM-FREERTOS/Worshop/lpc_chip_15xx/Debug" -L"/Users/DBY/Metro_SemesterV-VI/ARM-FREERTOS/Worshop/FreeRTOS/Debug" -Xlinker -Map="lab3_01.map" -Xlinker --cref -Xlinker --gc-sections -Xlinker -print-memory-usage -mcpu=cortex-m3 -mthumb -T "lab3_01_Debug.ld" -o "lab3_01.axf"  ./src/DigitalIoPin.o ./src/Fmutex.o ./src/LpcUart.o ./src/cr_cpp_config.o ./src/cr_startup_lpc15xx.o ./src/crp.o ./src/heap_lock_monitor.o ./src/lab3_01.o ./src/sysinit.o   -llpc_board_nxp_lpcxpresso_1549 -llpc_chip_15xx -lFreeRTOS
Memory region         Used Size  Region Size  %age Used
       MFlash256:       59396 B       256 KB     22.66%
      Ram0_16_32:        3060 B        32 KB      9.34%
          Ram2_4:          0 GB         4 KB      0.00%
Finished building target: lab3_01.axf
 
Performing post-build steps
arm-none-eabi-size "lab3_01.axf"; # arm-none-eabi-objcopy -v -O binary "lab3_01.axf" "lab3_01.bin" ; # checksum -p LPC1549 -d "lab3_01.bin";
   text	   data	    bss	    dec	    hex	filename
  56904	   2492	    568	  59964	   ea3c	lab3_01.axf
 
17:50:24 **** Incremental Build of configuration Debug for project lab3_01 ****
make -r -j7 all 
make[1]: Nothing to be done for 'main-build'.
Performing post-build steps
arm-none-eabi-size "lab3_01.axf"; # arm-none-eabi-objcopy -v -O binary "lab3_01.axf" "lab3_01.bin" ; # checksum -p LPC1549 -d "lab3_01.bin";
   text	   data	    bss	    dec	    hex	filename
  56904	   2492	    568	  59964	   ea3c	lab3_01.axf
 
17:52:47 **** Incremental Build of configuration Debug for project lpc_board_nxp_lpcxpresso_1549 ****
make -r -j7 all 
make[1]: Nothing to be done for 'main-build'.
Performing post-build steps
arm-none-eabi-size "liblpc_board_nxp_lpcxpresso_1549.a" ; # arm-none-eabi-objdump -h -S "liblpc_board_nxp_lpcxpresso_1549.a" >"liblpc_board_nxp_lpcxpresso_1549.lss"
   text	   data	    bss	    dec	    hex	filename
   1363	      0	      0	   1363	    553	board.o (ex liblpc_board_nxp_lpcxpresso_1549.a)
    574	      0	      0	    574	    23e	board_sysinit.o (ex liblpc_board_nxp_lpcxpresso_1549.a)
 
17:52:47 **** Incremental Build of configuration Debug for project lpc_chip_15xx ****
make -r -j7 all 
make[1]: Nothing to be done for 'main-build'.
Performing post-build steps
arm-none-eabi-size "liblpc_chip_15xx.a" ; # arm-none-eabi-objdump -h -S "liblpc_chip_15xx.a" >"liblpc_chip_15xx.lss"
   text	   data	    bss	    dec	    hex	filename
    610	      0	      0	    610	    262	acmp_15xx.o (ex liblpc_chip_15xx.a)
    790	      0	      0	    790	    316	adc_15xx.o (ex liblpc_chip_15xx.a)
    298	      0	      4	    302	    12e	chip_15xx.o (ex liblpc_chip_15xx.a)
   1700	      0	      0	   1700	    6a4	clock_15xx.o (ex liblpc_chip_15xx.a)
    494	      0	      0	    494	    1ee	crc_15xx.o (ex liblpc_chip_15xx.a)
     60	      0	      0	     60	     3c	dac_15xx.o (ex liblpc_chip_15xx.a)
    294	      0	    288	    582	    246	dma_15xx.o (ex liblpc_chip_15xx.a)
    192	      0	      0	    192	     c0	eeprom.o (ex liblpc_chip_15xx.a)
    684	      0	      0	    684	    2ac	gpio_15xx.o (ex liblpc_chip_15xx.a)
     84	      0	      0	     84	     54	i2c_common_15xx.o (ex liblpc_chip_15xx.a)
    860	      0	      0	    860	    35c	i2cm_15xx.o (ex liblpc_chip_15xx.a)
    450	      0	      0	    450	    1c2	i2cs_15xx.o (ex liblpc_chip_15xx.a)
    598	      0	      0	    598	    256	iap.o (ex liblpc_chip_15xx.a)
    124	      0	      0	    124	     7c	iocon_15xx.o (ex liblpc_chip_15xx.a)
      0	      0	      0	      0	      0	pinint_15xx.o (ex liblpc_chip_15xx.a)
    300	      0	      0	    300	    12c	pmu_15xx.o (ex liblpc_chip_15xx.a)
    962	      0	      0	    962	    3c2	ring_buffer.o (ex liblpc_chip_15xx.a)
    692	      0	      0	    692	    2b4	ritimer_15xx.o (ex liblpc_chip_15xx.a)
      0	      0	      0	      0	      0	rtc_15xx.o (ex liblpc_chip_15xx.a)
    318	      0	      0	    318	    13e	sct_15xx.o (ex liblpc_chip_15xx.a)
    412	      0	      0	    412	    19c	sct_pwm_15xx.o (ex liblpc_chip_15xx.a)
    140	      0	      0	    140	     8c	sctipu_15xx.o (ex liblpc_chip_15xx.a)
   1766	      0	      0	   1766	    6e6	spi_15xx.o (ex liblpc_chip_15xx.a)
    328	      0	     12	    340	    154	stopwatch_15xx.o (ex liblpc_chip_15xx.a)
    356	      0	      0	    356	    164	swm_15xx.o (ex liblpc_chip_15xx.a)
    466	      0	      0	    466	    1d2	sysctl_15xx.o (ex liblpc_chip_15xx.a)
    420	      0	      0	    420	    1a4	sysinit_15xx.o (ex liblpc_chip_15xx.a)
   1116	      0	      0	   1116	    45c	uart_15xx.o (ex liblpc_chip_15xx.a)
    114	      0	      0	    114	     72	wwdt_15xx.o (ex liblpc_chip_15xx.a)
 
17:52:47 **** Incremental Build of configuration Debug for project FreeRTOS ****
make -r -j7 all 
make[1]: Nothing to be done for 'main-build'.
Performing post-build steps
arm-none-eabi-size "libFreeRTOS.a" ; # arm-none-eabi-objdump -h -S "libFreeRTOS.a" >"libFreeRTOS.lss"
   text	   data	    bss	    dec	    hex	filename
     82	      0	      0	     82	     52	heap_3.o (ex libFreeRTOS.a)
    598	      4	      0	    602	    25a	port.o (ex libFreeRTOS.a)
    128	      0	      0	    128	     80	FreeRTOSCommonHooks.o (ex libFreeRTOS.a)
      0	      0	      0	      0	      0	croutine.o (ex libFreeRTOS.a)
   1152	      0	      0	   1152	    480	event_groups.o (ex libFreeRTOS.a)
    350	      0	      0	    350	    15e	list.o (ex libFreeRTOS.a)
   3784	      0	     80	   3864	    f18	queue.o (ex libFreeRTOS.a)
   2304	      0	      0	   2304	    900	stream_buffer.o (ex libFreeRTOS.a)
   8302	      0	    320	   8622	   21ae	tasks.o (ex libFreeRTOS.a)
      0	      0	      0	      0	      0	timers.o (ex libFreeRTOS.a)
 
17:52:48 **** Incremental Build of configuration Debug for project lab3_01 ****
make -r -j7 all 
Building file: ../src/lab3_01.cpp
Invoking: MCU C++ Compiler
arm-none-eabi-c++ -std=c++11 -DDEBUG -D__CODE_RED -D__NEWLIB__ -DCORE_M3 -D__USE_LPCOPEN -DCPP_USE_HEAP -D__LPC15XX__ -I"/Users/DBY/Metro_SemesterV-VI/ARM-FREERTOS/Worshop/lpc_board_nxp_lpcxpresso_1549/inc" -I"/Users/DBY/Metro_SemesterV-VI/ARM-FREERTOS/Worshop/lpc_chip_15xx/inc" -I"/Users/DBY/Metro_SemesterV-VI/ARM-FREERTOS/Worshop/FreeRTOS/inc" -I"/Users/DBY/Metro_SemesterV-VI/ARM-FREERTOS/Worshop/FreeRTOS/src/include" -I"/Users/DBY/Metro_SemesterV-VI/ARM-FREERTOS/Worshop/FreeRTOS/src/portable/GCC/ARM_CM3" -O0 -fno-common -g3 -Wall -c -fmessage-length=0 -fno-builtin -ffunction-sections -fdata-sections -fno-rtti -fno-exceptions -fmerge-constants -fmacro-prefix-map="../src/"= -mcpu=cortex-m3 -mthumb -fstack-usage -MMD -MP -MF"src/lab3_01.d" -MT"src/lab3_01.o" -MT"src/lab3_01.d" -o "src/lab3_01.o" "../src/lab3_01.cpp"
Finished building: ../src/lab3_01.cpp
 
Building target: lab3_01.axf
Invoking: MCU C++ Linker
arm-none-eabi-c++ -nostdlib -L"/Users/DBY/Metro_SemesterV-VI/ARM-FREERTOS/Worshop/lpc_board_nxp_lpcxpresso_1549/Debug" -L"/Users/DBY/Metro_SemesterV-VI/ARM-FREERTOS/Worshop/lpc_chip_15xx/Debug" -L"/Users/DBY/Metro_SemesterV-VI/ARM-FREERTOS/Worshop/FreeRTOS/Debug" -Xlinker -Map="lab3_01.map" -Xlinker --cref -Xlinker --gc-sections -Xlinker -print-memory-usage -mcpu=cortex-m3 -mthumb -T "lab3_01_Debug.ld" -o "lab3_01.axf"  ./src/DigitalIoPin.o ./src/Fmutex.o ./src/LpcUart.o ./src/cr_cpp_config.o ./src/cr_startup_lpc15xx.o ./src/crp.o ./src/heap_lock_monitor.o ./src/lab3_01.o ./src/sysinit.o   -llpc_board_nxp_lpcxpresso_1549 -llpc_chip_15xx -lFreeRTOS
Memory region         Used Size  Region Size  %age Used
       MFlash256:       59396 B       256 KB     22.66%
      Ram0_16_32:        3060 B        32 KB      9.34%
          Ram2_4:          0 GB         4 KB      0.00%
Finished building target: lab3_01.axf
 
Performing post-build steps
arm-none-eabi-size "lab3_01.axf"; # arm-none-eabi-objcopy -v -O binary "lab3_01.axf" "lab3_01.bin" ; # checksum -p LPC1549 -d "lab3_01.bin";
   text	   data	    bss	    dec	    hex	filename
  56904	   2492	    568	  59964	   ea3c	lab3_01.axf
 
17:52:49 **** Incremental Build of configuration Debug for project lab3_01 ****
make -r -j7 all 
make[1]: Nothing to be done for 'main-build'.
Performing post-build steps
arm-none-eabi-size "lab3_01.axf"; # arm-none-eabi-objcopy -v -O binary "lab3_01.axf" "lab3_01.bin" ; # checksum -p LPC1549 -d "lab3_01.bin";
   text	   data	    bss	    dec	    hex	filename
  56904	   2492	    568	  59964	   ea3c	lab3_01.axf
 
17:55:14 **** Incremental Build of configuration Debug for project lpc_board_nxp_lpcxpresso_1549 ****
make -r -j7 all 
make[1]: Nothing to be done for 'main-build'.
Performing post-build steps
arm-none-eabi-size "liblpc_board_nxp_lpcxpresso_1549.a" ; # arm-none-eabi-objdump -h -S "liblpc_board_nxp_lpcxpresso_1549.a" >"liblpc_board_nxp_lpcxpresso_1549.lss"
   text	   data	    bss	    dec	    hex	filename
   1363	      0	      0	   1363	    553	board.o (ex liblpc_board_nxp_lpcxpresso_1549.a)
    574	      0	      0	    574	    23e	board_sysinit.o (ex liblpc_board_nxp_lpcxpresso_1549.a)
 
17:55:15 **** Incremental Build of configuration Debug for project lpc_chip_15xx ****
make -r -j7 all 
make[1]: Nothing to be done for 'main-build'.
Performing post-build steps
arm-none-eabi-size "liblpc_chip_15xx.a" ; # arm-none-eabi-objdump -h -S "liblpc_chip_15xx.a" >"liblpc_chip_15xx.lss"
   text	   data	    bss	    dec	    hex	filename
    610	      0	      0	    610	    262	acmp_15xx.o (ex liblpc_chip_15xx.a)
    790	      0	      0	    790	    316	adc_15xx.o (ex liblpc_chip_15xx.a)
    298	      0	      4	    302	    12e	chip_15xx.o (ex liblpc_chip_15xx.a)
   1700	      0	      0	   1700	    6a4	clock_15xx.o (ex liblpc_chip_15xx.a)
    494	      0	      0	    494	    1ee	crc_15xx.o (ex liblpc_chip_15xx.a)
     60	      0	      0	     60	     3c	dac_15xx.o (ex liblpc_chip_15xx.a)
    294	      0	    288	    582	    246	dma_15xx.o (ex liblpc_chip_15xx.a)
    192	      0	      0	    192	     c0	eeprom.o (ex liblpc_chip_15xx.a)
    684	      0	      0	    684	    2ac	gpio_15xx.o (ex liblpc_chip_15xx.a)
     84	      0	      0	     84	     54	i2c_common_15xx.o (ex liblpc_chip_15xx.a)
    860	      0	      0	    860	    35c	i2cm_15xx.o (ex liblpc_chip_15xx.a)
    450	      0	      0	    450	    1c2	i2cs_15xx.o (ex liblpc_chip_15xx.a)
    598	      0	      0	    598	    256	iap.o (ex liblpc_chip_15xx.a)
    124	      0	      0	    124	     7c	iocon_15xx.o (ex liblpc_chip_15xx.a)
      0	      0	      0	      0	      0	pinint_15xx.o (ex liblpc_chip_15xx.a)
    300	      0	      0	    300	    12c	pmu_15xx.o (ex liblpc_chip_15xx.a)
    962	      0	      0	    962	    3c2	ring_buffer.o (ex liblpc_chip_15xx.a)
    692	      0	      0	    692	    2b4	ritimer_15xx.o (ex liblpc_chip_15xx.a)
      0	      0	      0	      0	      0	rtc_15xx.o (ex liblpc_chip_15xx.a)
    318	      0	      0	    318	    13e	sct_15xx.o (ex liblpc_chip_15xx.a)
    412	      0	      0	    412	    19c	sct_pwm_15xx.o (ex liblpc_chip_15xx.a)
    140	      0	      0	    140	     8c	sctipu_15xx.o (ex liblpc_chip_15xx.a)
   1766	      0	      0	   1766	    6e6	spi_15xx.o (ex liblpc_chip_15xx.a)
    328	      0	     12	    340	    154	stopwatch_15xx.o (ex liblpc_chip_15xx.a)
    356	      0	      0	    356	    164	swm_15xx.o (ex liblpc_chip_15xx.a)
    466	      0	      0	    466	    1d2	sysctl_15xx.o (ex liblpc_chip_15xx.a)
    420	      0	      0	    420	    1a4	sysinit_15xx.o (ex liblpc_chip_15xx.a)
   1116	      0	      0	   1116	    45c	uart_15xx.o (ex liblpc_chip_15xx.a)
    114	      0	      0	    114	     72	wwdt_15xx.o (ex liblpc_chip_15xx.a)
 
17:55:15 **** Incremental Build of configuration Debug for project FreeRTOS ****
make -r -j7 all 
make[1]: Nothing to be done for 'main-build'.
Performing post-build steps
arm-none-eabi-size "libFreeRTOS.a" ; # arm-none-eabi-objdump -h -S "libFreeRTOS.a" >"libFreeRTOS.lss"
   text	   data	    bss	    dec	    hex	filename
     82	      0	      0	     82	     52	heap_3.o (ex libFreeRTOS.a)
    598	      4	      0	    602	    25a	port.o (ex libFreeRTOS.a)
    128	      0	      0	    128	     80	FreeRTOSCommonHooks.o (ex libFreeRTOS.a)
      0	      0	      0	      0	      0	croutine.o (ex libFreeRTOS.a)
   1152	      0	      0	   1152	    480	event_groups.o (ex libFreeRTOS.a)
    350	      0	      0	    350	    15e	list.o (ex libFreeRTOS.a)
   3784	      0	     80	   3864	    f18	queue.o (ex libFreeRTOS.a)
   2304	      0	      0	   2304	    900	stream_buffer.o (ex libFreeRTOS.a)
   8302	      0	    320	   8622	   21ae	tasks.o (ex libFreeRTOS.a)
      0	      0	      0	      0	      0	timers.o (ex libFreeRTOS.a)
 
17:55:15 **** Incremental Build of configuration Debug for project lab3_01 ****
make -r -j7 all 
Building file: ../src/lab3_01.cpp
Invoking: MCU C++ Compiler
arm-none-eabi-c++ -std=c++11 -DDEBUG -D__CODE_RED -D__NEWLIB__ -DCORE_M3 -D__USE_LPCOPEN -DCPP_USE_HEAP -D__LPC15XX__ -I"/Users/DBY/Metro_SemesterV-VI/ARM-FREERTOS/Worshop/lpc_board_nxp_lpcxpresso_1549/inc" -I"/Users/DBY/Metro_SemesterV-VI/ARM-FREERTOS/Worshop/lpc_chip_15xx/inc" -I"/Users/DBY/Metro_SemesterV-VI/ARM-FREERTOS/Worshop/FreeRTOS/inc" -I"/Users/DBY/Metro_SemesterV-VI/ARM-FREERTOS/Worshop/FreeRTOS/src/include" -I"/Users/DBY/Metro_SemesterV-VI/ARM-FREERTOS/Worshop/FreeRTOS/src/portable/GCC/ARM_CM3" -O0 -fno-common -g3 -Wall -c -fmessage-length=0 -fno-builtin -ffunction-sections -fdata-sections -fno-rtti -fno-exceptions -fmerge-constants -fmacro-prefix-map="../src/"= -mcpu=cortex-m3 -mthumb -fstack-usage -MMD -MP -MF"src/lab3_01.d" -MT"src/lab3_01.o" -MT"src/lab3_01.d" -o "src/lab3_01.o" "../src/lab3_01.cpp"
Finished building: ../src/lab3_01.cpp
 
Building target: lab3_01.axf
Invoking: MCU C++ Linker
arm-none-eabi-c++ -nostdlib -L"/Users/DBY/Metro_SemesterV-VI/ARM-FREERTOS/Worshop/lpc_board_nxp_lpcxpresso_1549/Debug" -L"/Users/DBY/Metro_SemesterV-VI/ARM-FREERTOS/Worshop/lpc_chip_15xx/Debug" -L"/Users/DBY/Metro_SemesterV-VI/ARM-FREERTOS/Worshop/FreeRTOS/Debug" -Xlinker -Map="lab3_01.map" -Xlinker --cref -Xlinker --gc-sections -Xlinker -print-memory-usage -mcpu=cortex-m3 -mthumb -T "lab3_01_Debug.ld" -o "lab3_01.axf"  ./src/DigitalIoPin.o ./src/Fmutex.o ./src/LpcUart.o ./src/cr_cpp_config.o ./src/cr_startup_lpc15xx.o ./src/crp.o ./src/heap_lock_monitor.o ./src/lab3_01.o ./src/sysinit.o   -llpc_board_nxp_lpcxpresso_1549 -llpc_chip_15xx -lFreeRTOS
Memory region         Used Size  Region Size  %age Used
       MFlash256:       59396 B       256 KB     22.66%
      Ram0_16_32:        3060 B        32 KB      9.34%
          Ram2_4:          0 GB         4 KB      0.00%
Finished building target: lab3_01.axf
 
Performing post-build steps
arm-none-eabi-size "lab3_01.axf"; # arm-none-eabi-objcopy -v -O binary "lab3_01.axf" "lab3_01.bin" ; # checksum -p LPC1549 -d "lab3_01.bin";
   text	   data	    bss	    dec	    hex	filename
  56904	   2492	    568	  59964	   ea3c	lab3_01.axf
 
17:55:17 **** Incremental Build of configuration Debug for project lab3_01 ****
make -r -j7 all 
make[1]: Nothing to be done for 'main-build'.
Performing post-build steps
arm-none-eabi-size "lab3_01.axf"; # arm-none-eabi-objcopy -v -O binary "lab3_01.axf" "lab3_01.bin" ; # checksum -p LPC1549 -d "lab3_01.bin";
   text	   data	    bss	    dec	    hex	filename
  56904	   2492	    568	  59964	   ea3c	lab3_01.axf
 
17:57:36 **** Incremental Build of configuration Debug for project lpc_board_nxp_lpcxpresso_1549 ****
make -r -j7 all 
make[1]: Nothing to be done for 'main-build'.
Performing post-build steps
arm-none-eabi-size "liblpc_board_nxp_lpcxpresso_1549.a" ; # arm-none-eabi-objdump -h -S "liblpc_board_nxp_lpcxpresso_1549.a" >"liblpc_board_nxp_lpcxpresso_1549.lss"
   text	   data	    bss	    dec	    hex	filename
   1363	      0	      0	   1363	    553	board.o (ex liblpc_board_nxp_lpcxpresso_1549.a)
    574	      0	      0	    574	    23e	board_sysinit.o (ex liblpc_board_nxp_lpcxpresso_1549.a)
 
17:57:36 **** Incremental Build of configuration Debug for project lpc_chip_15xx ****
make -r -j7 all 
make[1]: Nothing to be done for 'main-build'.
Performing post-build steps
arm-none-eabi-size "liblpc_chip_15xx.a" ; # arm-none-eabi-objdump -h -S "liblpc_chip_15xx.a" >"liblpc_chip_15xx.lss"
   text	   data	    bss	    dec	    hex	filename
    610	      0	      0	    610	    262	acmp_15xx.o (ex liblpc_chip_15xx.a)
    790	      0	      0	    790	    316	adc_15xx.o (ex liblpc_chip_15xx.a)
    298	      0	      4	    302	    12e	chip_15xx.o (ex liblpc_chip_15xx.a)
   1700	      0	      0	   1700	    6a4	clock_15xx.o (ex liblpc_chip_15xx.a)
    494	      0	      0	    494	    1ee	crc_15xx.o (ex liblpc_chip_15xx.a)
     60	      0	      0	     60	     3c	dac_15xx.o (ex liblpc_chip_15xx.a)
    294	      0	    288	    582	    246	dma_15xx.o (ex liblpc_chip_15xx.a)
    192	      0	      0	    192	     c0	eeprom.o (ex liblpc_chip_15xx.a)
    684	      0	      0	    684	    2ac	gpio_15xx.o (ex liblpc_chip_15xx.a)
     84	      0	      0	     84	     54	i2c_common_15xx.o (ex liblpc_chip_15xx.a)
    860	      0	      0	    860	    35c	i2cm_15xx.o (ex liblpc_chip_15xx.a)
    450	      0	      0	    450	    1c2	i2cs_15xx.o (ex liblpc_chip_15xx.a)
    598	      0	      0	    598	    256	iap.o (ex liblpc_chip_15xx.a)
    124	      0	      0	    124	     7c	iocon_15xx.o (ex liblpc_chip_15xx.a)
      0	      0	      0	      0	      0	pinint_15xx.o (ex liblpc_chip_15xx.a)
    300	      0	      0	    300	    12c	pmu_15xx.o (ex liblpc_chip_15xx.a)
    962	      0	      0	    962	    3c2	ring_buffer.o (ex liblpc_chip_15xx.a)
    692	      0	      0	    692	    2b4	ritimer_15xx.o (ex liblpc_chip_15xx.a)
      0	      0	      0	      0	      0	rtc_15xx.o (ex liblpc_chip_15xx.a)
    318	      0	      0	    318	    13e	sct_15xx.o (ex liblpc_chip_15xx.a)
    412	      0	      0	    412	    19c	sct_pwm_15xx.o (ex liblpc_chip_15xx.a)
    140	      0	      0	    140	     8c	sctipu_15xx.o (ex liblpc_chip_15xx.a)
   1766	      0	      0	   1766	    6e6	spi_15xx.o (ex liblpc_chip_15xx.a)
    328	      0	     12	    340	    154	stopwatch_15xx.o (ex liblpc_chip_15xx.a)
    356	      0	      0	    356	    164	swm_15xx.o (ex liblpc_chip_15xx.a)
    466	      0	      0	    466	    1d2	sysctl_15xx.o (ex liblpc_chip_15xx.a)
    420	      0	      0	    420	    1a4	sysinit_15xx.o (ex liblpc_chip_15xx.a)
   1116	      0	      0	   1116	    45c	uart_15xx.o (ex liblpc_chip_15xx.a)
    114	      0	      0	    114	     72	wwdt_15xx.o (ex liblpc_chip_15xx.a)
 
17:57:36 **** Incremental Build of configuration Debug for project FreeRTOS ****
make -r -j7 all 
make[1]: Nothing to be done for 'main-build'.
Performing post-build steps
arm-none-eabi-size "libFreeRTOS.a" ; # arm-none-eabi-objdump -h -S "libFreeRTOS.a" >"libFreeRTOS.lss"
   text	   data	    bss	    dec	    hex	filename
     82	      0	      0	     82	     52	heap_3.o (ex libFreeRTOS.a)
    598	      4	      0	    602	    25a	port.o (ex libFreeRTOS.a)
    128	      0	      0	    128	     80	FreeRTOSCommonHooks.o (ex libFreeRTOS.a)
      0	      0	      0	      0	      0	croutine.o (ex libFreeRTOS.a)
   1152	      0	      0	   1152	    480	event_groups.o (ex libFreeRTOS.a)
    350	      0	      0	    350	    15e	list.o (ex libFreeRTOS.a)
   3784	      0	     80	   3864	    f18	queue.o (ex libFreeRTOS.a)
   2304	      0	      0	   2304	    900	stream_buffer.o (ex libFreeRTOS.a)
   8302	      0	    320	   8622	   21ae	tasks.o (ex libFreeRTOS.a)
      0	      0	      0	      0	      0	timers.o (ex libFreeRTOS.a)
 
17:57:37 **** Incremental Build of configuration Debug for project lab3_01 ****
make -r -j7 all 
Building file: ../src/lab3_01.cpp
Invoking: MCU C++ Compiler
arm-none-eabi-c++ -std=c++11 -DDEBUG -D__CODE_RED -D__NEWLIB__ -DCORE_M3 -D__USE_LPCOPEN -DCPP_USE_HEAP -D__LPC15XX__ -I"/Users/DBY/Metro_SemesterV-VI/ARM-FREERTOS/Worshop/lpc_board_nxp_lpcxpresso_1549/inc" -I"/Users/DBY/Metro_SemesterV-VI/ARM-FREERTOS/Worshop/lpc_chip_15xx/inc" -I"/Users/DBY/Metro_SemesterV-VI/ARM-FREERTOS/Worshop/FreeRTOS/inc" -I"/Users/DBY/Metro_SemesterV-VI/ARM-FREERTOS/Worshop/FreeRTOS/src/include" -I"/Users/DBY/Metro_SemesterV-VI/ARM-FREERTOS/Worshop/FreeRTOS/src/portable/GCC/ARM_CM3" -O0 -fno-common -g3 -Wall -c -fmessage-length=0 -fno-builtin -ffunction-sections -fdata-sections -fno-rtti -fno-exceptions -fmerge-constants -fmacro-prefix-map="../src/"= -mcpu=cortex-m3 -mthumb -fstack-usage -MMD -MP -MF"src/lab3_01.d" -MT"src/lab3_01.o" -MT"src/lab3_01.d" -o "src/lab3_01.o" "../src/lab3_01.cpp"
Finished building: ../src/lab3_01.cpp
 
Building target: lab3_01.axf
Invoking: MCU C++ Linker
arm-none-eabi-c++ -nostdlib -L"/Users/DBY/Metro_SemesterV-VI/ARM-FREERTOS/Worshop/lpc_board_nxp_lpcxpresso_1549/Debug" -L"/Users/DBY/Metro_SemesterV-VI/ARM-FREERTOS/Worshop/lpc_chip_15xx/Debug" -L"/Users/DBY/Metro_SemesterV-VI/ARM-FREERTOS/Worshop/FreeRTOS/Debug" -Xlinker -Map="lab3_01.map" -Xlinker --cref -Xlinker --gc-sections -Xlinker -print-memory-usage -mcpu=cortex-m3 -mthumb -T "lab3_01_Debug.ld" -o "lab3_01.axf"  ./src/DigitalIoPin.o ./src/Fmutex.o ./src/LpcUart.o ./src/cr_cpp_config.o ./src/cr_startup_lpc15xx.o ./src/crp.o ./src/heap_lock_monitor.o ./src/lab3_01.o ./src/sysinit.o   -llpc_board_nxp_lpcxpresso_1549 -llpc_chip_15xx -lFreeRTOS
Memory region         Used Size  Region Size  %age Used
       MFlash256:       59396 B       256 KB     22.66%
      Ram0_16_32:        3060 B        32 KB      9.34%
          Ram2_4:          0 GB         4 KB      0.00%
Finished building target: lab3_01.axf
 
Performing post-build steps
arm-none-eabi-size "lab3_01.axf"; # arm-none-eabi-objcopy -v -O binary "lab3_01.axf" "lab3_01.bin" ; # checksum -p LPC1549 -d "lab3_01.bin";
   text	   data	    bss	    dec	    hex	filename
  56904	   2492	    568	  59964	   ea3c	lab3_01.axf
 
17:57:39 **** Incremental Build of configuration Debug for project lab3_01 ****
make -r -j7 all 
make[1]: Nothing to be done for 'main-build'.
Performing post-build steps
arm-none-eabi-size "lab3_01.axf"; # arm-none-eabi-objcopy -v -O binary "lab3_01.axf" "lab3_01.bin" ; # checksum -p LPC1549 -d "lab3_01.bin";
   text	   data	    bss	    dec	    hex	filename
  56904	   2492	    568	  59964	   ea3c	lab3_01.axf
 
17:59:16 **** Incremental Build of configuration Debug for project lpc_board_nxp_lpcxpresso_1549 ****
make -r -j7 all 
make[1]: Nothing to be done for 'main-build'.
Performing post-build steps
arm-none-eabi-size "liblpc_board_nxp_lpcxpresso_1549.a" ; # arm-none-eabi-objdump -h -S "liblpc_board_nxp_lpcxpresso_1549.a" >"liblpc_board_nxp_lpcxpresso_1549.lss"
   text	   data	    bss	    dec	    hex	filename
   1363	      0	      0	   1363	    553	board.o (ex liblpc_board_nxp_lpcxpresso_1549.a)
    574	      0	      0	    574	    23e	board_sysinit.o (ex liblpc_board_nxp_lpcxpresso_1549.a)
 
17:59:16 **** Incremental Build of configuration Debug for project lpc_chip_15xx ****
make -r -j7 all 
make[1]: Nothing to be done for 'main-build'.
Performing post-build steps
arm-none-eabi-size "liblpc_chip_15xx.a" ; # arm-none-eabi-objdump -h -S "liblpc_chip_15xx.a" >"liblpc_chip_15xx.lss"
   text	   data	    bss	    dec	    hex	filename
    610	      0	      0	    610	    262	acmp_15xx.o (ex liblpc_chip_15xx.a)
    790	      0	      0	    790	    316	adc_15xx.o (ex liblpc_chip_15xx.a)
    298	      0	      4	    302	    12e	chip_15xx.o (ex liblpc_chip_15xx.a)
   1700	      0	      0	   1700	    6a4	clock_15xx.o (ex liblpc_chip_15xx.a)
    494	      0	      0	    494	    1ee	crc_15xx.o (ex liblpc_chip_15xx.a)
     60	      0	      0	     60	     3c	dac_15xx.o (ex liblpc_chip_15xx.a)
    294	      0	    288	    582	    246	dma_15xx.o (ex liblpc_chip_15xx.a)
    192	      0	      0	    192	     c0	eeprom.o (ex liblpc_chip_15xx.a)
    684	      0	      0	    684	    2ac	gpio_15xx.o (ex liblpc_chip_15xx.a)
     84	      0	      0	     84	     54	i2c_common_15xx.o (ex liblpc_chip_15xx.a)
    860	      0	      0	    860	    35c	i2cm_15xx.o (ex liblpc_chip_15xx.a)
    450	      0	      0	    450	    1c2	i2cs_15xx.o (ex liblpc_chip_15xx.a)
    598	      0	      0	    598	    256	iap.o (ex liblpc_chip_15xx.a)
    124	      0	      0	    124	     7c	iocon_15xx.o (ex liblpc_chip_15xx.a)
      0	      0	      0	      0	      0	pinint_15xx.o (ex liblpc_chip_15xx.a)
    300	      0	      0	    300	    12c	pmu_15xx.o (ex liblpc_chip_15xx.a)
    962	      0	      0	    962	    3c2	ring_buffer.o (ex liblpc_chip_15xx.a)
    692	      0	      0	    692	    2b4	ritimer_15xx.o (ex liblpc_chip_15xx.a)
      0	      0	      0	      0	      0	rtc_15xx.o (ex liblpc_chip_15xx.a)
    318	      0	      0	    318	    13e	sct_15xx.o (ex liblpc_chip_15xx.a)
    412	      0	      0	    412	    19c	sct_pwm_15xx.o (ex liblpc_chip_15xx.a)
    140	      0	      0	    140	     8c	sctipu_15xx.o (ex liblpc_chip_15xx.a)
   1766	      0	      0	   1766	    6e6	spi_15xx.o (ex liblpc_chip_15xx.a)
    328	      0	     12	    340	    154	stopwatch_15xx.o (ex liblpc_chip_15xx.a)
    356	      0	      0	    356	    164	swm_15xx.o (ex liblpc_chip_15xx.a)
    466	      0	      0	    466	    1d2	sysctl_15xx.o (ex liblpc_chip_15xx.a)
    420	      0	      0	    420	    1a4	sysinit_15xx.o (ex liblpc_chip_15xx.a)
   1116	      0	      0	   1116	    45c	uart_15xx.o (ex liblpc_chip_15xx.a)
    114	      0	      0	    114	     72	wwdt_15xx.o (ex liblpc_chip_15xx.a)
 
17:59:16 **** Incremental Build of configuration Debug for project FreeRTOS ****
make -r -j7 all 
make[1]: Nothing to be done for 'main-build'.
Performing post-build steps
arm-none-eabi-size "libFreeRTOS.a" ; # arm-none-eabi-objdump -h -S "libFreeRTOS.a" >"libFreeRTOS.lss"
   text	   data	    bss	    dec	    hex	filename
     82	      0	      0	     82	     52	heap_3.o (ex libFreeRTOS.a)
    598	      4	      0	    602	    25a	port.o (ex libFreeRTOS.a)
    128	      0	      0	    128	     80	FreeRTOSCommonHooks.o (ex libFreeRTOS.a)
      0	      0	      0	      0	      0	croutine.o (ex libFreeRTOS.a)
   1152	      0	      0	   1152	    480	event_groups.o (ex libFreeRTOS.a)
    350	      0	      0	    350	    15e	list.o (ex libFreeRTOS.a)
   3784	      0	     80	   3864	    f18	queue.o (ex libFreeRTOS.a)
   2304	      0	      0	   2304	    900	stream_buffer.o (ex libFreeRTOS.a)
   8302	      0	    320	   8622	   21ae	tasks.o (ex libFreeRTOS.a)
      0	      0	      0	      0	      0	timers.o (ex libFreeRTOS.a)
 
17:59:17 **** Incremental Build of configuration Debug for project lab3_01 ****
make -r -j7 all 
Building file: ../src/lab3_01.cpp
Invoking: MCU C++ Compiler
arm-none-eabi-c++ -std=c++11 -DDEBUG -D__CODE_RED -D__NEWLIB__ -DCORE_M3 -D__USE_LPCOPEN -DCPP_USE_HEAP -D__LPC15XX__ -I"/Users/DBY/Metro_SemesterV-VI/ARM-FREERTOS/Worshop/lpc_board_nxp_lpcxpresso_1549/inc" -I"/Users/DBY/Metro_SemesterV-VI/ARM-FREERTOS/Worshop/lpc_chip_15xx/inc" -I"/Users/DBY/Metro_SemesterV-VI/ARM-FREERTOS/Worshop/FreeRTOS/inc" -I"/Users/DBY/Metro_SemesterV-VI/ARM-FREERTOS/Worshop/FreeRTOS/src/include" -I"/Users/DBY/Metro_SemesterV-VI/ARM-FREERTOS/Worshop/FreeRTOS/src/portable/GCC/ARM_CM3" -O0 -fno-common -g3 -Wall -c -fmessage-length=0 -fno-builtin -ffunction-sections -fdata-sections -fno-rtti -fno-exceptions -fmerge-constants -fmacro-prefix-map="../src/"= -mcpu=cortex-m3 -mthumb -fstack-usage -MMD -MP -MF"src/lab3_01.d" -MT"src/lab3_01.o" -MT"src/lab3_01.d" -o "src/lab3_01.o" "../src/lab3_01.cpp"
Finished building: ../src/lab3_01.cpp
 
Building target: lab3_01.axf
Invoking: MCU C++ Linker
arm-none-eabi-c++ -nostdlib -L"/Users/DBY/Metro_SemesterV-VI/ARM-FREERTOS/Worshop/lpc_board_nxp_lpcxpresso_1549/Debug" -L"/Users/DBY/Metro_SemesterV-VI/ARM-FREERTOS/Worshop/lpc_chip_15xx/Debug" -L"/Users/DBY/Metro_SemesterV-VI/ARM-FREERTOS/Worshop/FreeRTOS/Debug" -Xlinker -Map="lab3_01.map" -Xlinker --cref -Xlinker --gc-sections -Xlinker -print-memory-usage -mcpu=cortex-m3 -mthumb -T "lab3_01_Debug.ld" -o "lab3_01.axf"  ./src/DigitalIoPin.o ./src/Fmutex.o ./src/LpcUart.o ./src/cr_cpp_config.o ./src/cr_startup_lpc15xx.o ./src/crp.o ./src/heap_lock_monitor.o ./src/lab3_01.o ./src/sysinit.o   -llpc_board_nxp_lpcxpresso_1549 -llpc_chip_15xx -lFreeRTOS
Memory region         Used Size  Region Size  %age Used
       MFlash256:       59396 B       256 KB     22.66%
      Ram0_16_32:        3060 B        32 KB      9.34%
          Ram2_4:          0 GB         4 KB      0.00%
Finished building target: lab3_01.axf
 
Performing post-build steps
arm-none-eabi-size "lab3_01.axf"; # arm-none-eabi-objcopy -v -O binary "lab3_01.axf" "lab3_01.bin" ; # checksum -p LPC1549 -d "lab3_01.bin";
   text	   data	    bss	    dec	    hex	filename
  56904	   2492	    568	  59964	   ea3c	lab3_01.axf
 
17:59:18 **** Incremental Build of configuration Debug for project lab3_01 ****
make -r -j7 all 
make[1]: Nothing to be done for 'main-build'.
Performing post-build steps
arm-none-eabi-size "lab3_01.axf"; # arm-none-eabi-objcopy -v -O binary "lab3_01.axf" "lab3_01.bin" ; # checksum -p LPC1549 -d "lab3_01.bin";
   text	   data	    bss	    dec	    hex	filename
  56904	   2492	    568	  59964	   ea3c	lab3_01.axf
 
18:00:45 **** Incremental Build of configuration Debug for project lpc_board_nxp_lpcxpresso_1549 ****
make -r -j7 all 
make[1]: Nothing to be done for 'main-build'.
Performing post-build steps
arm-none-eabi-size "liblpc_board_nxp_lpcxpresso_1549.a" ; # arm-none-eabi-objdump -h -S "liblpc_board_nxp_lpcxpresso_1549.a" >"liblpc_board_nxp_lpcxpresso_1549.lss"
   text	   data	    bss	    dec	    hex	filename
   1363	      0	      0	   1363	    553	board.o (ex liblpc_board_nxp_lpcxpresso_1549.a)
    574	      0	      0	    574	    23e	board_sysinit.o (ex liblpc_board_nxp_lpcxpresso_1549.a)
 
18:00:45 **** Incremental Build of configuration Debug for project lpc_chip_15xx ****
make -r -j7 all 
make[1]: Nothing to be done for 'main-build'.
Performing post-build steps
arm-none-eabi-size "liblpc_chip_15xx.a" ; # arm-none-eabi-objdump -h -S "liblpc_chip_15xx.a" >"liblpc_chip_15xx.lss"
   text	   data	    bss	    dec	    hex	filename
    610	      0	      0	    610	    262	acmp_15xx.o (ex liblpc_chip_15xx.a)
    790	      0	      0	    790	    316	adc_15xx.o (ex liblpc_chip_15xx.a)
    298	      0	      4	    302	    12e	chip_15xx.o (ex liblpc_chip_15xx.a)
   1700	      0	      0	   1700	    6a4	clock_15xx.o (ex liblpc_chip_15xx.a)
    494	      0	      0	    494	    1ee	crc_15xx.o (ex liblpc_chip_15xx.a)
     60	      0	      0	     60	     3c	dac_15xx.o (ex liblpc_chip_15xx.a)
    294	      0	    288	    582	    246	dma_15xx.o (ex liblpc_chip_15xx.a)
    192	      0	      0	    192	     c0	eeprom.o (ex liblpc_chip_15xx.a)
    684	      0	      0	    684	    2ac	gpio_15xx.o (ex liblpc_chip_15xx.a)
     84	      0	      0	     84	     54	i2c_common_15xx.o (ex liblpc_chip_15xx.a)
    860	      0	      0	    860	    35c	i2cm_15xx.o (ex liblpc_chip_15xx.a)
    450	      0	      0	    450	    1c2	i2cs_15xx.o (ex liblpc_chip_15xx.a)
    598	      0	      0	    598	    256	iap.o (ex liblpc_chip_15xx.a)
    124	      0	      0	    124	     7c	iocon_15xx.o (ex liblpc_chip_15xx.a)
      0	      0	      0	      0	      0	pinint_15xx.o (ex liblpc_chip_15xx.a)
    300	      0	      0	    300	    12c	pmu_15xx.o (ex liblpc_chip_15xx.a)
    962	      0	      0	    962	    3c2	ring_buffer.o (ex liblpc_chip_15xx.a)
    692	      0	      0	    692	    2b4	ritimer_15xx.o (ex liblpc_chip_15xx.a)
      0	      0	      0	      0	      0	rtc_15xx.o (ex liblpc_chip_15xx.a)
    318	      0	      0	    318	    13e	sct_15xx.o (ex liblpc_chip_15xx.a)
    412	      0	      0	    412	    19c	sct_pwm_15xx.o (ex liblpc_chip_15xx.a)
    140	      0	      0	    140	     8c	sctipu_15xx.o (ex liblpc_chip_15xx.a)
   1766	      0	      0	   1766	    6e6	spi_15xx.o (ex liblpc_chip_15xx.a)
    328	      0	     12	    340	    154	stopwatch_15xx.o (ex liblpc_chip_15xx.a)
    356	      0	      0	    356	    164	swm_15xx.o (ex liblpc_chip_15xx.a)
    466	      0	      0	    466	    1d2	sysctl_15xx.o (ex liblpc_chip_15xx.a)
    420	      0	      0	    420	    1a4	sysinit_15xx.o (ex liblpc_chip_15xx.a)
   1116	      0	      0	   1116	    45c	uart_15xx.o (ex liblpc_chip_15xx.a)
    114	      0	      0	    114	     72	wwdt_15xx.o (ex liblpc_chip_15xx.a)
 
18:00:46 **** Incremental Build of configuration Debug for project FreeRTOS ****
make -r -j7 all 
make[1]: Nothing to be done for 'main-build'.
Performing post-build steps
arm-none-eabi-size "libFreeRTOS.a" ; # arm-none-eabi-objdump -h -S "libFreeRTOS.a" >"libFreeRTOS.lss"
   text	   data	    bss	    dec	    hex	filename
     82	      0	      0	     82	     52	heap_3.o (ex libFreeRTOS.a)
    598	      4	      0	    602	    25a	port.o (ex libFreeRTOS.a)
    128	      0	      0	    128	     80	FreeRTOSCommonHooks.o (ex libFreeRTOS.a)
      0	      0	      0	      0	      0	croutine.o (ex libFreeRTOS.a)
   1152	      0	      0	   1152	    480	event_groups.o (ex libFreeRTOS.a)
    350	      0	      0	    350	    15e	list.o (ex libFreeRTOS.a)
   3784	      0	     80	   3864	    f18	queue.o (ex libFreeRTOS.a)
   2304	      0	      0	   2304	    900	stream_buffer.o (ex libFreeRTOS.a)
   8302	      0	    320	   8622	   21ae	tasks.o (ex libFreeRTOS.a)
      0	      0	      0	      0	      0	timers.o (ex libFreeRTOS.a)
 
18:00:46 **** Incremental Build of configuration Debug for project lab3_01 ****
make -r -j7 all 
Building file: ../src/lab3_01.cpp
Invoking: MCU C++ Compiler
arm-none-eabi-c++ -std=c++11 -DDEBUG -D__CODE_RED -D__NEWLIB__ -DCORE_M3 -D__USE_LPCOPEN -DCPP_USE_HEAP -D__LPC15XX__ -I"/Users/DBY/Metro_SemesterV-VI/ARM-FREERTOS/Worshop/lpc_board_nxp_lpcxpresso_1549/inc" -I"/Users/DBY/Metro_SemesterV-VI/ARM-FREERTOS/Worshop/lpc_chip_15xx/inc" -I"/Users/DBY/Metro_SemesterV-VI/ARM-FREERTOS/Worshop/FreeRTOS/inc" -I"/Users/DBY/Metro_SemesterV-VI/ARM-FREERTOS/Worshop/FreeRTOS/src/include" -I"/Users/DBY/Metro_SemesterV-VI/ARM-FREERTOS/Worshop/FreeRTOS/src/portable/GCC/ARM_CM3" -O0 -fno-common -g3 -Wall -c -fmessage-length=0 -fno-builtin -ffunction-sections -fdata-sections -fno-rtti -fno-exceptions -fmerge-constants -fmacro-prefix-map="../src/"= -mcpu=cortex-m3 -mthumb -fstack-usage -MMD -MP -MF"src/lab3_01.d" -MT"src/lab3_01.o" -MT"src/lab3_01.d" -o "src/lab3_01.o" "../src/lab3_01.cpp"
Finished building: ../src/lab3_01.cpp
 
Building target: lab3_01.axf
Invoking: MCU C++ Linker
arm-none-eabi-c++ -nostdlib -L"/Users/DBY/Metro_SemesterV-VI/ARM-FREERTOS/Worshop/lpc_board_nxp_lpcxpresso_1549/Debug" -L"/Users/DBY/Metro_SemesterV-VI/ARM-FREERTOS/Worshop/lpc_chip_15xx/Debug" -L"/Users/DBY/Metro_SemesterV-VI/ARM-FREERTOS/Worshop/FreeRTOS/Debug" -Xlinker -Map="lab3_01.map" -Xlinker --cref -Xlinker --gc-sections -Xlinker -print-memory-usage -mcpu=cortex-m3 -mthumb -T "lab3_01_Debug.ld" -o "lab3_01.axf"  ./src/DigitalIoPin.o ./src/Fmutex.o ./src/LpcUart.o ./src/cr_cpp_config.o ./src/cr_startup_lpc15xx.o ./src/crp.o ./src/heap_lock_monitor.o ./src/lab3_01.o ./src/sysinit.o   -llpc_board_nxp_lpcxpresso_1549 -llpc_chip_15xx -lFreeRTOS
Memory region         Used Size  Region Size  %age Used
       MFlash256:       59396 B       256 KB     22.66%
      Ram0_16_32:        3060 B        32 KB      9.34%
          Ram2_4:          0 GB         4 KB      0.00%
Finished building target: lab3_01.axf
 
Performing post-build steps
arm-none-eabi-size "lab3_01.axf"; # arm-none-eabi-objcopy -v -O binary "lab3_01.axf" "lab3_01.bin" ; # checksum -p LPC1549 -d "lab3_01.bin";
   text	   data	    bss	    dec	    hex	filename
  56904	   2492	    568	  59964	   ea3c	lab3_01.axf
 
18:00:48 **** Incremental Build of configuration Debug for project lab3_01 ****
make -r -j7 all 
make[1]: Nothing to be done for 'main-build'.
Performing post-build steps
arm-none-eabi-size "lab3_01.axf"; # arm-none-eabi-objcopy -v -O binary "lab3_01.axf" "lab3_01.bin" ; # checksum -p LPC1549 -d "lab3_01.bin";
   text	   data	    bss	    dec	    hex	filename
  56904	   2492	    568	  59964	   ea3c	lab3_01.axf
 
18:03:21 **** Incremental Build of configuration Debug for project lpc_board_nxp_lpcxpresso_1549 ****
make -r -j7 all 
make[1]: Nothing to be done for 'main-build'.
Performing post-build steps
arm-none-eabi-size "liblpc_board_nxp_lpcxpresso_1549.a" ; # arm-none-eabi-objdump -h -S "liblpc_board_nxp_lpcxpresso_1549.a" >"liblpc_board_nxp_lpcxpresso_1549.lss"
   text	   data	    bss	    dec	    hex	filename
   1363	      0	      0	   1363	    553	board.o (ex liblpc_board_nxp_lpcxpresso_1549.a)
    574	      0	      0	    574	    23e	board_sysinit.o (ex liblpc_board_nxp_lpcxpresso_1549.a)
 
18:03:21 **** Incremental Build of configuration Debug for project lpc_chip_15xx ****
make -r -j7 all 
make[1]: Nothing to be done for 'main-build'.
Performing post-build steps
arm-none-eabi-size "liblpc_chip_15xx.a" ; # arm-none-eabi-objdump -h -S "liblpc_chip_15xx.a" >"liblpc_chip_15xx.lss"
   text	   data	    bss	    dec	    hex	filename
    610	      0	      0	    610	    262	acmp_15xx.o (ex liblpc_chip_15xx.a)
    790	      0	      0	    790	    316	adc_15xx.o (ex liblpc_chip_15xx.a)
    298	      0	      4	    302	    12e	chip_15xx.o (ex liblpc_chip_15xx.a)
   1700	      0	      0	   1700	    6a4	clock_15xx.o (ex liblpc_chip_15xx.a)
    494	      0	      0	    494	    1ee	crc_15xx.o (ex liblpc_chip_15xx.a)
     60	      0	      0	     60	     3c	dac_15xx.o (ex liblpc_chip_15xx.a)
    294	      0	    288	    582	    246	dma_15xx.o (ex liblpc_chip_15xx.a)
    192	      0	      0	    192	     c0	eeprom.o (ex liblpc_chip_15xx.a)
    684	      0	      0	    684	    2ac	gpio_15xx.o (ex liblpc_chip_15xx.a)
     84	      0	      0	     84	     54	i2c_common_15xx.o (ex liblpc_chip_15xx.a)
    860	      0	      0	    860	    35c	i2cm_15xx.o (ex liblpc_chip_15xx.a)
    450	      0	      0	    450	    1c2	i2cs_15xx.o (ex liblpc_chip_15xx.a)
    598	      0	      0	    598	    256	iap.o (ex liblpc_chip_15xx.a)
    124	      0	      0	    124	     7c	iocon_15xx.o (ex liblpc_chip_15xx.a)
      0	      0	      0	      0	      0	pinint_15xx.o (ex liblpc_chip_15xx.a)
    300	      0	      0	    300	    12c	pmu_15xx.o (ex liblpc_chip_15xx.a)
    962	      0	      0	    962	    3c2	ring_buffer.o (ex liblpc_chip_15xx.a)
    692	      0	      0	    692	    2b4	ritimer_15xx.o (ex liblpc_chip_15xx.a)
      0	      0	      0	      0	      0	rtc_15xx.o (ex liblpc_chip_15xx.a)
    318	      0	      0	    318	    13e	sct_15xx.o (ex liblpc_chip_15xx.a)
    412	      0	      0	    412	    19c	sct_pwm_15xx.o (ex liblpc_chip_15xx.a)
    140	      0	      0	    140	     8c	sctipu_15xx.o (ex liblpc_chip_15xx.a)
   1766	      0	      0	   1766	    6e6	spi_15xx.o (ex liblpc_chip_15xx.a)
    328	      0	     12	    340	    154	stopwatch_15xx.o (ex liblpc_chip_15xx.a)
    356	      0	      0	    356	    164	swm_15xx.o (ex liblpc_chip_15xx.a)
    466	      0	      0	    466	    1d2	sysctl_15xx.o (ex liblpc_chip_15xx.a)
    420	      0	      0	    420	    1a4	sysinit_15xx.o (ex liblpc_chip_15xx.a)
   1116	      0	      0	   1116	    45c	uart_15xx.o (ex liblpc_chip_15xx.a)
    114	      0	      0	    114	     72	wwdt_15xx.o (ex liblpc_chip_15xx.a)
 
18:03:22 **** Incremental Build of configuration Debug for project FreeRTOS ****
make -r -j7 all 
make[1]: Nothing to be done for 'main-build'.
Performing post-build steps
arm-none-eabi-size "libFreeRTOS.a" ; # arm-none-eabi-objdump -h -S "libFreeRTOS.a" >"libFreeRTOS.lss"
   text	   data	    bss	    dec	    hex	filename
     82	      0	      0	     82	     52	heap_3.o (ex libFreeRTOS.a)
    598	      4	      0	    602	    25a	port.o (ex libFreeRTOS.a)
    128	      0	      0	    128	     80	FreeRTOSCommonHooks.o (ex libFreeRTOS.a)
      0	      0	      0	      0	      0	croutine.o (ex libFreeRTOS.a)
   1152	      0	      0	   1152	    480	event_groups.o (ex libFreeRTOS.a)
    350	      0	      0	    350	    15e	list.o (ex libFreeRTOS.a)
   3784	      0	     80	   3864	    f18	queue.o (ex libFreeRTOS.a)
   2304	      0	      0	   2304	    900	stream_buffer.o (ex libFreeRTOS.a)
   8302	      0	    320	   8622	   21ae	tasks.o (ex libFreeRTOS.a)
      0	      0	      0	      0	      0	timers.o (ex libFreeRTOS.a)
 
18:03:22 **** Incremental Build of configuration Debug for project lab3_01 ****
make -r -j7 all 
Building file: ../src/lab3_01.cpp
Invoking: MCU C++ Compiler
arm-none-eabi-c++ -std=c++11 -DDEBUG -D__CODE_RED -D__NEWLIB__ -DCORE_M3 -D__USE_LPCOPEN -DCPP_USE_HEAP -D__LPC15XX__ -I"/Users/DBY/Metro_SemesterV-VI/ARM-FREERTOS/Worshop/lpc_board_nxp_lpcxpresso_1549/inc" -I"/Users/DBY/Metro_SemesterV-VI/ARM-FREERTOS/Worshop/lpc_chip_15xx/inc" -I"/Users/DBY/Metro_SemesterV-VI/ARM-FREERTOS/Worshop/FreeRTOS/inc" -I"/Users/DBY/Metro_SemesterV-VI/ARM-FREERTOS/Worshop/FreeRTOS/src/include" -I"/Users/DBY/Metro_SemesterV-VI/ARM-FREERTOS/Worshop/FreeRTOS/src/portable/GCC/ARM_CM3" -O0 -fno-common -g3 -Wall -c -fmessage-length=0 -fno-builtin -ffunction-sections -fdata-sections -fno-rtti -fno-exceptions -fmerge-constants -fmacro-prefix-map="../src/"= -mcpu=cortex-m3 -mthumb -fstack-usage -MMD -MP -MF"src/lab3_01.d" -MT"src/lab3_01.o" -MT"src/lab3_01.d" -o "src/lab3_01.o" "../src/lab3_01.cpp"
Finished building: ../src/lab3_01.cpp
 
Building target: lab3_01.axf
Invoking: MCU C++ Linker
arm-none-eabi-c++ -nostdlib -L"/Users/DBY/Metro_SemesterV-VI/ARM-FREERTOS/Worshop/lpc_board_nxp_lpcxpresso_1549/Debug" -L"/Users/DBY/Metro_SemesterV-VI/ARM-FREERTOS/Worshop/lpc_chip_15xx/Debug" -L"/Users/DBY/Metro_SemesterV-VI/ARM-FREERTOS/Worshop/FreeRTOS/Debug" -Xlinker -Map="lab3_01.map" -Xlinker --cref -Xlinker --gc-sections -Xlinker -print-memory-usage -mcpu=cortex-m3 -mthumb -T "lab3_01_Debug.ld" -o "lab3_01.axf"  ./src/DigitalIoPin.o ./src/Fmutex.o ./src/LpcUart.o ./src/cr_cpp_config.o ./src/cr_startup_lpc15xx.o ./src/crp.o ./src/heap_lock_monitor.o ./src/lab3_01.o ./src/sysinit.o   -llpc_board_nxp_lpcxpresso_1549 -llpc_chip_15xx -lFreeRTOS
Memory region         Used Size  Region Size  %age Used
       MFlash256:       59396 B       256 KB     22.66%
      Ram0_16_32:        3060 B        32 KB      9.34%
          Ram2_4:          0 GB         4 KB      0.00%
Finished building target: lab3_01.axf
 
Performing post-build steps
arm-none-eabi-size "lab3_01.axf"; # arm-none-eabi-objcopy -v -O binary "lab3_01.axf" "lab3_01.bin" ; # checksum -p LPC1549 -d "lab3_01.bin";
   text	   data	    bss	    dec	    hex	filename
  56904	   2492	    568	  59964	   ea3c	lab3_01.axf
 
18:03:24 **** Incremental Build of configuration Debug for project lab3_01 ****
make -r -j7 all 
make[1]: Nothing to be done for 'main-build'.
Performing post-build steps
arm-none-eabi-size "lab3_01.axf"; # arm-none-eabi-objcopy -v -O binary "lab3_01.axf" "lab3_01.bin" ; # checksum -p LPC1549 -d "lab3_01.bin";
   text	   data	    bss	    dec	    hex	filename
  56904	   2492	    568	  59964	   ea3c	lab3_01.axf
 
10:32:21 **** Clean-only build of configuration Debug for project lpc_board_nxp_lpcxpresso_1549 ****
make -r -j7 clean 
rm -rf ./src/board.d ./src/board.o ./src/board_sysinit.d ./src/board_sysinit.o
rm -rf liblpc_board_nxp_lpcxpresso_1549.a
 
10:32:21 **** Clean-only build of configuration Debug for project lpc_chip_15xx ****
make -r -j7 clean 
rm -rf ./src/acmp_15xx.d ./src/acmp_15xx.o ./src/adc_15xx.d ./src/adc_15xx.o ./src/chip_15xx.d ./src/chip_15xx.o ./src/clock_15xx.d ./src/clock_15xx.o ./src/crc_15xx.d ./src/crc_15xx.o ./src/dac_15xx.d ./src/dac_15xx.o ./src/dma_15xx.d ./src/dma_15xx.o ./src/eeprom.d ./src/eeprom.o ./src/gpio_15xx.d ./src/gpio_15xx.o ./src/i2c_common_15xx.d ./src/i2c_common_15xx.o ./src/i2cm_15xx.d ./src/i2cm_15xx.o ./src/i2cs_15xx.d ./src/i2cs_15xx.o ./src/iap.d ./src/iap.o ./src/iocon_15xx.d ./src/iocon_15xx.o ./src/pinint_15xx.d ./src/pinint_15xx.o ./src/pmu_15xx.d ./src/pmu_15xx.o ./src/ring_buffer.d ./src/ring_buffer.o ./src/ritimer_15xx.d ./src/ritimer_15xx.o ./src/rtc_15xx.d ./src/rtc_15xx.o ./src/sct_15xx.d ./src/sct_15xx.o ./src/sct_pwm_15xx.d ./src/sct_pwm_15xx.o ./src/sctipu_15xx.d ./src/sctipu_15xx.o ./src/spi_15xx.d ./src/spi_15xx.o ./src/stopwatch_15xx.d ./src/stopwatch_15xx.o ./src/swm_15xx.d ./src/swm_15xx.o ./src/sysctl_15xx.d ./src/sysctl_15xx.o ./src/sysinit_15xx.d ./src/sysinit_15xx.o ./src/uart_15xx.d ./src/uart_15xx.o ./src/wwdt_15xx.d ./src/wwdt_15xx.o
rm -rf liblpc_chip_15xx.a
 
10:32:21 **** Clean-only build of configuration Debug for project FreeRTOS ****
make -r -j7 clean 
rm -rf ./src/portable/MemMang/heap_3.d ./src/portable/MemMang/heap_3.o
rm -rf ./src/portable/GCC/ARM_CM3/port.d ./src/portable/GCC/ARM_CM3/port.o
[...]
Invoking: MCU C Compiler
arm-none-eabi-gcc -DDEBUG -D__CODE_RED -DCORE_M3 -D__USE_LPCOPEN -D__LPC15XX__ -D__NEWLIB__ -I"/Users/DBY/Metro_SemesterV-VI/ARM-FREERTOS/Worshop/FreeRTOS/inc" -I"/Users/DBY/Metro_SemesterV-VI/ARM-FREERTOS/Worshop/lpc_board_nxp_lpcxpresso_1549/inc" -I"/Users/DBY/Metro_SemesterV-VI/ARM-FREERTOS/Worshop/lpc_chip_15xx/inc" -I"/Users/DBY/Metro_SemesterV-VI/ARM-FREERTOS/Worshop/FreeRTOS/src/include" -I"/Users/DBY/Metro_SemesterV-VI/ARM-FREERTOS/Worshop/FreeRTOS/src/portable/GCC/ARM_CM3" -O0 -fno-common -g3 -Wall -c -fmessage-length=0 -fno-builtin -ffunction-sections -fdata-sections -fmerge-constants -fmacro-prefix-map="../src/portable/GCC/ARM_CM3/"= -mcpu=cortex-m3 -mthumb -D__NEWLIB__ -fstack-usage -MMD -MP -MF"src/portable/GCC/ARM_CM3/port.d" -MT"src/portable/GCC/ARM_CM3/port.o" -MT"src/portable/GCC/ARM_CM3/port.d" -o "src/portable/GCC/ARM_CM3/port.o" "../src/portable/GCC/ARM_CM3/port.c"
Building file: ../src/queue.c
arm-none-eabi-gcc -DDEBUG -D__CODE_RED -DCORE_M3 -D__USE_LPCOPEN -D__LPC15XX__ -D__NEWLIB__ -I"/Users/DBY/Metro_SemesterV-VI/ARM-FREERTOS/Worshop/FreeRTOS/inc" -I"/Users/DBY/Metro_SemesterV-VI/ARM-FREERTOS/Worshop/lpc_board_nxp_lpcxpresso_1549/inc" -I"/Users/DBY/Metro_SemesterV-VI/ARM-FREERTOS/Worshop/lpc_chip_15xx/inc" -I"/Users/DBY/Metro_SemesterV-VI/ARM-FREERTOS/Worshop/FreeRTOS/src/include" -I"/Users/DBY/Metro_SemesterV-VI/ARM-FREERTOS/Worshop/FreeRTOS/src/portable/GCC/ARM_CM3" -O0 -fno-common -g3 -Wall -c -fmessage-length=0 -fno-builtin -ffunction-sections -fdata-sections -fmerge-constants -fmacro-prefix-map="../src/"= -mcpu=cortex-m3 -mthumb -D__NEWLIB__ -fstack-usage -MMD -MP -MF"src/FreeRTOSCommonHooks.d" -MT"src/FreeRTOSCommonHooks.o" -MT"src/FreeRTOSCommonHooks.d" -o "src/FreeRTOSCommonHooks.o" "../src/FreeRTOSCommonHooks.c"
Invoking: MCU C Compiler
Invoking: MCU C Compiler
arm-none-eabi-gcc -DDEBUG -D__CODE_RED -DCORE_M3 -D__USE_LPCOPEN -D__LPC15XX__ -D__NEWLIB__ -I"/Users/DBY/Metro_SemesterV-VI/ARM-FREERTOS/Worshop/FreeRTOS/inc" -I"/Users/DBY/Metro_SemesterV-VI/ARM-FREERTOS/Worshop/lpc_board_nxp_lpcxpresso_1549/inc" -I"/Users/DBY/Metro_SemesterV-VI/ARM-FREERTOS/Worshop/lpc_chip_15xx/inc" -I"/Users/DBY/Metro_SemesterV-VI/ARM-FREERTOS/Worshop/FreeRTOS/src/include" -I"/Users/DBY/Metro_SemesterV-VI/ARM-FREERTOS/Worshop/FreeRTOS/src/portable/GCC/ARM_CM3" -O0 -fno-common -g3 -Wall -c -fmessage-length=0 -fno-builtin -ffunction-sections -fdata-sections -fmerge-constants -fmacro-prefix-map="../src/"= -mcpu=cortex-m3 -mthumb -D__NEWLIB__ -fstack-usage -MMD -MP -MF"src/croutine.d" -MT"src/croutine.o" -MT"src/croutine.d" -o "src/croutine.o" "../src/croutine.c"
Invoking: MCU C Compiler
arm-none-eabi-gcc -DDEBUG -D__CODE_RED -DCORE_M3 -D__USE_LPCOPEN -D__LPC15XX__ -D__NEWLIB__ -I"/Users/DBY/Metro_SemesterV-VI/ARM-FREERTOS/Worshop/FreeRTOS/inc" -I"/Users/DBY/Metro_SemesterV-VI/ARM-FREERTOS/Worshop/lpc_board_nxp_lpcxpresso_1549/inc" -I"/Users/DBY/Metro_SemesterV-VI/ARM-FREERTOS/Worshop/lpc_chip_15xx/inc" -I"/Users/DBY/Metro_SemesterV-VI/ARM-FREERTOS/Worshop/FreeRTOS/src/include" -I"/Users/DBY/Metro_SemesterV-VI/ARM-FREERTOS/Worshop/FreeRTOS/src/portable/GCC/ARM_CM3" -O0 -fno-common -g3 -Wall -c -fmessage-length=0 -fno-builtin -ffunction-sections -fdata-sections -fmerge-constants -fmacro-prefix-map="../src/"= -mcpu=cortex-m3 -mthumb -D__NEWLIB__ -fstack-usage -MMD -MP -MF"src/list.d" -MT"src/list.o" -MT"src/list.d" -o "src/list.o" "../src/list.c"
arm-none-eabi-gcc -DDEBUG -D__CODE_RED -DCORE_M3 -D__USE_LPCOPEN -D__LPC15XX__ -D__NEWLIB__ -I"/Users/DBY/Metro_SemesterV-VI/ARM-FREERTOS/Worshop/FreeRTOS/inc" -I"/Users/DBY/Metro_SemesterV-VI/ARM-FREERTOS/Worshop/lpc_board_nxp_lpcxpresso_1549/inc" -I"/Users/DBY/Metro_SemesterV-VI/ARM-FREERTOS/Worshop/lpc_chip_15xx/inc" -I"/Users/DBY/Metro_SemesterV-VI/ARM-FREERTOS/Worshop/FreeRTOS/src/include" -I"/Users/DBY/Metro_SemesterV-VI/ARM-FREERTOS/Worshop/FreeRTOS/src/portable/GCC/ARM_CM3" -O0 -fno-common -g3 -Wall -c -fmessage-length=0 -fno-builtin -ffunction-sections -fdata-sections -fmerge-constants -fmacro-prefix-map="../src/"= -mcpu=cortex-m3 -mthumb -D__NEWLIB__ -fstack-usage -MMD -MP -MF"src/event_groups.d" -MT"src/event_groups.o" -MT"src/event_groups.d" -o "src/event_groups.o" "../src/event_groups.c"
Invoking: MCU C Compiler
arm-none-eabi-gcc -DDEBUG -D__CODE_RED -DCORE_M3 -D__USE_LPCOPEN -D__LPC15XX__ -D__NEWLIB__ -I"/Users/DBY/Metro_SemesterV-VI/ARM-FREERTOS/Worshop/FreeRTOS/inc" -I"/Users/DBY/Metro_SemesterV-VI/ARM-FREERTOS/Worshop/lpc_board_nxp_lpcxpresso_1549/inc" -I"/Users/DBY/Metro_SemesterV-VI/ARM-FREERTOS/Worshop/lpc_chip_15xx/inc" -I"/Users/DBY/Metro_SemesterV-VI/ARM-FREERTOS/Worshop/FreeRTOS/src/include" -I"/Users/DBY/Metro_SemesterV-VI/ARM-FREERTOS/Worshop/FreeRTOS/src/portable/GCC/ARM_CM3" -O0 -fno-common -g3 -Wall -c -fmessage-length=0 -fno-builtin -ffunction-sections -fdata-sections -fmerge-constants -fmacro-prefix-map="../src/"= -mcpu=cortex-m3 -mthumb -D__NEWLIB__ -fstack-usage -MMD -MP -MF"src/queue.d" -MT"src/queue.o" -MT"src/queue.d" -o "src/queue.o" "../src/queue.c"
Finished building: ../src/portable/MemMang/heap_3.c
Finished building: ../src/FreeRTOSCommonHooks.c
Finished building: ../src/croutine.c
 
Finished building: ../src/portable/GCC/ARM_CM3/port.c
 
 
Finished building: ../src/list.c
Building file: ../src/stream_buffer.c
 
Building file: ../src/tasks.c
 
Invoking: MCU C Compiler
arm-none-eabi-gcc -DDEBUG -D__CODE_RED -DCORE_M3 -D__USE_LPCOPEN -D__LPC15XX__ -D__NEWLIB__ -I"/Users/DBY/Metro_SemesterV-VI/ARM-FREERTOS/Worshop/FreeRTOS/inc" -I"/Users/DBY/Metro_SemesterV-VI/ARM-FREERTOS/Worshop/lpc_board_nxp_lpcxpresso_1549/inc" -I"/Users/DBY/Metro_SemesterV-VI/ARM-FREERTOS/Worshop/lpc_chip_15xx/inc" -I"/Users/DBY/Metro_SemesterV-VI/ARM-FREERTOS/Worshop/FreeRTOS/src/include" -I"/Users/DBY/Metro_SemesterV-VI/ARM-FREERTOS/Worshop/FreeRTOS/src/portable/GCC/ARM_CM3" -O0 -fno-common -g3 -Wall -c -fmessage-length=0 -fno-builtin -ffunction-sections -fdata-sections -fmerge-constants -fmacro-prefix-map="../src/"= -mcpu=cortex-m3 -mthumb -D__NEWLIB__ -fstack-usage -MMD -MP -MF"src/stream_buffer.d" -MT"src/stream_buffer.o" -MT"src/stream_buffer.d" -o "src/stream_buffer.o" "../src/stream_buffer.c"
Building file: ../src/timers.c
Invoking: MCU C Compiler
arm-none-eabi-gcc -DDEBUG -D__CODE_RED -DCORE_M3 -D__USE_LPCOPEN -D__LPC15XX__ -D__NEWLIB__ -I"/Users/DBY/Metro_SemesterV-VI/ARM-FREERTOS/Worshop/FreeRTOS/inc" -I"/Users/DBY/Metro_SemesterV-VI/ARM-FREERTOS/Worshop/lpc_board_nxp_lpcxpresso_1549/inc" -I"/Users/DBY/Metro_SemesterV-VI/ARM-FREERTOS/Worshop/lpc_chip_15xx/inc" -I"/Users/DBY/Metro_SemesterV-VI/ARM-FREERTOS/Worshop/FreeRTOS/src/include" -I"/Users/DBY/Metro_SemesterV-VI/ARM-FREERTOS/Worshop/FreeRTOS/src/portable/GCC/ARM_CM3" -O0 -fno-common -g3 -Wall -c -fmessage-length=0 -fno-builtin -ffunction-sections -fdata-sections -fmerge-constants -fmacro-prefix-map="../src/"= -mcpu=cortex-m3 -mthumb -D__NEWLIB__ -fstack-usage -MMD -MP -MF"src/tasks.d" -MT"src/tasks.o" -MT"src/tasks.d" -o "src/tasks.o" "../src/tasks.c"
Invoking: MCU C Compiler
arm-none-eabi-gcc -DDEBUG -D__CODE_RED -DCORE_M3 -D__USE_LPCOPEN -D__LPC15XX__ -D__NEWLIB__ -I"/Users/DBY/Metro_SemesterV-VI/ARM-FREERTOS/Worshop/FreeRTOS/inc" -I"/Users/DBY/Metro_SemesterV-VI/ARM-FREERTOS/Worshop/lpc_board_nxp_lpcxpresso_1549/inc" -I"/Users/DBY/Metro_SemesterV-VI/ARM-FREERTOS/Worshop/lpc_chip_15xx/inc" -I"/Users/DBY/Metro_SemesterV-VI/ARM-FREERTOS/Worshop/FreeRTOS/src/include" -I"/Users/DBY/Metro_SemesterV-VI/ARM-FREERTOS/Worshop/FreeRTOS/src/portable/GCC/ARM_CM3" -O0 -fno-common -g3 -Wall -c -fmessage-length=0 -fno-builtin -ffunction-sections -fdata-sections -fmerge-constants -fmacro-prefix-map="../src/"= -mcpu=cortex-m3 -mthumb -D__NEWLIB__ -fstack-usage -MMD -MP -MF"src/timers.d" -MT"src/timers.o" -MT"src/timers.d" -o "src/timers.o" "../src/timers.c"
Finished building: ../src/event_groups.c
 
Finished building: ../src/queue.c
 
Finished building: ../src/timers.c
 
Finished building: ../src/stream_buffer.c
 
Finished building: ../src/tasks.c
 
Building target: libFreeRTOS.a
Invoking: MCU Archiver
arm-none-eabi-ar -r  "libFreeRTOS.a"  ./src/portable/MemMang/heap_3.o  ./src/portable/GCC/ARM_CM3/port.o  ./src/FreeRTOSCommonHooks.o ./src/croutine.o ./src/event_groups.o ./src/list.o ./src/queue.o ./src/stream_buffer.o ./src/tasks.o ./src/timers.o   
arm-none-eabi-ar: creating libFreeRTOS.a
Finished building target: libFreeRTOS.a
 
Performing post-build steps
arm-none-eabi-size "libFreeRTOS.a" ; # arm-none-eabi-objdump -h -S "libFreeRTOS.a" >"libFreeRTOS.lss"
   text	   data	    bss	    dec	    hex	filename
     82	      0	      0	     82	     52	heap_3.o (ex libFreeRTOS.a)
    598	      4	      0	    602	    25a	port.o (ex libFreeRTOS.a)
    128	      0	      0	    128	     80	FreeRTOSCommonHooks.o (ex libFreeRTOS.a)
      0	      0	      0	      0	      0	croutine.o (ex libFreeRTOS.a)
   1152	      0	      0	   1152	    480	event_groups.o (ex libFreeRTOS.a)
    350	      0	      0	    350	    15e	list.o (ex libFreeRTOS.a)
   3784	      0	     80	   3864	    f18	queue.o (ex libFreeRTOS.a)
   2304	      0	      0	   2304	    900	stream_buffer.o (ex libFreeRTOS.a)
   8302	      0	    320	   8622	   21ae	tasks.o (ex libFreeRTOS.a)
      0	      0	      0	      0	      0	timers.o (ex libFreeRTOS.a)
 
10:32:32 **** Build of configuration Debug for project lab3_01 ****
make -r -j7 all 
Building file: ../src/DigitalIoPin.cpp
Building file: ../src/Fmutex.cpp
Building file: ../src/LpcUart.cpp
Building file: ../src/cr_cpp_config.cpp
Building file: ../src/cr_startup_lpc15xx.cpp
Building file: ../src/crp.c
Invoking: MCU C++ Compiler
Invoking: MCU C++ Compiler
arm-none-eabi-c++ -std=c++11 -DDEBUG -D__CODE_RED -D__NEWLIB__ -DCORE_M3 -D__USE_LPCOPEN -DCPP_USE_HEAP -D__LPC15XX__ -I"/Users/DBY/Metro_SemesterV-VI/ARM-FREERTOS/Worshop/lpc_board_nxp_lpcxpresso_1549/inc" -I"/Users/DBY/Metro_SemesterV-VI/ARM-FREERTOS/Worshop/lpc_chip_15xx/inc" -I"/Users/DBY/Metro_SemesterV-VI/ARM-FREERTOS/Worshop/FreeRTOS/inc" -I"/Users/DBY/Metro_SemesterV-VI/ARM-FREERTOS/Worshop/FreeRTOS/src/include" -I"/Users/DBY/Metro_SemesterV-VI/ARM-FREERTOS/Worshop/FreeRTOS/src/portable/GCC/ARM_CM3" -O0 -fno-common -g3 -Wall -c -fmessage-length=0 -fno-builtin -ffunction-sections -fdata-sections -fno-rtti -fno-exceptions -fmerge-constants -fmacro-prefix-map="../src/"= -mcpu=cortex-m3 -mthumb -fstack-usage -MMD -MP -MF"src/DigitalIoPin.d" -MT"src/DigitalIoPin.o" -MT"src/DigitalIoPin.d" -o "src/DigitalIoPin.o" "../src/DigitalIoPin.cpp"
Invoking: MCU C++ Compiler
arm-none-eabi-c++ -std=c++11 -DDEBUG -D__CODE_RED -D__NEWLIB__ -DCORE_M3 -D__USE_LPCOPEN -DCPP_USE_HEAP -D__LPC15XX__ -I"/Users/DBY/Metro_SemesterV-VI/ARM-FREERTOS/Worshop/lpc_board_nxp_lpcxpresso_1549/inc" -I"/Users/DBY/Metro_SemesterV-VI/ARM-FREERTOS/Worshop/lpc_chip_15xx/inc" -I"/Users/DBY/Metro_SemesterV-VI/ARM-FREERTOS/Worshop/FreeRTOS/inc" -I"/Users/DBY/Metro_SemesterV-VI/ARM-FREERTOS/Worshop/FreeRTOS/src/include" -I"/Users/DBY/Metro_SemesterV-VI/ARM-FREERTOS/Worshop/FreeRTOS/src/portable/GCC/ARM_CM3" -O0 -fno-common -g3 -Wall -c -fmessage-length=0 -fno-builtin -ffunction-sections -fdata-sections -fno-rtti -fno-exceptions -fmerge-constants -fmacro-prefix-map="../src/"= -mcpu=cortex-m3 -mthumb -fstack-usage -MMD -MP -MF"src/Fmutex.d" -MT"src/Fmutex.o" -MT"src/Fmutex.d" -o "src/Fmutex.o" "../src/Fmutex.cpp"
Invoking: MCU C++ Compiler
arm-none-eabi-c++ -std=c++11 -DDEBUG -D__CODE_RED -D__NEWLIB__ -DCORE_M3 -D__USE_LPCOPEN -DCPP_USE_HEAP -D__LPC15XX__ -I"/Users/DBY/Metro_SemesterV-VI/ARM-FREERTOS/Worshop/lpc_board_nxp_lpcxpresso_1549/inc" -I"/Users/DBY/Metro_SemesterV-VI/ARM-FREERTOS/Worshop/lpc_chip_15xx/inc" -I"/Users/DBY/Metro_SemesterV-VI/ARM-FREERTOS/Worshop/FreeRTOS/inc" -I"/Users/DBY/Metro_SemesterV-VI/ARM-FREERTOS/Worshop/FreeRTOS/src/include" -I"/Users/DBY/Metro_SemesterV-VI/ARM-FREERTOS/Worshop/FreeRTOS/src/portable/GCC/ARM_CM3" -O0 -fno-common -g3 -Wall -c -fmessage-length=0 -fno-builtin -ffunction-sections -fdata-sections -fno-rtti -fno-exceptions -fmerge-constants -fmacro-prefix-map="../src/"= -mcpu=cortex-m3 -mthumb -fstack-usage -MMD -MP -MF"src/LpcUart.d" -MT"src/LpcUart.o" -MT"src/LpcUart.d" -o "src/LpcUart.o" "../src/LpcUart.cpp"
Building file: ../src/heap_lock_monitor.c
arm-none-eabi-c++ -std=c++11 -DDEBUG -D__CODE_RED -D__NEWLIB__ -DCORE_M3 -D__USE_LPCOPEN -DCPP_USE_HEAP -D__LPC15XX__ -I"/Users/DBY/Metro_SemesterV-VI/ARM-FREERTOS/Worshop/lpc_board_nxp_lpcxpresso_1549/inc" -I"/Users/DBY/Metro_SemesterV-VI/ARM-FREERTOS/Worshop/lpc_chip_15xx/inc" -I"/Users/DBY/Metro_SemesterV-VI/ARM-FREERTOS/Worshop/FreeRTOS/inc" -I"/Users/DBY/Metro_SemesterV-VI/ARM-FREERTOS/Worshop/FreeRTOS/src/include" -I"/Users/DBY/Metro_SemesterV-VI/ARM-FREERTOS/Worshop/FreeRTOS/src/portable/GCC/ARM_CM3" -O0 -fno-common -g3 -Wall -c -fmessage-length=0 -fno-builtin -ffunction-sections -fdata-sections -fno-rtti -fno-exceptions -fmerge-constants -fmacro-prefix-map="../src/"= -mcpu=cortex-m3 -mthumb -fstack-usage -MMD -MP -MF"src/cr_cpp_config.d" -MT"src/cr_cpp_config.o" -MT"src/cr_cpp_config.d" -o "src/cr_cpp_config.o" "../src/cr_cpp_config.cpp"
Invoking: MCU C++ Compiler
arm-none-eabi-c++ -std=c++11 -DDEBUG -D__CODE_RED -D__NEWLIB__ -DCORE_M3 -D__USE_LPCOPEN -DCPP_USE_HEAP -D__LPC15XX__ -I"/Users/DBY/Metro_SemesterV-VI/ARM-FREERTOS/Worshop/lpc_board_nxp_lpcxpresso_1549/inc" -I"/Users/DBY/Metro_SemesterV-VI/ARM-FREERTOS/Worshop/lpc_chip_15xx/inc" -I"/Users/DBY/Metro_SemesterV-VI/ARM-FREERTOS/Worshop/FreeRTOS/inc" -I"/Users/DBY/Metro_SemesterV-VI/ARM-FREERTOS/Worshop/FreeRTOS/src/include" -I"/Users/DBY/Metro_SemesterV-VI/ARM-FREERTOS/Worshop/FreeRTOS/src/portable/GCC/ARM_CM3" -O0 -fno-common -g3 -Wall -c -fmessage-length=0 -fno-builtin -ffunction-sections -fdata-sections -fno-rtti -fno-exceptions -fmerge-constants -fmacro-prefix-map="../src/"= -mcpu=cortex-m3 -mthumb -fstack-usage -MMD -MP -MF"src/cr_startup_lpc15xx.d" -MT"src/cr_startup_lpc15xx.o" -MT"src/cr_startup_lpc15xx.d" -o "src/cr_startup_lpc15xx.o" "../src/cr_startup_lpc15xx.cpp"
Invoking: MCU C Compiler
arm-none-eabi-gcc -std=c11 -DDEBUG -D__CODE_RED -D__NEWLIB__ -DCORE_M3 -D__USE_LPCOPEN -DCPP_USE_HEAP -D__LPC15XX__ -I"/Users/DBY/Metro_SemesterV-VI/ARM-FREERTOS/Worshop/lpc_board_nxp_lpcxpresso_1549/inc" -I"/Users/DBY/Metro_SemesterV-VI/ARM-FREERTOS/Worshop/lpc_chip_15xx/inc" -I"/Users/DBY/Metro_SemesterV-VI/ARM-FREERTOS/Worshop/FreeRTOS/inc" -I"/Users/DBY/Metro_SemesterV-VI/ARM-FREERTOS/Worshop/FreeRTOS/src/include" -I"/Users/DBY/Metro_SemesterV-VI/ARM-FREERTOS/Worshop/FreeRTOS/src/portable/GCC/ARM_CM3" -O0 -fno-common -g3 -Wall -c -fmessage-length=0 -fno-builtin -ffunction-sections -fdata-sections -fmerge-constants -fmacro-prefix-map="../src/"= -mcpu=cortex-m3 -mthumb -fstack-usage -MMD -MP -MF"src/crp.d" -MT"src/crp.o" -MT"src/crp.d" -o "src/crp.o" "../src/crp.c"
Invoking: MCU C Compiler
arm-none-eabi-gcc -std=c11 -DDEBUG -D__CODE_RED -D__NEWLIB__ -DCORE_M3 -D__USE_LPCOPEN -DCPP_USE_HEAP -D__LPC15XX__ -I"/Users/DBY/Metro_SemesterV-VI/ARM-FREERTOS/Worshop/lpc_board_nxp_lpcxpresso_1549/inc" -I"/Users/DBY/Metro_SemesterV-VI/ARM-FREERTOS/Worshop/lpc_chip_15xx/inc" -I"/Users/DBY/Metro_SemesterV-VI/ARM-FREERTOS/Worshop/FreeRTOS/inc" -I"/Users/DBY/Metro_SemesterV-VI/ARM-FREERTOS/Worshop/FreeRTOS/src/include" -I"/Users/DBY/Metro_SemesterV-VI/ARM-FREERTOS/Worshop/FreeRTOS/src/portable/GCC/ARM_CM3" -O0 -fno-common -g3 -Wall -c -fmessage-length=0 -fno-builtin -ffunction-sections -fdata-sections -fmerge-constants -fmacro-prefix-map="../src/"= -mcpu=cortex-m3 -mthumb -fstack-usage -MMD -MP -MF"src/heap_lock_monitor.d" -MT"src/heap_lock_monitor.o" -MT"src/heap_lock_monitor.d" -o "src/heap_lock_monitor.o" "../src/heap_lock_monitor.c"
Finished building: ../src/crp.c
 
Building file: ../src/lab3_01.cpp
Invoking: MCU C++ Compiler
arm-none-eabi-c++ -std=c++11 -DDEBUG -D__CODE_RED -D__NEWLIB__ -DCORE_M3 -D__USE_LPCOPEN -DCPP_USE_HEAP -D__LPC15XX__ -I"/Users/DBY/Metro_SemesterV-VI/ARM-FREERTOS/Worshop/lpc_board_nxp_lpcxpresso_1549/inc" -I"/Users/DBY/Metro_SemesterV-VI/ARM-FREERTOS/Worshop/lpc_chip_15xx/inc" -I"/Users/DBY/Metro_SemesterV-VI/ARM-FREERTOS/Worshop/FreeRTOS/inc" -I"/Users/DBY/Metro_SemesterV-VI/ARM-FREERTOS/Worshop/FreeRTOS/src/include" -I"/Users/DBY/Metro_SemesterV-VI/ARM-FREERTOS/Worshop/FreeRTOS/src/portable/GCC/ARM_CM3" -O0 -fno-common -g3 -Wall -c -fmessage-length=0 -fno-builtin -ffunction-sections -fdata-sections -fno-rtti -fno-exceptions -fmerge-constants -fmacro-prefix-map="../src/"= -mcpu=cortex-m3 -mthumb -fstack-usage -MMD -MP -MF"src/lab3_01.d" -MT"src/lab3_01.o" -MT"src/lab3_01.d" -o "src/lab3_01.o" "../src/lab3_01.cpp"
Finished building: ../src/heap_lock_monitor.c
 
Building file: ../src/sysinit.c
Invoking: MCU C Compiler
arm-none-eabi-gcc -std=c11 -DDEBUG -D__CODE_RED -D__NEWLIB__ -DCORE_M3 -D__USE_LPCOPEN -DCPP_USE_HEAP -D__LPC15XX__ -I"/Users/DBY/Metro_SemesterV-VI/ARM-FREERTOS/Worshop/lpc_board_nxp_lpcxpresso_1549/inc" -I"/Users/DBY/Metro_SemesterV-VI/ARM-FREERTOS/Worshop/lpc_chip_15xx/inc" -I"/Users/DBY/Metro_SemesterV-VI/ARM-FREERTOS/Worshop/FreeRTOS/inc" -I"/Users/DBY/Metro_SemesterV-VI/ARM-FREERTOS/Worshop/FreeRTOS/src/include" -I"/Users/DBY/Metro_SemesterV-VI/ARM-FREERTOS/Worshop/FreeRTOS/src/portable/GCC/ARM_CM3" -O0 -fno-common -g3 -Wall -c -fmessage-length=0 -fno-builtin -ffunction-sections -fdata-sections -fmerge-constants -fmacro-prefix-map="../src/"= -mcpu=cortex-m3 -mthumb -fstack-usage -MMD -MP -MF"src/sysinit.d" -MT"src/sysinit.o" -MT"src/sysinit.d" -o "src/sysinit.o" "../src/sysinit.c"
Finished building: ../src/sysinit.c
 
Finished building: ../src/cr_startup_lpc15xx.cpp
Finished building: ../src/cr_cpp_config.cpp
 
 
Finished building: ../src/DigitalIoPin.cpp
 
Finished building: ../src/Fmutex.cpp
 
Finished building: ../src/lab3_01.cpp
 
Finished building: ../src/LpcUart.cpp
 
Building target: lab3_01.axf
Invoking: MCU C++ Linker
arm-none-eabi-c++ -nostdlib -L"/Users/DBY/Metro_SemesterV-VI/ARM-FREERTOS/Worshop/lpc_board_nxp_lpcxpresso_1549/Debug" -L"/Users/DBY/Metro_SemesterV-VI/ARM-FREERTOS/Worshop/lpc_chip_15xx/Debug" -L"/Users/DBY/Metro_SemesterV-VI/ARM-FREERTOS/Worshop/FreeRTOS/Debug" -Xlinker -Map="lab3_01.map" -Xlinker --cref -Xlinker --gc-sections -Xlinker -print-memory-usage -mcpu=cortex-m3 -mthumb -T "lab3_01_Debug.ld" -o "lab3_01.axf"  ./src/DigitalIoPin.o ./src/Fmutex.o ./src/LpcUart.o ./src/cr_cpp_config.o ./src/cr_startup_lpc15xx.o ./src/crp.o ./src/heap_lock_monitor.o ./src/lab3_01.o ./src/sysinit.o   -llpc_board_nxp_lpcxpresso_1549 -llpc_chip_15xx -lFreeRTOS
Memory region         Used Size  Region Size  %age Used
       MFlash256:       59428 B       256 KB     22.67%
         Ram0_16:        3060 B        16 KB     18.68%
         Ram1_16:          0 GB        16 KB      0.00%
          Ram2_4:          0 GB         4 KB      0.00%
Finished building target: lab3_01.axf
 
Performing post-build steps
arm-none-eabi-size "lab3_01.axf"; # arm-none-eabi-objcopy -v -O binary "lab3_01.axf" "lab3_01.bin" ; # checksum -p LPC1549 -d "lab3_01.bin";
   text	   data	    bss	    dec	    hex	filename
  56936	   2492	    568	  59996	   ea5c	lab3_01.axf
 
10:32:34 **** Incremental Build of configuration Debug for project lab3_01 ****
make -r -j7 all 
make[1]: Nothing to be done for 'main-build'.
Performing post-build steps
arm-none-eabi-size "lab3_01.axf"; # arm-none-eabi-objcopy -v -O binary "lab3_01.axf" "lab3_01.bin" ; # checksum -p LPC1549 -d "lab3_01.bin";
   text	   data	    bss	    dec	    hex	filename
  56936	   2492	    568	  59996	   ea5c	lab3_01.axf
 
10:35:09 **** Incremental Build of configuration Debug for project lab3_01 ****
make -r -j7 all 
make[1]: Nothing to be done for 'main-build'.
Performing post-build steps
arm-none-eabi-size "lab3_01.axf"; # arm-none-eabi-objcopy -v -O binary "lab3_01.axf" "lab3_01.bin" ; # checksum -p LPC1549 -d "lab3_01.bin";
   text	   data	    bss	    dec	    hex	filename
  56936	   2492	    568	  59996	   ea5c	lab3_01.axf
 
