23:51:14 **** Incremental Build of configuration Debug for project lab_01 ****
make -r -j7 all 
Building file: ../src/cr_cpp_config.cpp
Building file: ../src/cr_startup_lpc15xx.cpp
Building file: ../src/crp.c
Building file: ../src/heap_lock_monitor.c
Building file: ../src/lab_01.cpp
Building file: ../src/sysinit.c
Invoking: MCU C++ Compiler
arm-none-eabi-c++ -std=c++11 -DDEBUG -D__CODE_RED -D__NEWLIB__ -DCORE_M3 -D__USE_LPCOPEN -DCPP_USE_HEAP -D__LPC15XX__ -I"/Users/DBY/Metro_SemesterV-VI/ARM-FREERTOS/Worshop/lpc_board_nxp_lpcxpresso_1549/inc" -I"/Users/DBY/Metro_SemesterV-VI/ARM-FREERTOS/Worshop/lpc_chip_15xx/inc" -I"/Users/DBY/Metro_SemesterV-VI/ARM-FREERTOS/Worshop/FreeRTOS/inc" -I"/Users/DBY/Metro_SemesterV-VI/ARM-FREERTOS/Worshop/FreeRTOS/src/include" -I"/Users/DBY/Metro_SemesterV-VI/ARM-FREERTOS/Worshop/FreeRTOS/src/portable/GCC/ARM_CM3" -O0 -fno-common -g3 -Wall -c -fmessage-length=0 -fno-builtin -ffunction-sections -fdata-sections -fno-rtti -fno-exceptions -fmerge-constants -fmacro-prefix-map="../src/"= -mcpu=cortex-m3 -mthumb -fstack-usage -MMD -MP -MF"src/cr_startup_lpc15xx.d" -MT"src/cr_startup_lpc15xx.o" -MT"src/cr_startup_lpc15xx.d" -o "src/cr_startup_lpc15xx.o" "../src/cr_startup_lpc15xx.cpp"
Invoking: MCU C++ Compiler
Invoking: MCU C Compiler
arm-none-eabi-c++ -std=c++11 -DDEBUG -D__CODE_RED -D__NEWLIB__ -DCORE_M3 -D__USE_LPCOPEN -DCPP_USE_HEAP -D__LPC15XX__ -I"/Users/DBY/Metro_SemesterV-VI/ARM-FREERTOS/Worshop/lpc_board_nxp_lpcxpresso_1549/inc" -I"/Users/DBY/Metro_SemesterV-VI/ARM-FREERTOS/Worshop/lpc_chip_15xx/inc" -I"/Users/DBY/Metro_SemesterV-VI/ARM-FREERTOS/Worshop/FreeRTOS/inc" -I"/Users/DBY/Metro_SemesterV-VI/ARM-FREERTOS/Worshop/FreeRTOS/src/include" -I"/Users/DBY/Metro_SemesterV-VI/ARM-FREERTOS/Worshop/FreeRTOS/src/portable/GCC/ARM_CM3" -O0 -fno-common -g3 -Wall -c -fmessage-length=0 -fno-builtin -ffunction-sections -fdata-sections -fno-rtti -fno-exceptions -fmerge-constants -fmacro-prefix-map="../src/"= -mcpu=cortex-m3 -mthumb -fstack-usage -MMD -MP -MF"src/cr_cpp_config.d" -MT"src/cr_cpp_config.o" -MT"src/cr_cpp_config.d" -o "src/cr_cpp_config.o" "../src/cr_cpp_config.cpp"
Invoking: MCU C Compiler
arm-none-eabi-gcc -std=c11 -DDEBUG -D__CODE_RED -D__NEWLIB__ -DCORE_M3 -D__USE_LPCOPEN -DCPP_USE_HEAP -D__LPC15XX__ -I"/Users/DBY/Metro_SemesterV-VI/ARM-FREERTOS/Worshop/lpc_board_nxp_lpcxpresso_1549/inc" -I"/Users/DBY/Metro_SemesterV-VI/ARM-FREERTOS/Worshop/lpc_chip_15xx/inc" -I"/Users/DBY/Metro_SemesterV-VI/ARM-FREERTOS/Worshop/FreeRTOS/inc" -I"/Users/DBY/Metro_SemesterV-VI/ARM-FREERTOS/Worshop/FreeRTOS/src/include" -I"/Users/DBY/Metro_SemesterV-VI/ARM-FREERTOS/Worshop/FreeRTOS/src/portable/GCC/ARM_CM3" -O0 -fno-common -g3 -Wall -c -fmessage-length=0 -fno-builtin -ffunction-sections -fdata-sections -fmerge-constants -fmacro-prefix-map="../src/"= -mcpu=cortex-m3 -mthumb -fstack-usage -MMD -MP -MF"src/crp.d" -MT"src/crp.o" -MT"src/crp.d" -o "src/crp.o" "../src/crp.c"
arm-none-eabi-gcc -std=c11 -DDEBUG -D__CODE_RED -D__NEWLIB__ -DCORE_M3 -D__USE_LPCOPEN -DCPP_USE_HEAP -D__LPC15XX__ -I"/Users/DBY/Metro_SemesterV-VI/ARM-FREERTOS/Worshop/lpc_board_nxp_lpcxpresso_1549/inc" -I"/Users/DBY/Metro_SemesterV-VI/ARM-FREERTOS/Worshop/lpc_chip_15xx/inc" -I"/Users/DBY/Metro_SemesterV-VI/ARM-FREERTOS/Worshop/FreeRTOS/inc" -I"/Users/DBY/Metro_SemesterV-VI/ARM-FREERTOS/Worshop/FreeRTOS/src/include" -I"/Users/DBY/Metro_SemesterV-VI/ARM-FREERTOS/Worshop/FreeRTOS/src/portable/GCC/ARM_CM3" -O0 -fno-common -g3 -Wall -c -fmessage-length=0 -fno-builtin -ffunction-sections -fdata-sections -fmerge-constants -fmacro-prefix-map="../src/"= -mcpu=cortex-m3 -mthumb -fstack-usage -MMD -MP -MF"src/heap_lock_monitor.d" -MT"src/heap_lock_monitor.o" -MT"src/heap_lock_monitor.d" -o "src/heap_lock_monitor.o" "../src/heap_lock_monitor.c"
Invoking: MCU C++ Compiler
arm-none-eabi-c++ -std=c++11 -DDEBUG -D__CODE_RED -D__NEWLIB__ -DCORE_M3 -D__USE_LPCOPEN -DCPP_USE_HEAP -D__LPC15XX__ -I"/Users/DBY/Metro_SemesterV-VI/ARM-FREERTOS/Worshop/lpc_board_nxp_lpcxpresso_1549/inc" -I"/Users/DBY/Metro_SemesterV-VI/ARM-FREERTOS/Worshop/lpc_chip_15xx/inc" -I"/Users/DBY/Metro_SemesterV-VI/ARM-FREERTOS/Worshop/FreeRTOS/inc" -I"/Users/DBY/Metro_SemesterV-VI/ARM-FREERTOS/Worshop/FreeRTOS/src/include" -I"/Users/DBY/Metro_SemesterV-VI/ARM-FREERTOS/Worshop/FreeRTOS/src/portable/GCC/ARM_CM3" -O0 -fno-common -g3 -Wall -c -fmessage-length=0 -fno-builtin -ffunction-sections -fdata-sections -fno-rtti -fno-exceptions -fmerge-constants -fmacro-prefix-map="../src/"= -mcpu=cortex-m3 -mthumb -fstack-usage -MMD -MP -MF"src/lab_01.d" -MT"src/lab_01.o" -MT"src/lab_01.d" -o "src/lab_01.o" "../src/lab_01.cpp"
Invoking: MCU C Compiler
arm-none-eabi-gcc -std=c11 -DDEBUG -D__CODE_RED -D__NEWLIB__ -DCORE_M3 -D__USE_LPCOPEN -DCPP_USE_HEAP -D__LPC15XX__ -I"/Users/DBY/Metro_SemesterV-VI/ARM-FREERTOS/Worshop/lpc_board_nxp_lpcxpresso_1549/inc" -I"/Users/DBY/Metro_SemesterV-VI/ARM-FREERTOS/Worshop/lpc_chip_15xx/inc" -I"/Users/DBY/Metro_SemesterV-VI/ARM-FREERTOS/Worshop/FreeRTOS/inc" -I"/Users/DBY/Metro_SemesterV-VI/ARM-FREERTOS/Worshop/FreeRTOS/src/include" -I"/Users/DBY/Metro_SemesterV-VI/ARM-FREERTOS/Worshop/FreeRTOS/src/portable/GCC/ARM_CM3" -O0 -fno-common -g3 -Wall -c -fmessage-length=0 -fno-builtin -ffunction-sections -fdata-sections -fmerge-constants -fmacro-prefix-map="../src/"= -mcpu=cortex-m3 -mthumb -fstack-usage -MMD -MP -MF"src/sysinit.d" -MT"src/sysinit.o" -MT"src/sysinit.d" -o "src/sysinit.o" "../src/sysinit.c"
Finished building: ../src/crp.c
 
Finished building: ../src/cr_startup_lpc15xx.cpp
Finished building: ../src/cr_cpp_config.cpp
 
 
Finished building: ../src/sysinit.c
 
Finished building: ../src/heap_lock_monitor.c
 
Finished building: ../src/lab_01.cpp
 
Building target: lab_01.axf
Invoking: MCU C++ Linker
arm-none-eabi-c++ -nostdlib -L"/Users/DBY/Metro_SemesterV-VI/ARM-FREERTOS/Worshop/lpc_board_nxp_lpcxpresso_1549/Debug" -L"/Users/DBY/Metro_SemesterV-VI/ARM-FREERTOS/Worshop/lpc_chip_15xx/Debug" -L"/Users/DBY/Metro_SemesterV-VI/ARM-FREERTOS/Worshop/FreeRTOS/Debug" -Xlinker -Map="lab_01.map" -Xlinker --cref -Xlinker --gc-sections -Xlinker -print-memory-usage -mcpu=cortex-m3 -mthumb -T "lab_01_Debug.ld" -o "lab_01.axf"  ./src/cr_cpp_config.o ./src/cr_startup_lpc15xx.o ./src/crp.o ./src/heap_lock_monitor.o ./src/lab_01.o ./src/sysinit.o   -llpc_board_nxp_lpcxpresso_1549 -llpc_chip_15xx -lFreeRTOS
Memory region         Used Size  Region Size  %age Used
       MFlash256:       40632 B       256 KB     15.50%
         Ram0_16:        2908 B        16 KB     17.75%
         Ram1_16:          0 GB        16 KB      0.00%
          Ram2_4:          0 GB         4 KB      0.00%
Finished building target: lab_01.axf
 
Performing post-build steps
arm-none-eabi-size "lab_01.axf"; # arm-none-eabi-objcopy -v -O binary "lab_01.axf" "lab_01.bin" ; # checksum -p LPC1549 -d "lab_01.bin";
   text	   data	    bss	    dec	    hex	filename
  38156	   2476	    432	  41064	   a068	lab_01.axf
 

23:51:15 Build Finished. 0 errors, 0 warnings. (took 549ms)

